<html>
<body>
<pre>
<h1>礦ision Build Log</h1>
<h2>Tool Versions:</h2>
IDE-Version: μVision V5.14.2
Copyright (C) 2015 ARM Ltd and ARM Germany GmbH. All rights reserved.
License Information: Cortex-M3, HP Inc., LIC=P6FZ9-409GL-JNAA8-344QA-33TTX-8DMUM
 
Tool Versions:
Toolchain:       MDK-ARM Professional  Version: 5.21a
Toolchain Path:  C:\Keil_v5\ARM\ARMCC\Bin
C Compiler:      Armcc.exe V5.06 update 3 (build 300)
Assembler:       Armasm.exe V5.06 update 3 (build 300)
Linker/Locator:  ArmLink.exe V5.06 update 3 (build 300)
Library Manager: ArmAr.exe V5.06 update 3 (build 300)
Hex Converter:   FromElf.exe V5.06 update 3 (build 300)
CPU DLL:         SARMCM3.DLL V5.21a
Dialog DLL:      DARMSTM.DLL V1.66.0.1
Target DLL:      STLink\ST-LINKIII-KEIL_SWO.dll V2.0.18.0
Dialog DLL:      TCM.DLL V1.14.14.0
 
<h2>Project:</h2>
C:\Users\86134\Desktop\接收机\USER\Template.uvprojx
Project File Date:  08/21/2023

<h2>Output:</h2>
*** Using Compiler 'V5.06 update 3 (build 300)', folder: 'C:\Keil_v5\ARM\ARMCC\Bin'
Build target 'Template'
compiling main.c...
..\SYSTEM\usart\string.h(22): warning:  #47-D: incompatible redefinition of macro "__ARMCLIB_VERSION" (declared at line 12 of "C:\Keil_v5\ARM\ARMCC\Bin\..\include\stdbool.h")
  #define __ARMCLIB_VERSION 5050106
main.c(141): warning:  #177-D: variable "dataPtr" was declared but never referenced
        unsigned char *dataPtr = NULL;
main.c(190): warning:  #177-D: variable "num_rx" was declared but never referenced
        uint16_t num_rx = 0;
main.c: 3 warnings, 0 errors
compiling onenet.c...
linking...
Program Size: Code=16780 RO-data=2900 RW-data=2396 ZI-data=1924  
FromELF: creating hex file...
"..\OBJ\Template.axf" - 0 Error(s), 3 Warning(s).

<h2>Collection of Component include folders:</h2>
  C:\Users\86134\Desktop\接收机\USER\RTE
  C:\Keil_v5\ARM\PACK\Keil\STM32F1xx_DFP\2.2.0\Device\Include

<h2>Collection of Component Files used:</h2>
</pre>
</body>
</html>
