Component: ARM Compiler 5.06 update 3 (build 300) Tool: armlink [4d35c9]

==============================================================================

Section Cross References

    main.o(i.McuInit) refers to delay.o(i.delay_init) for delay_init
    main.o(i.McuInit) refers to led.o(i.LED_Init) for LED_Init
    main.o(i.McuInit) refers to oled.o(i.OLED_Init) for OLED_Init
    main.o(i.McuInit) refers to oled.o(i.OLED_Clear) for OLED_Clear
    main.o(i.McuInit) refers to oled.o(i.OLED_ShowCHinese) for OLED_ShowCHinese
    main.o(i.RadioInit) refers to rf_task.o(i.RfSetup) for RfSetup
    main.o(i.RadioInit) refers to rf_task.o(i.Strobe) for Strobe
    main.o(i.Radio_Process) refers to _printf_percent.o(.ARM.Collect$$_printf_percent$$00000000) for _printf_percent
    main.o(i.Radio_Process) refers to _printf_d.o(.ARM.Collect$$_printf_percent$$00000009) for _printf_d
    main.o(i.Radio_Process) refers to _printf_dec.o(.text) for _printf_int_dec
    main.o(i.Radio_Process) refers to main.o(i.SE243L_PA_Enable) for SE243L_PA_Enable
    main.o(i.Radio_Process) refers to crc.o(i.RadioComputeCRC) for RadioComputeCRC
    main.o(i.Radio_Process) refers to rf_task.o(i.SendPacket) for SendPacket
    main.o(i.Radio_Process) refers to main.o(i.SE243L_SLEEP) for SE243L_SLEEP
    main.o(i.Radio_Process) refers to rf_task.o(i.Strobe) for Strobe
    main.o(i.Radio_Process) refers to delay.o(i.delay_ms) for delay_ms
    main.o(i.Radio_Process) refers to main.o(i.SE243L_LNA_Enable) for SE243L_LNA_Enable
    main.o(i.Radio_Process) refers to rf_task.o(i.ReceivePacket) for ReceivePacket
    main.o(i.Radio_Process) refers to oled.o(i.OLED_Clear) for OLED_Clear
    main.o(i.Radio_Process) refers to noretval__2sprintf.o(.text) for __2sprintf
    main.o(i.Radio_Process) refers to oled.o(i.OLED_ShowString) for OLED_ShowString
    main.o(i.Radio_Process) refers to main.o(.data) for RFstate
    main.o(i.Radio_Process) refers to gpio.o(.data) for rfIntRequest
    main.o(i.Radio_Process) refers to main.o(.bss) for TXBuffer
    main.o(i.SE243L_LNA_Enable) refers to stm32f10x_gpio.o(i.GPIO_WriteBit) for GPIO_WriteBit
    main.o(i.SE243L_PA_Enable) refers to stm32f10x_gpio.o(i.GPIO_WriteBit) for GPIO_WriteBit
    main.o(i.SE243L_SLEEP) refers to stm32f10x_gpio.o(i.GPIO_WriteBit) for GPIO_WriteBit
    main.o(i.main) refers to main.o(i.McuInit) for McuInit
    main.o(i.main) refers to gpio.o(i.RfInit) for RfInit
    main.o(i.main) refers to main.o(i.RadioInit) for RadioInit
    main.o(i.main) refers to gpio.o(i.RF_INT_EXTI_Init) for RF_INT_EXTI_Init
    main.o(i.main) refers to delay.o(i.delay_ms) for delay_ms
    main.o(i.main) refers to main.o(i.Radio_Process) for Radio_Process
    main.o(i.main) refers to main.o(.data) for EnableMaster
    system_stm32f10x.o(i.SetSysClock) refers to system_stm32f10x.o(i.SetSysClockTo72) for SetSysClockTo72
    system_stm32f10x.o(i.SystemCoreClockUpdate) refers to system_stm32f10x.o(.data) for SystemCoreClock
    system_stm32f10x.o(i.SystemInit) refers to system_stm32f10x.o(i.SetSysClock) for SetSysClock
    delay.o(i.delay_init) refers to misc.o(i.SysTick_CLKSourceConfig) for SysTick_CLKSourceConfig
    delay.o(i.delay_init) refers to system_stm32f10x.o(.data) for SystemCoreClock
    delay.o(i.delay_init) refers to delay.o(.data) for fac_us
    delay.o(i.delay_ms) refers to delay.o(.data) for fac_ms
    delay.o(i.delay_us) refers to delay.o(.data) for fac_us
    usart.o(i.USART1_IRQHandler) refers (Special) to use_no_semi_2.o(.text) for __use_no_semihosting
    usart.o(i.USART1_IRQHandler) refers to stm32f10x_usart.o(i.USART_GetITStatus) for USART_GetITStatus
    usart.o(i.USART1_IRQHandler) refers to stm32f10x_usart.o(i.USART_ReceiveData) for USART_ReceiveData
    usart.o(i.USART1_IRQHandler) refers to usart.o(.data) for USART_RX_STA
    usart.o(i.USART1_IRQHandler) refers to usart.o(.bss) for USART_RX_BUF
    usart.o(i._sys_exit) refers (Special) to use_no_semi_2.o(.text) for __use_no_semihosting
    usart.o(i.fputc) refers (Special) to use_no_semi_2.o(.text) for __use_no_semihosting
    usart.o(i.uart_init) refers (Special) to use_no_semi_2.o(.text) for __use_no_semihosting
    usart.o(i.uart_init) refers to stm32f10x_rcc.o(i.RCC_APB2PeriphClockCmd) for RCC_APB2PeriphClockCmd
    usart.o(i.uart_init) refers to stm32f10x_gpio.o(i.GPIO_Init) for GPIO_Init
    usart.o(i.uart_init) refers to misc.o(i.NVIC_Init) for NVIC_Init
    usart.o(i.uart_init) refers to stm32f10x_usart.o(i.USART_Init) for USART_Init
    usart.o(i.uart_init) refers to stm32f10x_usart.o(i.USART_ITConfig) for USART_ITConfig
    usart.o(i.uart_init) refers to stm32f10x_usart.o(i.USART_Cmd) for USART_Cmd
    usart.o(.bss) refers (Special) to use_no_semi_2.o(.text) for __use_no_semihosting
    usart.o(.data) refers (Special) to use_no_semi_2.o(.text) for __use_no_semihosting
    startup_stm32f10x_md.o(STACK) refers (Special) to heapauxi.o(.text) for __use_two_region_memory
[...]
    Removing stm32f10x_gpio.o(i.GPIO_AFIODeInit), (20 bytes).
    Removing stm32f10x_gpio.o(i.GPIO_DeInit), (200 bytes).
    Removing stm32f10x_gpio.o(i.GPIO_ETH_MediaInterfaceConfig), (12 bytes).
    Removing stm32f10x_gpio.o(i.GPIO_EventOutputCmd), (12 bytes).
    Removing stm32f10x_gpio.o(i.GPIO_EventOutputConfig), (32 bytes).
    Removing stm32f10x_gpio.o(i.GPIO_PinLockConfig), (18 bytes).
    Removing stm32f10x_gpio.o(i.GPIO_ReadInputData), (8 bytes).
    Removing stm32f10x_gpio.o(i.GPIO_ReadOutputData), (8 bytes).
    Removing stm32f10x_gpio.o(i.GPIO_ReadOutputDataBit), (18 bytes).
    Removing stm32f10x_gpio.o(i.GPIO_StructInit), (16 bytes).
    Removing stm32f10x_gpio.o(i.GPIO_Write), (4 bytes).
    Removing stm32f10x_i2c.o(i.I2C_ARPCmd), (24 bytes).
    Removing stm32f10x_i2c.o(i.I2C_AcknowledgeConfig), (24 bytes).
    Removing stm32f10x_i2c.o(i.I2C_CalculatePEC), (24 bytes).
    Removing stm32f10x_i2c.o(i.I2C_CheckEvent), (42 bytes).
    Removing stm32f10x_i2c.o(i.I2C_ClearFlag), (12 bytes).
    Removing stm32f10x_i2c.o(i.I2C_ClearITPendingBit), (12 bytes).
    Removing stm32f10x_i2c.o(i.I2C_Cmd), (24 bytes).
    Removing stm32f10x_i2c.o(i.I2C_DMACmd), (24 bytes).
    Removing stm32f10x_i2c.o(i.I2C_DMALastTransferCmd), (24 bytes).
    Removing stm32f10x_i2c.o(i.I2C_DeInit), (56 bytes).
    Removing stm32f10x_i2c.o(i.I2C_DualAddressCmd), (24 bytes).
    Removing stm32f10x_i2c.o(i.I2C_FastModeDutyCycleConfig), (28 bytes).
    Removing stm32f10x_i2c.o(i.I2C_GeneralCallCmd), (24 bytes).
    Removing stm32f10x_i2c.o(i.I2C_GenerateSTART), (24 bytes).
    Removing stm32f10x_i2c.o(i.I2C_GenerateSTOP), (24 bytes).
    Removing stm32f10x_i2c.o(i.I2C_GetFlagStatus), (58 bytes).
    Removing stm32f10x_i2c.o(i.I2C_GetITStatus), (38 bytes).
    Removing stm32f10x_i2c.o(i.I2C_GetLastEvent), (26 bytes).
    Removing stm32f10x_i2c.o(i.I2C_GetPEC), (8 bytes).
    Removing stm32f10x_i2c.o(i.I2C_ITConfig), (18 bytes).
    Removing stm32f10x_i2c.o(i.I2C_Init), (236 bytes).
    Removing stm32f10x_i2c.o(i.I2C_NACKPositionConfig), (28 bytes).
    Removing stm32f10x_i2c.o(i.I2C_OwnAddress2Config), (22 bytes).
    Removing stm32f10x_i2c.o(i.I2C_PECPositionConfig), (28 bytes).
    Removing stm32f10x_i2c.o(i.I2C_ReadRegister), (22 bytes).
    Removing stm32f10x_i2c.o(i.I2C_ReceiveData), (8 bytes).
    Removing stm32f10x_i2c.o(i.I2C_SMBusAlertConfig), (28 bytes).
    Removing stm32f10x_i2c.o(i.I2C_Send7bitAddress), (18 bytes).
    Removing stm32f10x_i2c.o(i.I2C_SendData), (4 bytes).
    Removing stm32f10x_i2c.o(i.I2C_SoftwareResetCmd), (22 bytes).
    Removing stm32f10x_i2c.o(i.I2C_StretchClockCmd), (24 bytes).
    Removing stm32f10x_i2c.o(i.I2C_StructInit), (30 bytes).
    Removing stm32f10x_i2c.o(i.I2C_TransmitPEC), (24 bytes).
    Removing stm32f10x_rcc.o(i.RCC_ADCCLKConfig), (24 bytes).
    Removing stm32f10x_rcc.o(i.RCC_AHBPeriphClockCmd), (32 bytes).
    Removing stm32f10x_rcc.o(i.RCC_APB1PeriphClockCmd), (32 bytes).
    Removing stm32f10x_rcc.o(i.RCC_APB1PeriphResetCmd), (32 bytes).
    Removing stm32f10x_rcc.o(i.RCC_APB2PeriphResetCmd), (32 bytes).
    Removing stm32f10x_rcc.o(i.RCC_AdjustHSICalibrationValue), (24 bytes).
    Removing stm32f10x_rcc.o(i.RCC_BackupResetCmd), (12 bytes).
    Removing stm32f10x_rcc.o(i.RCC_ClearFlag), (20 bytes).
    Removing stm32f10x_rcc.o(i.RCC_ClearITPendingBit), (12 bytes).
    Removing stm32f10x_rcc.o(i.RCC_ClockSecuritySystemCmd), (12 bytes).
    Removing stm32f10x_rcc.o(i.RCC_DeInit), (76 bytes).
    Removing stm32f10x_rcc.o(i.RCC_GetClocksFreq), (212 bytes).
    Removing stm32f10x_rcc.o(i.RCC_GetFlagStatus), (60 bytes).
    Removing stm32f10x_rcc.o(i.RCC_GetITStatus), (24 bytes).
    Removing stm32f10x_rcc.o(i.RCC_GetSYSCLKSource), (16 bytes).
    Removing stm32f10x_rcc.o(i.RCC_HCLKConfig), (24 bytes).
    Removing stm32f10x_rcc.o(i.RCC_HSEConfig), (76 bytes).
    Removing stm32f10x_rcc.o(i.RCC_HSICmd), (12 bytes).
    Removing stm32f10x_rcc.o(i.RCC_ITConfig), (32 bytes).
    Removing stm32f10x_rcc.o(i.RCC_LSEConfig), (52 bytes).
    Removing stm32f10x_rcc.o(i.RCC_LSICmd), (12 bytes).
    Removing stm32f10x_rcc.o(i.RCC_MCOConfig), (12 bytes).
    Removing stm32f10x_rcc.o(i.RCC_PCLK1Config), (24 bytes).
    Removing stm32f10x_rcc.o(i.RCC_PCLK2Config), (24 bytes).
    Removing stm32f10x_rcc.o(i.RCC_PLLCmd), (12 bytes).
    Removing stm32f10x_rcc.o(i.RCC_PLLConfig), (28 bytes).
    Removing stm32f10x_rcc.o(i.RCC_RTCCLKCmd), (12 bytes).
    Removing stm32f10x_rcc.o(i.RCC_RTCCLKConfig), (16 bytes).
    Removing stm32f10x_rcc.o(i.RCC_SYSCLKConfig), (24 bytes).
    Removing stm32f10x_rcc.o(i.RCC_USBCLKConfig), (12 bytes).
    Removing stm32f10x_rcc.o(i.RCC_WaitForHSEStartUp), (56 bytes).
    Removing stm32f10x_rcc.o(.data), (20 bytes).
    Removing stm32f10x_rtc.o(i.RTC_ClearFlag), (16 bytes).
    Removing stm32f10x_rtc.o(i.RTC_ClearITPendingBit), (16 bytes).
    Removing stm32f10x_rtc.o(i.RTC_EnterConfigMode), (20 bytes).
    Removing stm32f10x_rtc.o(i.RTC_ExitConfigMode), (20 bytes).
    Removing stm32f10x_rtc.o(i.RTC_GetCounter), (20 bytes).
    Removing stm32f10x_rtc.o(i.RTC_GetDivider), (24 bytes).
    Removing stm32f10x_rtc.o(i.RTC_GetFlagStatus), (24 bytes).
    Removing stm32f10x_rtc.o(i.RTC_GetITStatus), (36 bytes).
    Removing stm32f10x_rtc.o(i.RTC_ITConfig), (32 bytes).
    Removing stm32f10x_rtc.o(i.RTC_SetAlarm), (28 bytes).
    Removing stm32f10x_rtc.o(i.RTC_SetCounter), (28 bytes).
    Removing stm32f10x_rtc.o(i.RTC_SetPrescaler), (32 bytes).
    Removing stm32f10x_rtc.o(i.RTC_WaitForLastTask), (20 bytes).
    Removing stm32f10x_rtc.o(i.RTC_WaitForSynchro), (36 bytes).
    Removing stm32f10x_sdio.o(i.SDIO_CEATAITCmd), (16 bytes).
    Removing stm32f10x_sdio.o(i.SDIO_ClearFlag), (12 bytes).
    Removing stm32f10x_sdio.o(i.SDIO_ClearITPendingBit), (12 bytes).
    Removing stm32f10x_sdio.o(i.SDIO_ClockCmd), (12 bytes).
    Removing stm32f10x_sdio.o(i.SDIO_CmdStructInit), (14 bytes).
    Removing stm32f10x_sdio.o(i.SDIO_CommandCompletionCmd), (12 bytes).
    Removing stm32f10x_sdio.o(i.SDIO_DMACmd), (12 bytes).
    Removing stm32f10x_sdio.o(i.SDIO_DataConfig), (48 bytes).
    Removing stm32f10x_sdio.o(i.SDIO_DataStructInit), (20 bytes).
    Removing stm32f10x_sdio.o(i.SDIO_DeInit), (36 bytes).
    Removing stm32f10x_sdio.o(i.SDIO_GetCommandResponse), (12 bytes).
    Removing stm32f10x_sdio.o(i.SDIO_GetDataCounter), (12 bytes).
    Removing stm32f10x_sdio.o(i.SDIO_GetFIFOCount), (12 bytes).
    Removing stm32f10x_sdio.o(i.SDIO_GetFlagStatus), (24 bytes).
    Removing stm32f10x_sdio.o(i.SDIO_GetITStatus), (24 bytes).
    Removing stm32f10x_sdio.o(i.SDIO_GetPowerState), (16 bytes).
    Removing stm32f10x_sdio.o(i.SDIO_GetResponse), (24 bytes).
    Removing stm32f10x_sdio.o(i.SDIO_ITConfig), (32 bytes).
    Removing stm32f10x_sdio.o(i.SDIO_Init), (48 bytes).
    Removing stm32f10x_sdio.o(i.SDIO_ReadData), (12 bytes).
    Removing stm32f10x_sdio.o(i.SDIO_SendCEATACmd), (12 bytes).
    Removing stm32f10x_sdio.o(i.SDIO_SendCommand), (44 bytes).
    Removing stm32f10x_sdio.o(i.SDIO_SendSDIOSuspendCmd), (12 bytes).
    Removing stm32f10x_sdio.o(i.SDIO_SetPowerState), (28 bytes).
    Removing stm32f10x_sdio.o(i.SDIO_SetSDIOOperation), (12 bytes).
    Removing stm32f10x_sdio.o(i.SDIO_SetSDIOReadWaitMode), (12 bytes).
    Removing stm32f10x_sdio.o(i.SDIO_StartSDIOReadWait), (12 bytes).
    Removing stm32f10x_sdio.o(i.SDIO_StopSDIOReadWait), (12 bytes).
    Removing stm32f10x_sdio.o(i.SDIO_StructInit), (16 bytes).
    Removing stm32f10x_sdio.o(i.SDIO_WriteData), (12 bytes).
    Removing stm32f10x_spi.o(i.I2S_Cmd), (24 bytes).
    Removing stm32f10x_spi.o(i.I2S_Init), (232 bytes).
    Removing stm32f10x_spi.o(i.I2S_StructInit), (20 bytes).
    Removing stm32f10x_spi.o(i.SPI_BiDirectionalLineConfig), (28 bytes).
    Removing stm32f10x_spi.o(i.SPI_CalculateCRC), (24 bytes).
    Removing stm32f10x_spi.o(i.SPI_Cmd), (24 bytes).
    Removing stm32f10x_spi.o(i.SPI_DataSizeConfig), (18 bytes).
    Removing stm32f10x_spi.o(i.SPI_GetCRC), (16 bytes).
    Removing stm32f10x_spi.o(i.SPI_GetCRCPolynomial), (6 bytes).
    Removing stm32f10x_spi.o(i.SPI_I2S_ClearFlag), (6 bytes).
    Removing stm32f10x_spi.o(i.SPI_I2S_ClearITPendingBit), (20 bytes).
    Removing stm32f10x_spi.o(i.SPI_I2S_DMACmd), (18 bytes).
    Removing stm32f10x_spi.o(i.SPI_I2S_DeInit), (88 bytes).
    Removing stm32f10x_spi.o(i.SPI_I2S_GetFlagStatus), (18 bytes).
    Removing stm32f10x_spi.o(i.SPI_I2S_GetITStatus), (52 bytes).
    Removing stm32f10x_spi.o(i.SPI_I2S_ITConfig), (32 bytes).
    Removing stm32f10x_spi.o(i.SPI_I2S_ReceiveData), (6 bytes).
    Removing stm32f10x_spi.o(i.SPI_I2S_SendData), (4 bytes).
    Removing stm32f10x_spi.o(i.SPI_Init), (60 bytes).
    Removing stm32f10x_spi.o(i.SPI_NSSInternalSoftwareConfig), (30 bytes).
    Removing stm32f10x_spi.o(i.SPI_SSOutputCmd), (24 bytes).
    Removing stm32f10x_spi.o(i.SPI_StructInit), (24 bytes).
    Removing stm32f10x_spi.o(i.SPI_TransmitCRC), (10 bytes).
    Removing stm32f10x_tim.o(i.TI1_Config), (128 bytes).
    Removing stm32f10x_tim.o(i.TI2_Config), (152 bytes).
    Removing stm32f10x_tim.o(i.TI3_Config), (144 bytes).
    Removing stm32f10x_tim.o(i.TI4_Config), (152 bytes).
    Removing stm32f10x_tim.o(i.TIM_ARRPreloadConfig), (24 bytes).
    Removing stm32f10x_tim.o(i.TIM_BDTRConfig), (32 bytes).
    Removing stm32f10x_tim.o(i.TIM_BDTRStructInit), (18 bytes).
    Removing stm32f10x_tim.o(i.TIM_CCPreloadControl), (24 bytes).
    Removing stm32f10x_tim.o(i.TIM_CCxCmd), (30 bytes).
    Removing stm32f10x_tim.o(i.TIM_CCxNCmd), (30 bytes).
    Removing stm32f10x_tim.o(i.TIM_ClearFlag), (6 bytes).
    Removing stm32f10x_tim.o(i.TIM_ClearITPendingBit), (6 bytes).
    Removing stm32f10x_tim.o(i.TIM_ClearOC1Ref), (18 bytes).
    Removing stm32f10x_tim.o(i.TIM_ClearOC2Ref), (24 bytes).
    Removing stm32f10x_tim.o(i.TIM_ClearOC3Ref), (18 bytes).
    Removing stm32f10x_tim.o(i.TIM_ClearOC4Ref), (24 bytes).
    Removing stm32f10x_tim.o(i.TIM_Cmd), (24 bytes).
    Removing stm32f10x_tim.o(i.TIM_CounterModeConfig), (18 bytes).
    Removing stm32f10x_tim.o(i.TIM_CtrlPWMOutputs), (30 bytes).
    Removing stm32f10x_tim.o(i.TIM_DMACmd), (18 bytes).
    Removing stm32f10x_tim.o(i.TIM_DMAConfig), (10 bytes).
    Removing stm32f10x_tim.o(i.TIM_DeInit), (488 bytes).
    Removing stm32f10x_tim.o(i.TIM_ETRClockMode1Config), (54 bytes).
    Removing stm32f10x_tim.o(i.TIM_ETRClockMode2Config), (32 bytes).
    Removing stm32f10x_tim.o(i.TIM_ETRConfig), (28 bytes).
    Removing stm32f10x_tim.o(i.TIM_EncoderInterfaceConfig), (66 bytes).
    Removing stm32f10x_tim.o(i.TIM_ForcedOC1Config), (18 bytes).
    Removing stm32f10x_tim.o(i.TIM_ForcedOC2Config), (26 bytes).
    Removing stm32f10x_tim.o(i.TIM_ForcedOC3Config), (18 bytes).
    Removing stm32f10x_tim.o(i.TIM_ForcedOC4Config), (26 bytes).
    Removing stm32f10x_tim.o(i.TIM_GenerateEvent), (4 bytes).
    Removing stm32f10x_tim.o(i.TIM_GetCapture1), (6 bytes).
    Removing stm32f10x_tim.o(i.TIM_GetCapture2), (6 bytes).
    Removing stm32f10x_tim.o(i.TIM_GetCapture3), (6 bytes).
    Removing stm32f10x_tim.o(i.TIM_GetCapture4), (8 bytes).
    Removing stm32f10x_tim.o(i.TIM_GetCounter), (6 bytes).
    Removing stm32f10x_tim.o(i.TIM_GetFlagStatus), (18 bytes).
    Removing stm32f10x_tim.o(i.TIM_GetITStatus), (34 bytes).
    Removing stm32f10x_tim.o(i.TIM_GetPrescaler), (6 bytes).
    Removing stm32f10x_tim.o(i.TIM_ICInit), (172 bytes).
    Removing stm32f10x_tim.o(i.TIM_ICStructInit), (18 bytes).
    Removing stm32f10x_tim.o(i.TIM_ITConfig), (18 bytes).
    Removing stm32f10x_tim.o(i.TIM_ITRxExternalClockConfig), (24 bytes).
    Removing stm32f10x_tim.o(i.TIM_InternalClockConfig), (12 bytes).
    Removing stm32f10x_tim.o(i.TIM_OC1FastConfig), (18 bytes).
    Removing stm32f10x_tim.o(i.TIM_OC1Init), (152 bytes).
    Removing stm32f10x_tim.o(i.TIM_OC1NPolarityConfig), (18 bytes).
    Removing stm32f10x_tim.o(i.TIM_OC1PolarityConfig), (18 bytes).
    Removing stm32f10x_tim.o(i.TIM_OC1PreloadConfig), (18 bytes).
    Removing stm32f10x_tim.o(i.TIM_OC2FastConfig), (26 bytes).
    Removing stm32f10x_tim.o(i.TIM_OC2Init), (164 bytes).
    Removing stm32f10x_tim.o(i.TIM_OC2NPolarityConfig), (26 bytes).
    Removing stm32f10x_tim.o(i.TIM_OC2PolarityConfig), (26 bytes).
    Removing stm32f10x_tim.o(i.TIM_OC2PreloadConfig), (26 bytes).
    Removing stm32f10x_tim.o(i.TIM_OC3FastConfig), (18 bytes).
    Removing stm32f10x_tim.o(i.TIM_OC3Init), (160 bytes).
    Removing stm32f10x_tim.o(i.TIM_OC3NPolarityConfig), (26 bytes).
    Removing stm32f10x_tim.o(i.TIM_OC3PolarityConfig), (26 bytes).
    Removing stm32f10x_tim.o(i.TIM_OC3PreloadConfig), (18 bytes).
    Removing stm32f10x_tim.o(i.TIM_OC4FastConfig), (26 bytes).
    Removing stm32f10x_tim.o(i.TIM_OC4Init), (124 bytes).
    Removing stm32f10x_tim.o(i.TIM_OC4PolarityConfig), (26 bytes).
    Removing stm32f10x_tim.o(i.TIM_OC4PreloadConfig), (26 bytes).
    Removing stm32f10x_tim.o(i.TIM_OCStructInit), (20 bytes).
    Removing stm32f10x_tim.o(i.TIM_PWMIConfig), (124 bytes).
    Removing stm32f10x_tim.o(i.TIM_PrescalerConfig), (6 bytes).
    Removing stm32f10x_tim.o(i.TIM_SelectCCDMA), (24 bytes).
    Removing stm32f10x_tim.o(i.TIM_SelectCOM), (24 bytes).
    Removing stm32f10x_tim.o(i.TIM_SelectHallSensor), (24 bytes).
    Removing stm32f10x_tim.o(i.TIM_SelectInputTrigger), (18 bytes).
    Removing stm32f10x_tim.o(i.TIM_SelectMasterSlaveMode), (18 bytes).
    Removing stm32f10x_tim.o(i.TIM_SelectOCxM), (82 bytes).
    Removing stm32f10x_tim.o(i.TIM_SelectOnePulseMode), (18 bytes).
    Removing stm32f10x_tim.o(i.TIM_SelectOutputTrigger), (18 bytes).
    Removing stm32f10x_tim.o(i.TIM_SelectSlaveMode), (18 bytes).
    Removing stm32f10x_tim.o(i.TIM_SetAutoreload), (4 bytes).
    Removing stm32f10x_tim.o(i.TIM_SetClockDivision), (18 bytes).
    Removing stm32f10x_tim.o(i.TIM_SetCompare1), (4 bytes).
    Removing stm32f10x_tim.o(i.TIM_SetCompare2), (4 bytes).
    Removing stm32f10x_tim.o(i.TIM_SetCompare3), (4 bytes).
    Removing stm32f10x_tim.o(i.TIM_SetCompare4), (6 bytes).
    Removing stm32f10x_tim.o(i.TIM_SetCounter), (4 bytes).
    Removing stm32f10x_tim.o(i.TIM_SetIC1Prescaler), (18 bytes).
    Removing stm32f10x_tim.o(i.TIM_SetIC2Prescaler), (26 bytes).
    Removing stm32f10x_tim.o(i.TIM_SetIC3Prescaler), (18 bytes).
    Removing stm32f10x_tim.o(i.TIM_SetIC4Prescaler), (26 bytes).
    Removing stm32f10x_tim.o(i.TIM_TIxExternalClockConfig), (62 bytes).
    Removing stm32f10x_tim.o(i.TIM_TimeBaseInit), (164 bytes).
    Removing stm32f10x_tim.o(i.TIM_TimeBaseStructInit), (18 bytes).
    Removing stm32f10x_tim.o(i.TIM_UpdateDisableConfig), (24 bytes).
    Removing stm32f10x_tim.o(i.TIM_UpdateRequestConfig), (24 bytes).
    Removing stm32f10x_usart.o(i.USART_ClearFlag), (18 bytes).
    Removing stm32f10x_usart.o(i.USART_ClearITPendingBit), (30 bytes).
    Removing stm32f10x_usart.o(i.USART_ClockInit), (34 bytes).
    Removing stm32f10x_usart.o(i.USART_ClockStructInit), (12 bytes).
    Removing stm32f10x_usart.o(i.USART_Cmd), (24 bytes).
    Removing stm32f10x_usart.o(i.USART_DMACmd), (18 bytes).
    Removing stm32f10x_usart.o(i.USART_DeInit), (156 bytes).
    Removing stm32f10x_usart.o(i.USART_GetFlagStatus), (26 bytes).
    Removing stm32f10x_usart.o(i.USART_HalfDuplexCmd), (24 bytes).
    Removing stm32f10x_usart.o(i.USART_ITConfig), (74 bytes).
    Removing stm32f10x_usart.o(i.USART_Init), (216 bytes).
    Removing stm32f10x_usart.o(i.USART_IrDACmd), (24 bytes).
    Removing stm32f10x_usart.o(i.USART_IrDAConfig), (18 bytes).
    Removing stm32f10x_usart.o(i.USART_LINBreakDetectLengthConfig), (18 bytes).
    Removing stm32f10x_usart.o(i.USART_LINCmd), (24 bytes).
    Removing stm32f10x_usart.o(i.USART_OneBitMethodCmd), (24 bytes).
    Removing stm32f10x_usart.o(i.USART_OverSampling8Cmd), (22 bytes).
    Removing stm32f10x_usart.o(i.USART_ReceiverWakeUpCmd), (24 bytes).
    Removing stm32f10x_usart.o(i.USART_SendBreak), (10 bytes).
    Removing stm32f10x_usart.o(i.USART_SendData), (8 bytes).
    Removing stm32f10x_usart.o(i.USART_SetAddress), (18 bytes).
    Removing stm32f10x_usart.o(i.USART_SetGuardTime), (16 bytes).
    Removing stm32f10x_usart.o(i.USART_SetPrescaler), (16 bytes).
    Removing stm32f10x_usart.o(i.USART_SmartCardCmd), (24 bytes).
    Removing stm32f10x_usart.o(i.USART_SmartCardNACKCmd), (24 bytes).
    Removing stm32f10x_usart.o(i.USART_StructInit), (24 bytes).
    Removing stm32f10x_usart.o(i.USART_WakeUpConfig), (18 bytes).
    Removing stm32f10x_dac.o(i.DAC_Cmd), (40 bytes).
    Removing stm32f10x_dac.o(i.DAC_DMACmd), (44 bytes).
    Removing stm32f10x_dac.o(i.DAC_DeInit), (22 bytes).
    Removing stm32f10x_dac.o(i.DAC_DualSoftwareTriggerCmd), (36 bytes).
    Removing stm32f10x_dac.o(i.DAC_GetDataOutputValue), (36 bytes).
    Removing stm32f10x_dac.o(i.DAC_Init), (52 bytes).
    Removing stm32f10x_dac.o(i.DAC_SetChannel1Data), (32 bytes).
    Removing stm32f10x_dac.o(i.DAC_SetChannel2Data), (32 bytes).
    Removing stm32f10x_dac.o(i.DAC_SetDualChannelData), (36 bytes).
    Removing stm32f10x_dac.o(i.DAC_SoftwareTriggerCmd), (44 bytes).
    Removing stm32f10x_dac.o(i.DAC_StructInit), (12 bytes).
    Removing stm32f10x_dac.o(i.DAC_WaveGenerationCmd), (40 bytes).
    Removing stm32f10x_adc.o(i.ADC_AnalogWatchdogCmd), (20 bytes).
    Removing stm32f10x_adc.o(i.ADC_AnalogWatchdogSingleChannelConfig), (16 bytes).
    Removing stm32f10x_adc.o(i.ADC_AnalogWatchdogThresholdsConfig), (6 bytes).
    Removing stm32f10x_adc.o(i.ADC_AutoInjectedConvCmd), (22 bytes).
    Removing stm32f10x_adc.o(i.ADC_ClearFlag), (6 bytes).
    Removing stm32f10x_adc.o(i.ADC_ClearITPendingBit), (10 bytes).
    Removing stm32f10x_adc.o(i.ADC_Cmd), (22 bytes).
    Removing stm32f10x_adc.o(i.ADC_DMACmd), (22 bytes).
    Removing stm32f10x_adc.o(i.ADC_DeInit), (92 bytes).
    Removing stm32f10x_adc.o(i.ADC_DiscModeChannelCountConfig), (24 bytes).
    Removing stm32f10x_adc.o(i.ADC_DiscModeCmd), (22 bytes).
    Removing stm32f10x_adc.o(i.ADC_ExternalTrigConvCmd), (22 bytes).
    Removing stm32f10x_adc.o(i.ADC_ExternalTrigInjectedConvCmd), (22 bytes).
    Removing stm32f10x_adc.o(i.ADC_ExternalTrigInjectedConvConfig), (16 bytes).
    Removing stm32f10x_adc.o(i.ADC_GetCalibrationStatus), (20 bytes).
    Removing stm32f10x_adc.o(i.ADC_GetConversionValue), (8 bytes).
    Removing stm32f10x_adc.o(i.ADC_GetDualModeConversionValue), (12 bytes).
    Removing stm32f10x_adc.o(i.ADC_GetFlagStatus), (18 bytes).
    Removing stm32f10x_adc.o(i.ADC_GetITStatus), (36 bytes).
    Removing stm32f10x_adc.o(i.ADC_GetInjectedConversionValue), (28 bytes).
    Removing stm32f10x_adc.o(i.ADC_GetResetCalibrationStatus), (20 bytes).
    Removing stm32f10x_adc.o(i.ADC_GetSoftwareStartConvStatus), (20 bytes).
    Removing stm32f10x_adc.o(i.ADC_GetSoftwareStartInjectedConvCmdStatus), (20 bytes).
    Removing stm32f10x_adc.o(i.ADC_ITConfig), (24 bytes).
    Removing stm32f10x_adc.o(i.ADC_Init), (80 bytes).
    Removing stm32f10x_adc.o(i.ADC_InjectedChannelConfig), (130 bytes).
    Removing stm32f10x_adc.o(i.ADC_InjectedDiscModeCmd), (22 bytes).
    Removing stm32f10x_adc.o(i.ADC_InjectedSequencerLengthConfig), (24 bytes).
    Removing stm32f10x_adc.o(i.ADC_RegularChannelConfig), (184 bytes).
    Removing stm32f10x_adc.o(i.ADC_ResetCalibration), (10 bytes).
    Removing stm32f10x_adc.o(i.ADC_SetInjectedOffset), (20 bytes).
    Removing stm32f10x_adc.o(i.ADC_SoftwareStartConvCmd), (22 bytes).
    Removing stm32f10x_adc.o(i.ADC_SoftwareStartInjectedConvCmd), (22 bytes).
    Removing stm32f10x_adc.o(i.ADC_StartCalibration), (10 bytes).
    Removing stm32f10x_adc.o(i.ADC_StructInit), (18 bytes).
    Removing stm32f10x_adc.o(i.ADC_TempSensorVrefintCmd), (36 bytes).
    Removing delay_1.o(i.Delay_Ms), (30 bytes).
    Removing delay_1.o(i.Delay_Us), (28 bytes).
    Removing oled.o(i.Delay_1ms), (26 bytes).
    Removing oled.o(i.Delay_50ms), (22 bytes).
    Removing oled.o(i.OLED_Display_Off), (28 bytes).
    Removing oled.o(i.OLED_Display_On), (28 bytes).
    Removing oled.o(i.OLED_DrawBMP), (118 bytes).
    Removing oled.o(i.OLED_Float), (448 bytes).
    Removing oled.o(i.OLED_Float2), (360 bytes).
    Removing oled.o(i.OLED_Num2), (156 bytes).
    Removing oled.o(i.OLED_Num3), (200 bytes).
    Removing oled.o(i.OLED_Num4), (134 bytes).
    Removing oled.o(i.OLED_Num5), (152 bytes).
    Removing oled.o(i.OLED_Num_write), (68 bytes).
    Removing oled.o(i.OLED_On), (62 bytes).
    Removing oled.o(i.OLED_ShowNumber), (136 bytes).
    Removing oled.o(i.OLED_fuhao_write), (64 bytes).
    Removing oled.o(i.fill_picture), (64 bytes).
    Removing oled.o(i.oled_pow), (22 bytes).
    Removing adc.o(i.ADC_Channel_Value), (268 bytes).
    Removing adc.o(i.Adc1_Channe_Init), (136 bytes).
    Removing adc.o(i.get_Adc_Value), (52 bytes).
    Removing adc.o(.bss), (48 bytes).
    Removing adc.o(.data), (8 bytes).

398 unused section(s) (total 16142 bytes) removed from the image.

==============================================================================

Image Symbol Table

    Local Symbols

    Symbol Name                              Value     Ov Type        Size  Object(Section)

    ../clib/angel/boardlib.s                 0x00000000   Number         0  boardinit3.o ABSOLUTE
    ../clib/angel/boardlib.s                 0x00000000   Number         0  boardshut.o ABSOLUTE
    ../clib/angel/boardlib.s                 0x00000000   Number         0  boardinit2.o ABSOLUTE
    ../clib/angel/boardlib.s                 0x00000000   Number         0  boardinit1.o ABSOLUTE
    ../clib/angel/dclz77c.s                  0x00000000   Number         0  __dclz77c.o ABSOLUTE
    ../clib/angel/handlers.s                 0x00000000   Number         0  __scatter_zi.o ABSOLUTE
    ../clib/angel/kernel.s                   0x00000000   Number         0  rtexit2.o ABSOLUTE
    ../clib/angel/kernel.s                   0x00000000   Number         0  rtexit.o ABSOLUTE
    ../clib/angel/kernel.s                   0x00000000   Number         0  __rtentry2.o ABSOLUTE
    ../clib/angel/kernel.s                   0x00000000   Number         0  __rtentry4.o ABSOLUTE
    ../clib/angel/kernel.s                   0x00000000   Number         0  __rtentry.o ABSOLUTE
    ../clib/angel/rt.s                       0x00000000   Number         0  rt_raise.o ABSOLUTE
    ../clib/angel/scatter.s                  0x00000000   Number         0  __scatter.o ABSOLUTE
    ../clib/angel/startup.s                  0x00000000   Number         0  __main.o ABSOLUTE
    ../clib/angel/sys.s                      0x00000000   Number         0  libspace.o ABSOLUTE
    ../clib/angel/sys.s                      0x00000000   Number         0  indicate_semi.o ABSOLUTE
    ../clib/angel/sys.s                      0x00000000   Number         0  use_no_semi_2.o ABSOLUTE
    ../clib/angel/sys.s                      0x00000000   Number         0  sys_stackheap_outer.o ABSOLUTE
    ../clib/angel/sys.s                      0x00000000   Number         0  use_no_semi.o ABSOLUTE
    ../clib/angel/sysapp.c                   0x00000000   Number         0  sys_command.o ABSOLUTE
    ../clib/angel/sysapp.c                   0x00000000   Number         0  sys_wrch.o ABSOLUTE
    ../clib/armsys.c                         0x00000000   Number         0  no_argv.o ABSOLUTE
    ../clib/armsys.c                         0x00000000   Number         0  argv_veneer.o ABSOLUTE
    ../clib/armsys.c                         0x00000000   Number         0  argv_veneer.o ABSOLUTE
    ../clib/armsys.c                         0x00000000   Number         0  _get_argv_nomalloc.o ABSOLUTE
    ../clib/heapalloc.c                      0x00000000   Number         0  hrguard.o ABSOLUTE
    ../clib/heapaux.c                        0x00000000   Number         0  heapauxi.o ABSOLUTE
    ../clib/libinit.s                        0x00000000   Number         0  libinit2.o ABSOLUTE
    ../clib/libinit.s                        0x00000000   Number         0  libshutdown2.o ABSOLUTE
    ../clib/libinit.s                        0x00000000   Number         0  libshutdown.o ABSOLUTE
    ../clib/libinit.s                        0x00000000   Number         0  libinit.o ABSOLUTE
    ../clib/printf.c                         0x00000000   Number         0  __printf_ss.o ABSOLUTE
    ../clib/printf.c                         0x00000000   Number         0  __printf_flags_ss.o ABSOLUTE
    ../clib/printf.c                         0x00000000   Number         0  __printf_nopercent.o ABSOLUTE
    ../clib/printf.c                         0x00000000   Number         0  __printf_wp.o ABSOLUTE
    ../clib/printf.c                         0x00000000   Number         0  _sputc.o ABSOLUTE
    ../clib/printf.c                         0x00000000   Number         0  _printf_char_common.o ABSOLUTE
    ../clib/printf.c                         0x00000000   Number         0  __printf_ss_wp.o ABSOLUTE
    ../clib/printf.c                         0x00000000   Number         0  __printf_flags_ss_wp.o ABSOLUTE
    ../clib/printf.c                         0x00000000   Number         0  _printf_dec.o ABSOLUTE
    ../clib/printf.c                         0x00000000   Number         0  __printf_flags_wp.o ABSOLUTE
    ../clib/printf.c                         0x00000000   Number         0  __2sprintf.o ABSOLUTE
    ../clib/printf.c                         0x00000000   Number         0  _printf_intcommon.o ABSOLUTE
    ../clib/printf.c                         0x00000000   Number         0  __printf_flags.o ABSOLUTE
    ../clib/printf.c                         0x00000000   Number         0  noretval__2sprintf.o ABSOLUTE
    ../clib/printf.c                         0x00000000   Number         0  __printf.o ABSOLUTE
    ../clib/printf_percent.s                 0x00000000   Number         0  _printf_percent_end.o ABSOLUTE
    ../clib/printf_percent.s                 0x00000000   Number         0  _printf_d.o ABSOLUTE
    ../clib/printf_percent.s                 0x00000000   Number         0  _printf_percent.o ABSOLUTE
    ../clib/signal.c                         0x00000000   Number         0  defsig_stak_inner.o ABSOLUTE
    ../clib/signal.c                         0x00000000   Number         0  defsig_rtred_inner.o ABSOLUTE
    ../clib/signal.c                         0x00000000   Number         0  defsig_fpe_inner.o ABSOLUTE
    ../clib/signal.c                         0x00000000   Number         0  defsig_abrt_inner.o ABSOLUTE
    ../clib/signal.c                         0x00000000   Number         0  __raise.o ABSOLUTE
    ../clib/signal.c                         0x00000000   Number         0  defsig_rtmem_inner.o ABSOLUTE
    ../clib/signal.c                         0x00000000   Number         0  defsig_exit.o ABSOLUTE
    ../clib/signal.c                         0x00000000   Number         0  defsig_rtmem_formal.o ABSOLUTE
    ../clib/signal.c                         0x00000000   Number         0  defsig_general.o ABSOLUTE
    ../clib/signal.c                         0x00000000   Number         0  defsig_rtmem_outer.o ABSOLUTE
    ../clib/signal.c                         0x00000000   Number         0  defsig_segv_inner.o ABSOLUTE
    ../clib/signal.c                         0x00000000   Number         0  defsig_other.o ABSOLUTE
    ../clib/signal.c                         0x00000000   Number         0  defsig_cppl_inner.o ABSOLUTE
    ../clib/signal.c                         0x00000000   Number         0  defsig_pvfn_inner.o ABSOLUTE
    ../clib/signal.s                         0x00000000   Number         0  defsig.o ABSOLUTE
    ../clib/stdlib.c                         0x00000000   Number         0  exit.o ABSOLUTE
    ../fplib/daddsub.s                       0x00000000   Number         0  daddsub_clz.o ABSOLUTE
    ../fplib/dcmpi.s                         0x00000000   Number         0  dcmpi.o ABSOLUTE
    ../fplib/dfix.s                          0x00000000   Number         0  dfix.o ABSOLUTE
    ../fplib/dfixu.s                         0x00000000   Number         0  dfixu.o ABSOLUTE
    ../fplib/dflt.s                          0x00000000   Number         0  dflt_clz.o ABSOLUTE
    ../fplib/dleqf.s                         0x00000000   Number         0  dleqf.o ABSOLUTE
    ../fplib/dmul.s                          0x00000000   Number         0  dmul.o ABSOLUTE
    ../fplib/dnaninf.s                       0x00000000   Number         0  dnaninf.o ABSOLUTE
    ../fplib/dretinf.s                       0x00000000   Number         0  dretinf.o ABSOLUTE
    ../fplib/fpinit.s                        0x00000000   Number         0  fpinit.o ABSOLUTE
    ../fplib/usenofp.s                       0x00000000   Number         0  usenofp.o ABSOLUTE
    ..\CORE\core_cm3.c                       0x00000000   Number         0  core_cm3.o ABSOLUTE
    ..\CORE\startup_stm32f10x_md.s           0x00000000   Number         0  startup_stm32f10x_md.o ABSOLUTE
    ..\HADEWARE\ADC\ADC.c                    0x00000000   Number         0  adc.o ABSOLUTE
    ..\HADEWARE\LED\led.c                    0x00000000   Number         0  led.o ABSOLUTE
    ..\HADEWARE\OLED\oled.c                  0x00000000   Number         0  oled.o ABSOLUTE
    ..\HADEWARE\RF\GPIO.c                    0x00000000   Number         0  gpio.o ABSOLUTE
    ..\HADEWARE\RF\crc.c                     0x00000000   Number         0  crc.o ABSOLUTE
    ..\HADEWARE\RF\delay.c                   0x00000000   Number         0  delay_1.o ABSOLUTE
    ..\HADEWARE\RF\rf_task.c                 0x00000000   Number         0  rf_task.o ABSOLUTE
    ..\STM32F10x_FWLib\src\misc.c            0x00000000   Number         0  misc.o ABSOLUTE
    ..\STM32F10x_FWLib\src\stm32f10x_adc.c   0x00000000   Number         0  stm32f10x_adc.o ABSOLUTE
    ..\STM32F10x_FWLib\src\stm32f10x_crc.c   0x00000000   Number         0  stm32f10x_crc.o ABSOLUTE
    ..\STM32F10x_FWLib\src\stm32f10x_dac.c   0x00000000   Number         0  stm32f10x_dac.o ABSOLUTE
    ..\STM32F10x_FWLib\src\stm32f10x_dbgmcu.c 0x00000000   Number         0  stm32f10x_dbgmcu.o ABSOLUTE
    ..\STM32F10x_FWLib\src\stm32f10x_dma.c   0x00000000   Number         0  stm32f10x_dma.o ABSOLUTE
    ..\STM32F10x_FWLib\src\stm32f10x_exti.c  0x00000000   Number         0  stm32f10x_exti.o ABSOLUTE
    ..\STM32F10x_FWLib\src\stm32f10x_flash.c 0x00000000   Number         0  stm32f10x_flash.o ABSOLUTE
    ..\STM32F10x_FWLib\src\stm32f10x_gpio.c  0x00000000   Number         0  stm32f10x_gpio.o ABSOLUTE
    ..\STM32F10x_FWLib\src\stm32f10x_i2c.c   0x00000000   Number         0  stm32f10x_i2c.o ABSOLUTE
    ..\STM32F10x_FWLib\src\stm32f10x_rcc.c   0x00000000   Number         0  stm32f10x_rcc.o ABSOLUTE
    ..\STM32F10x_FWLib\src\stm32f10x_rtc.c   0x00000000   Number         0  stm32f10x_rtc.o ABSOLUTE
    ..\STM32F10x_FWLib\src\stm32f10x_sdio.c  0x00000000   Number         0  stm32f10x_sdio.o ABSOLUTE
    ..\STM32F10x_FWLib\src\stm32f10x_spi.c   0x00000000   Number         0  stm32f10x_spi.o ABSOLUTE
    ..\STM32F10x_FWLib\src\stm32f10x_tim.c   0x00000000   Number         0  stm32f10x_tim.o ABSOLUTE
    ..\STM32F10x_FWLib\src\stm32f10x_usart.c 0x00000000   Number         0  stm32f10x_usart.o ABSOLUTE
    ..\SYSTEM\delay\delay.c                  0x00000000   Number         0  delay.o ABSOLUTE
    ..\SYSTEM\sys\sys.c                      0x00000000   Number         0  sys.o ABSOLUTE
    ..\SYSTEM\usart\usart.c                  0x00000000   Number         0  usart.o ABSOLUTE
    ..\\CORE\\core_cm3.c                     0x00000000   Number         0  core_cm3.o ABSOLUTE
    ..\\SYSTEM\\sys\\sys.c                   0x00000000   Number         0  sys.o ABSOLUTE
    dc.s                                     0x00000000   Number         0  dc.o ABSOLUTE
    main.c                                   0x00000000   Number         0  main.o ABSOLUTE
    stm32f10x_it.c                           0x00000000   Number         0  stm32f10x_it.o ABSOLUTE
    system_stm32f10x.c                       0x00000000   Number         0  system_stm32f10x.o ABSOLUTE
    RESET                                    0x08000000   Section      236  startup_stm32f10x_md.o(RESET)
    !!!main                                  0x080000ec   Section        8  __main.o(!!!main)
    !!!scatter                               0x080000f4   Section       52  __scatter.o(!!!scatter)
    !!dclz77c                                0x08000128   Section      100  __dclz77c.o(!!dclz77c)
    !!handler_zi                             0x0800018c   Section       28  __scatter_zi.o(!!handler_zi)
    .ARM.Collect$$_printf_percent$$00000000  0x080001a8   Section        0  _printf_percent.o(.ARM.Collect$$_printf_percent$$00000000)
    .ARM.Collect$$_printf_percent$$00000009  0x080001a8   Section        6  _printf_d.o(.ARM.Collect$$_printf_percent$$00000009)
    .ARM.Collect$$_printf_percent$$00000017  0x080001ae   Section        4  _printf_percent_end.o(.ARM.Collect$$_printf_percent$$00000017)
    .ARM.Collect$$libinit$$00000000          0x080001b2   Section        2  libinit.o(.ARM.Collect$$libinit$$00000000)
    .ARM.Collect$$libinit$$00000002          0x080001b4   Section        0  libinit2.o(.ARM.Collect$$libinit$$00000002)
    .ARM.Collect$$libinit$$00000004          0x080001b4   Section        0  libinit2.o(.ARM.Collect$$libinit$$00000004)
    .ARM.Collect$$libinit$$0000000A          0x080001b4   Section        0  libinit2.o(.ARM.Collect$$libinit$$0000000A)
    .ARM.Collect$$libinit$$0000000C          0x080001b4   Section        0  libinit2.o(.ARM.Collect$$libinit$$0000000C)
    .ARM.Collect$$libinit$$0000000E          0x080001b4   Section        0  libinit2.o(.ARM.Collect$$libinit$$0000000E)
    .ARM.Collect$$libinit$$00000011          0x080001b4   Section        0  libinit2.o(.ARM.Collect$$libinit$$00000011)
    .ARM.Collect$$libinit$$00000013          0x080001b4   Section        0  libinit2.o(.ARM.Collect$$libinit$$00000013)
    .ARM.Collect$$libinit$$00000015          0x080001b4   Section        0  libinit2.o(.ARM.Collect$$libinit$$00000015)
    .ARM.Collect$$libinit$$00000017          0x080001b4   Section        0  libinit2.o(.ARM.Collect$$libinit$$00000017)
    .ARM.Collect$$libinit$$00000019          0x080001b4   Section        0  libinit2.o(.ARM.Collect$$libinit$$00000019)
    .ARM.Collect$$libinit$$0000001B          0x080001b4   Section        0  libinit2.o(.ARM.Collect$$libinit$$0000001B)
    .ARM.Collect$$libinit$$0000001D          0x080001b4   Section        0  libinit2.o(.ARM.Collect$$libinit$$0000001D)
    .ARM.Collect$$libinit$$0000001F          0x080001b4   Section        0  libinit2.o(.ARM.Collect$$libinit$$0000001F)
    .ARM.Collect$$libinit$$00000021          0x080001b4   Section        0  libinit2.o(.ARM.Collect$$libinit$$00000021)
    .ARM.Collect$$libinit$$00000023          0x080001b4   Section        0  libinit2.o(.ARM.Collect$$libinit$$00000023)
    .ARM.Collect$$libinit$$00000025          0x080001b4   Section        0  libinit2.o(.ARM.Collect$$libinit$$00000025)
    .ARM.Collect$$libinit$$0000002C          0x080001b4   Section        0  libinit2.o(.ARM.Collect$$libinit$$0000002C)
    .ARM.Collect$$libinit$$0000002E          0x080001b4   Section        0  libinit2.o(.ARM.Collect$$libinit$$0000002E)
    .ARM.Collect$$libinit$$00000030          0x080001b4   Section        0  libinit2.o(.ARM.Collect$$libinit$$00000030)
    .ARM.Collect$$libinit$$00000032          0x080001b4   Section        0  libinit2.o(.ARM.Collect$$libinit$$00000032)
    .ARM.Collect$$libinit$$00000033          0x080001b4   Section        2  libinit2.o(.ARM.Collect$$libinit$$00000033)
    .ARM.Collect$$libshutdown$$00000000      0x080001b6   Section        2  libshutdown.o(.ARM.Collect$$libshutdown$$00000000)
    .ARM.Collect$$libshutdown$$00000002      0x080001b8   Section        0  libshutdown2.o(.ARM.Collect$$libshutdown$$00000002)
    .ARM.Collect$$libshutdown$$00000004      0x080001b8   Section        0  libshutdown2.o(.ARM.Collect$$libshutdown$$00000004)
    .ARM.Collect$$libshutdown$$00000007      0x080001b8   Section        0  libshutdown2.o(.ARM.Collect$$libshutdown$$00000007)
    .ARM.Collect$$libshutdown$$0000000A      0x080001b8   Section        0  libshutdown2.o(.ARM.Collect$$libshutdown$$0000000A)
    .ARM.Collect$$libshutdown$$0000000C      0x080001b8   Section        0  libshutdown2.o(.ARM.Collect$$libshutdown$$0000000C)
    .ARM.Collect$$libshutdown$$0000000F      0x080001b8   Section        0  libshutdown2.o(.ARM.Collect$$libshutdown$$0000000F)
    .ARM.Collect$$libshutdown$$00000010      0x080001b8   Section        2  libshutdown2.o(.ARM.Collect$$libshutdown$$00000010)
    .ARM.Collect$$rtentry$$00000000          0x080001ba   Section        0  __rtentry.o(.ARM.Collect$$rtentry$$00000000)
    .ARM.Collect$$rtentry$$00000002          0x080001ba   Section        0  __rtentry2.o(.ARM.Collect$$rtentry$$00000002)
    .ARM.Collect$$rtentry$$00000004          0x080001ba   Section        6  __rtentry4.o(.ARM.Collect$$rtentry$$00000004)
    .ARM.Collect$$rtentry$$00000009          0x080001c0   Section        0  __rtentry2.o(.ARM.Collect$$rtentry$$00000009)
    .ARM.Collect$$rtentry$$0000000A          0x080001c0   Section        4  __rtentry2.o(.ARM.Collect$$rtentry$$0000000A)
    .ARM.Collect$$rtentry$$0000000C          0x080001c4   Section        0  __rtentry2.o(.ARM.Collect$$rtentry$$0000000C)
    .ARM.Collect$$rtentry$$0000000D          0x080001c4   Section        8  __rtentry2.o(.ARM.Collect$$rtentry$$0000000D)
    .ARM.Collect$$rtexit$$00000000           0x080001cc   Section        2  rtexit.o(.ARM.Collect$$rtexit$$00000000)
    .ARM.Collect$$rtexit$$00000002           0x080001ce   Section        0  rtexit2.o(.ARM.Collect$$rtexit$$00000002)
    .ARM.Collect$$rtexit$$00000003           0x080001ce   Section        4  rtexit2.o(.ARM.Collect$$rtexit$$00000003)
    .ARM.Collect$$rtexit$$00000004           0x080001d2   Section        6  rtexit2.o(.ARM.Collect$$rtexit$$00000004)
    .text                                    0x080001d8   Section       64  startup_stm32f10x_md.o(.text)
    .text                                    0x08000218   Section        2  use_no_semi_2.o(.text)
    .text                                    0x0800021c   Section        0  noretval__2sprintf.o(.text)
    .text                                    0x08000244   Section        0  __printf.o(.text)
    .text                                    0x080002ac   Section        0  _printf_dec.o(.text)
    .text                                    0x08000324   Section        0  heapauxi.o(.text)
    .text                                    0x0800032a   Section        2  use_no_semi.o(.text)
    .text                                    0x0800032c   Section        0  _printf_intcommon.o(.text)
    .text                                    0x080003e0   Section        0  _printf_char_common.o(.text)
    _printf_input_char                       0x080003e1   Thumb Code    10  _printf_char_common.o(.text)
    .text                                    0x08000410   Section        0  _sputc.o(.text)
    .text                                    0x0800041a   Section       74  sys_stackheap_outer.o(.text)
    .text                                    0x08000464   Section        0  exit.o(.text)
    .text                                    0x08000478   Section        8  libspace.o(.text)
    i.BusFault_Handler                       0x08000480   Section        0  stm32f10x_it.o(i.BusFault_Handler)
    i.ComputeCrc                             0x08000484   Section        0  crc.o(i.ComputeCrc)
    i.DebugMon_Handler                       0x080004ba   Section        0  stm32f10x_it.o(i.DebugMon_Handler)
    i.EXTI15_10_IRQHandler                   0x080004bc   Section        0  gpio.o(i.EXTI15_10_IRQHandler)
    i.EXTI_ClearITPendingBit                 0x080004dc   Section        0  stm32f10x_exti.o(i.EXTI_ClearITPendingBit)
    i.EXTI_GetITStatus                       0x080004e8   Section        0  stm32f10x_exti.o(i.EXTI_GetITStatus)
    i.EXTI_Init                              0x08000510   Section        0  stm32f10x_exti.o(i.EXTI_Init)
    i.GPIO_EXTILineConfig                    0x080005a4   Section        0  stm32f10x_gpio.o(i.GPIO_EXTILineConfig)
    i.GPIO_Init                              0x080005e4   Section        0  stm32f10x_gpio.o(i.GPIO_Init)
    i.GPIO_PinRemapConfig                    0x080006fc   Section        0  stm32f10x_gpio.o(i.GPIO_PinRemapConfig)
    i.GPIO_ReadInputDataBit                  0x0800078c   Section        0  stm32f10x_gpio.o(i.GPIO_ReadInputDataBit)
    i.GPIO_ResetBits                         0x0800079e   Section        0  stm32f10x_gpio.o(i.GPIO_ResetBits)
    i.GPIO_SetBits                           0x080007a2   Section        0  stm32f10x_gpio.o(i.GPIO_SetBits)
    i.GPIO_WriteBit                          0x080007a6   Section        0  stm32f10x_gpio.o(i.GPIO_WriteBit)
    i.HardFault_Handler                      0x080007b0   Section        0  stm32f10x_it.o(i.HardFault_Handler)
    i.LED_Init                               0x080007b4   Section        0  led.o(i.LED_Init)
    i.McuInit                                0x08000800   Section        0  main.o(i.McuInit)
    i.MemManage_Handler                      0x0800086e   Section        0  stm32f10x_it.o(i.MemManage_Handler)
    i.NMI_Handler                            0x08000872   Section        0  stm32f10x_it.o(i.NMI_Handler)
    i.NVIC_Init                              0x08000874   Section        0  misc.o(i.NVIC_Init)
    i.OLED_Clear                             0x080008e4   Section        0  oled.o(i.OLED_Clear)
    i.OLED_IIC_Start                         0x08000924   Section        0  oled.o(i.OLED_IIC_Start)
    i.OLED_IIC_Stop                          0x08000954   Section        0  oled.o(i.OLED_IIC_Stop)
    i.OLED_IIC_Wait_Ack                      0x0800097c   Section        0  oled.o(i.OLED_IIC_Wait_Ack)
    i.OLED_Init                              0x08000998   Section        0  oled.o(i.OLED_Init)
    i.OLED_Set_Pos                           0x08000abc   Section        0  oled.o(i.OLED_Set_Pos)
    i.OLED_ShowCHinese                       0x08000ae4   Section        0  oled.o(i.OLED_ShowCHinese)
    i.OLED_ShowChar                          0x08000b4c   Section        0  oled.o(i.OLED_ShowChar)
    i.OLED_ShowString                        0x08000bf0   Section        0  oled.o(i.OLED_ShowString)
    i.OLED_WR_Byte                           0x08000c26   Section        0  oled.o(i.OLED_WR_Byte)
    i.OLED_Write_IIC_Byte                    0x08000c40   Section        0  oled.o(i.OLED_Write_IIC_Byte)
    i.OLED_Write_IIC_Command                 0x08000c9c   Section        0  oled.o(i.OLED_Write_IIC_Command)
    i.OLED_Write_IIC_Data                    0x08000cc8   Section        0  oled.o(i.OLED_Write_IIC_Data)
    i.POWER_UP_RESET_CCxx00                  0x08000cf4   Section        0  rf_task.o(i.POWER_UP_RESET_CCxx00)
    i.PendSV_Handler                         0x08000d4c   Section        0  stm32f10x_it.o(i.PendSV_Handler)
    i.RCC_APB2PeriphClockCmd                 0x08000d50   Section        0  stm32f10x_rcc.o(i.RCC_APB2PeriphClockCmd)
    i.RF_INT_EXTI_Init                       0x08000d70   Section        0  gpio.o(i.RF_INT_EXTI_Init)
    i.RadioComputeCRC                        0x08000dbe   Section        0  crc.o(i.RadioComputeCRC)
    i.RadioInit                              0x08000e18   Section        0  main.o(i.RadioInit)
    i.Radio_Process                          0x08000e28   Section        0  main.o(i.Radio_Process)
    i.ReadBurstReg                           0x08000fd8   Section        0  rf_task.o(i.ReadBurstReg)
    i.ReadReg                                0x08001028   Section        0  rf_task.o(i.ReadReg)
    i.ReadStatus                             0x08001064   Section        0  rf_task.o(i.ReadStatus)
    i.ReceivePacket                          0x080010a0   Section        0  rf_task.o(i.ReceivePacket)
    i.RfInit                                 0x0800110c   Section        0  gpio.o(i.RfInit)
    i.RfSetup                                0x08001190   Section        0  rf_task.o(i.RfSetup)
    i.SE243L_LNA_Enable                      0x080011dc   Section        0  main.o(i.SE243L_LNA_Enable)
    i.SE243L_PA_Enable                       0x08001214   Section        0  main.o(i.SE243L_PA_Enable)
    i.SE243L_SLEEP                           0x08001248   Section        0  main.o(i.SE243L_SLEEP)
    i.SPI_read                               0x08001280   Section        0  rf_task.o(i.SPI_read)
    i.SPI_write                              0x080012bc   Section        0  rf_task.o(i.SPI_write)
    i.SVC_Handler                            0x0800130c   Section        0  stm32f10x_it.o(i.SVC_Handler)
    i.SendPacket                             0x0800130e   Section        0  rf_task.o(i.SendPacket)
    i.SetSysClock                            0x08001334   Section        0  system_stm32f10x.o(i.SetSysClock)
    SetSysClock                              0x08001335   Thumb Code     8  system_stm32f10x.o(i.SetSysClock)
    i.SetSysClockTo72                        0x0800133c   Section        0  system_stm32f10x.o(i.SetSysClockTo72)
    SetSysClockTo72                          0x0800133d   Thumb Code   214  system_stm32f10x.o(i.SetSysClockTo72)
    i.Strobe                                 0x0800141c   Section        0  rf_task.o(i.Strobe)
    i.SysTick_CLKSourceConfig                0x0800144c   Section        0  misc.o(i.SysTick_CLKSourceConfig)
    i.SysTick_Handler                        0x08001474   Section        0  stm32f10x_it.o(i.SysTick_Handler)
    i.SystemInit                             0x08001478   Section        0  system_stm32f10x.o(i.SystemInit)
    i.USART1_IRQHandler                      0x080014d8   Section        0  usart.o(i.USART1_IRQHandler)
    i.USART_GetITStatus                      0x08001560   Section        0  stm32f10x_usart.o(i.USART_GetITStatus)
    i.USART_ReceiveData                      0x080015b4   Section        0  stm32f10x_usart.o(i.USART_ReceiveData)
    i.UsageFault_Handler                     0x080015be   Section        0  stm32f10x_it.o(i.UsageFault_Handler)
    i.WriteBurstReg                          0x080015c4   Section        0  rf_task.o(i.WriteBurstReg)
    i.WriteReg                               0x08001618   Section        0  rf_task.o(i.WriteReg)
    i._sys_exit                              0x08001654   Section        0  usart.o(i._sys_exit)
    i.delay_init                             0x0800165c   Section        0  delay.o(i.delay_init)
    i.delay_ms                               0x080016a0   Section        0  delay.o(i.delay_ms)
    i.halRfWriteRfSettings                   0x080016ec   Section        0  rf_task.o(i.halRfWriteRfSettings)
    i.main                                   0x08001714   Section        0  main.o(i.main)
    .constdata                               0x08001774   Section       28  rf_task.o(.constdata)
    preferredSettings                        0x08001774   Data          28  rf_task.o(.constdata)
    .constdata                               0x08001790   Section     2088  oled.o(.constdata)
    .data                                    0x20000000   Section       20  main.o(.data)
    .data                                    0x20000014   Section       20  system_stm32f10x.o(.data)
    .data                                    0x20000028   Section        4  delay.o(.data)
    fac_us                                   0x20000028   Data           1  delay.o(.data)
    fac_ms                                   0x2000002a   Data           2  delay.o(.data)
    .data                                    0x2000002c   Section        6  usart.o(.data)
    .data                                    0x20000032   Section        1  gpio.o(.data)
    .data                                    0x20000033   Section       10  rf_task.o(.data)
    .data                                    0x2000003d   Section     2048  oled.o(.data)
    .bss                                     0x20000840   Section      158  main.o(.bss)
    .bss                                     0x200008de   Section      200  usart.o(.bss)
    .bss                                     0x200009a8   Section       96  libspace.o(.bss)
    HEAP                                     0x20000a08   Section      512  startup_stm32f10x_md.o(HEAP)
    Heap_Mem                                 0x20000a08   Data         512  startup_stm32f10x_md.o(HEAP)
    STACK                                    0x20000c08   Section     1024  startup_stm32f10x_md.o(STACK)
    Stack_Mem                                0x20000c08   Data        1024  startup_stm32f10x_md.o(STACK)
    __initial_sp                             0x20001008   Data           0  startup_stm32f10x_md.o(STACK)

    Global Symbols

    Symbol Name                              Value     Ov Type        Size  Object(Section)

    BuildAttributes$$THM_ISAv4$P$D$K$B$S$PE$A:L22UL41UL21$X:L11$S22US41US21$IEEE1$IW$USESV6$~STKCKD$USESV7$~SHL$OSPACE$ROPI$EBA8$UX$STANDARDLIB$REQ8$PRES8$EABIv2 0x00000000   Number         0  anon$$obj.o ABSOLUTE
    __ARM_use_no_argv                        0x00000000   Number         0  main.o ABSOLUTE
    __ARM_exceptions_init                     - Undefined Weak Reference
    __alloca_initialize                       - Undefined Weak Reference
    __arm_preinit_                            - Undefined Weak Reference
    __cpp_initialize__aeabi_                  - Undefined Weak Reference
    __cxa_finalize                            - Undefined Weak Reference
    __rt_locale                               - Undefined Weak Reference
    __sigvec_lookup                           - Undefined Weak Reference
    _atexit_init                              - Undefined Weak Reference
    _call_atexit_fns                          - Undefined Weak Reference
    _clock_init                               - Undefined Weak Reference
    _fp_trap_init                             - Undefined Weak Reference
    _fp_trap_shutdown                         - Undefined Weak Reference
    _get_lc_collate                           - Undefined Weak Reference
    _get_lc_ctype                             - Undefined Weak Reference
    _get_lc_monetary                          - Undefined Weak Reference
    _get_lc_numeric                           - Undefined Weak Reference
    _get_lc_time                              - Undefined Weak Reference
    _getenv_init                              - Undefined Weak Reference
    _handle_redirection                       - Undefined Weak Reference
    _init_alloc                               - Undefined Weak Reference
    _init_user_alloc                          - Undefined Weak Reference
    _initio                                   - Undefined Weak Reference
    _printf_post_padding                      - Undefined Weak Reference
    _printf_pre_padding                       - Undefined Weak Reference
    _printf_truncate_signed                   - Undefined Weak Reference
    _printf_truncate_unsigned                 - Undefined Weak Reference
    _rand_init                                - Undefined Weak Reference
    _signal_finish                            - Undefined Weak Reference
    _signal_init                              - Undefined Weak Reference
    _terminate_alloc                          - Undefined Weak Reference
    _terminate_user_alloc                     - Undefined Weak Reference
    _terminateio                              - Undefined Weak Reference
    __Vectors_Size                           0x000000ec   Number         0  startup_stm32f10x_md.o ABSOLUTE
    __Vectors                                0x08000000   Data           4  startup_stm32f10x_md.o(RESET)
    __Vectors_End                            0x080000ec   Data           0  startup_stm32f10x_md.o(RESET)
    __main                                   0x080000ed   Thumb Code     8  __main.o(!!!main)
    __scatterload                            0x080000f5   Thumb Code     0  __scatter.o(!!!scatter)
    __scatterload_rt2                        0x080000f5   Thumb Code    44  __scatter.o(!!!scatter)
    __scatterload_rt2_thumb_only             0x080000f5   Thumb Code     0  __scatter.o(!!!scatter)
    __scatterload_null                       0x08000103   Thumb Code     0  __scatter.o(!!!scatter)
    __decompress                             0x08000129   Thumb Code   100  __dclz77c.o(!!dclz77c)
    __decompress2                            0x08000129   Thumb Code     0  __dclz77c.o(!!dclz77c)
    __scatterload_zeroinit                   0x0800018d   Thumb Code    28  __scatter_zi.o(!!handler_zi)
    _printf_d                                0x080001a9   Thumb Code     0  _printf_d.o(.ARM.Collect$$_printf_percent$$00000009)
    _printf_percent                          0x080001a9   Thumb Code     0  _printf_percent.o(.ARM.Collect$$_printf_percent$$00000000)
    _printf_percent_end                      0x080001af   Thumb Code     0  _printf_percent_end.o(.ARM.Collect$$_printf_percent$$00000017)
    __rt_lib_init                            0x080001b3   Thumb Code     0  libinit.o(.ARM.Collect$$libinit$$00000000)
    __rt_lib_init_alloca_1                   0x080001b5   Thumb Code     0  libinit2.o(.ARM.Collect$$libinit$$0000002E)
    __rt_lib_init_argv_1                     0x080001b5   Thumb Code     0  libinit2.o(.ARM.Collect$$libinit$$0000002C)
    __rt_lib_init_atexit_1                   0x080001b5   Thumb Code     0  libinit2.o(.ARM.Collect$$libinit$$0000001B)
    __rt_lib_init_clock_1                    0x080001b5   Thumb Code     0  libinit2.o(.ARM.Collect$$libinit$$00000021)
    __rt_lib_init_cpp_1                      0x080001b5   Thumb Code     0  libinit2.o(.ARM.Collect$$libinit$$00000032)
    __rt_lib_init_exceptions_1               0x080001b5   Thumb Code     0  libinit2.o(.ARM.Collect$$libinit$$00000030)
    __rt_lib_init_fp_1                       0x080001b5   Thumb Code     0  libinit2.o(.ARM.Collect$$libinit$$00000002)
    __rt_lib_init_fp_trap_1                  0x080001b5   Thumb Code     0  libinit2.o(.ARM.Collect$$libinit$$0000001F)
    __rt_lib_init_getenv_1                   0x080001b5   Thumb Code     0  libinit2.o(.ARM.Collect$$libinit$$00000023)
    __rt_lib_init_heap_1                     0x080001b5   Thumb Code     0  libinit2.o(.ARM.Collect$$libinit$$0000000A)
    __rt_lib_init_lc_collate_1               0x080001b5   Thumb Code     0  libinit2.o(.ARM.Collect$$libinit$$00000011)
    __rt_lib_init_lc_ctype_1                 0x080001b5   Thumb Code     0  libinit2.o(.ARM.Collect$$libinit$$00000013)
    __rt_lib_init_lc_monetary_1              0x080001b5   Thumb Code     0  libinit2.o(.ARM.Collect$$libinit$$00000015)
    __rt_lib_init_lc_numeric_1               0x080001b5   Thumb Code     0  libinit2.o(.ARM.Collect$$libinit$$00000017)
    __rt_lib_init_lc_time_1                  0x080001b5   Thumb Code     0  libinit2.o(.ARM.Collect$$libinit$$00000019)
    __rt_lib_init_preinit_1                  0x080001b5   Thumb Code     0  libinit2.o(.ARM.Collect$$libinit$$00000004)
    __rt_lib_init_rand_1                     0x080001b5   Thumb Code     0  libinit2.o(.ARM.Collect$$libinit$$0000000E)
    __rt_lib_init_return                     0x080001b5   Thumb Code     0  libinit2.o(.ARM.Collect$$libinit$$00000033)
    __rt_lib_init_signal_1                   0x080001b5   Thumb Code     0  libinit2.o(.ARM.Collect$$libinit$$0000001D)
    __rt_lib_init_stdio_1                    0x080001b5   Thumb Code     0  libinit2.o(.ARM.Collect$$libinit$$00000025)
    __rt_lib_init_user_alloc_1               0x080001b5   Thumb Code     0  libinit2.o(.ARM.Collect$$libinit$$0000000C)
    __rt_lib_shutdown                        0x080001b7   Thumb Code     0  libshutdown.o(.ARM.Collect$$libshutdown$$00000000)
    __rt_lib_shutdown_cpp_1                  0x080001b9   Thumb Code     0  libshutdown2.o(.ARM.Collect$$libshutdown$$00000002)
    __rt_lib_shutdown_fp_trap_1              0x080001b9   Thumb Code     0  libshutdown2.o(.ARM.Collect$$libshutdown$$00000007)
    __rt_lib_shutdown_heap_1                 0x080001b9   Thumb Code     0  libshutdown2.o(.ARM.Collect$$libshutdown$$0000000F)
    __rt_lib_shutdown_return                 0x080001b9   Thumb Code     0  libshutdown2.o(.ARM.Collect$$libshutdown$$00000010)
    __rt_lib_shutdown_signal_1               0x080001b9   Thumb Code     0  libshutdown2.o(.ARM.Collect$$libshutdown$$0000000A)
    __rt_lib_shutdown_stdio_1                0x080001b9   Thumb Code     0  libshutdown2.o(.ARM.Collect$$libshutdown$$00000004)
    __rt_lib_shutdown_user_alloc_1           0x080001b9   Thumb Code     0  libshutdown2.o(.ARM.Collect$$libshutdown$$0000000C)
    __rt_entry                               0x080001bb   Thumb Code     0  __rtentry.o(.ARM.Collect$$rtentry$$00000000)
    __rt_entry_presh_1                       0x080001bb   Thumb Code     0  __rtentry2.o(.ARM.Collect$$rtentry$$00000002)
    __rt_entry_sh                            0x080001bb   Thumb Code     0  __rtentry4.o(.ARM.Collect$$rtentry$$00000004)
    __rt_entry_li                            0x080001c1   Thumb Code     0  __rtentry2.o(.ARM.Collect$$rtentry$$0000000A)
    __rt_entry_postsh_1                      0x080001c1   Thumb Code     0  __rtentry2.o(.ARM.Collect$$rtentry$$00000009)
    __rt_entry_main                          0x080001c5   Thumb Code     0  __rtentry2.o(.ARM.Collect$$rtentry$$0000000D)
    __rt_entry_postli_1                      0x080001c5   Thumb Code     0  __rtentry2.o(.ARM.Collect$$rtentry$$0000000C)
    __rt_exit                                0x080001cd   Thumb Code     0  rtexit.o(.ARM.Collect$$rtexit$$00000000)
    __rt_exit_ls                             0x080001cf   Thumb Code     0  rtexit2.o(.ARM.Collect$$rtexit$$00000003)
    __rt_exit_prels_1                        0x080001cf   Thumb Code     0  rtexit2.o(.ARM.Collect$$rtexit$$00000002)
    __rt_exit_exit                           0x080001d3   Thumb Code     0  rtexit2.o(.ARM.Collect$$rtexit$$00000004)
    Reset_Handler                            0x080001d9   Thumb Code     8  startup_stm32f10x_md.o(.text)
    ADC1_2_IRQHandler                        0x080001f3   Thumb Code     0  startup_stm32f10x_md.o(.text)
    CAN1_RX1_IRQHandler                      0x080001f3   Thumb Code     0  startup_stm32f10x_md.o(.text)
    CAN1_SCE_IRQHandler                      0x080001f3   Thumb Code     0  startup_stm32f10x_md.o(.text)
    DMA1_Channel1_IRQHandler                 0x080001f3   Thumb Code     0  startup_stm32f10x_md.o(.text)
    DMA1_Channel2_IRQHandler                 0x080001f3   Thumb Code     0  startup_stm32f10x_md.o(.text)
    DMA1_Channel3_IRQHandler                 0x080001f3   Thumb Code     0  startup_stm32f10x_md.o(.text)
    DMA1_Channel4_IRQHandler                 0x080001f3   Thumb Code     0  startup_stm32f10x_md.o(.text)
    DMA1_Channel5_IRQHandler                 0x080001f3   Thumb Code     0  startup_stm32f10x_md.o(.text)
    DMA1_Channel6_IRQHandler                 0x080001f3   Thumb Code     0  startup_stm32f10x_md.o(.text)
    DMA1_Channel7_IRQHandler                 0x080001f3   Thumb Code     0  startup_stm32f10x_md.o(.text)
    EXTI0_IRQHandler                         0x080001f3   Thumb Code     0  startup_stm32f10x_md.o(.text)
    EXTI1_IRQHandler                         0x080001f3   Thumb Code     0  startup_stm32f10x_md.o(.text)
    EXTI2_IRQHandler                         0x080001f3   Thumb Code     0  startup_stm32f10x_md.o(.text)
    EXTI3_IRQHandler                         0x080001f3   Thumb Code     0  startup_stm32f10x_md.o(.text)
    EXTI4_IRQHandler                         0x080001f3   Thumb Code     0  startup_stm32f10x_md.o(.text)
    EXTI9_5_IRQHandler                       0x080001f3   Thumb Code     0  startup_stm32f10x_md.o(.text)
    FLASH_IRQHandler                         0x080001f3   Thumb Code     0  startup_stm32f10x_md.o(.text)
    I2C1_ER_IRQHandler                       0x080001f3   Thumb Code     0  startup_stm32f10x_md.o(.text)
    I2C1_EV_IRQHandler                       0x080001f3   Thumb Code     0  startup_stm32f10x_md.o(.text)
    I2C2_ER_IRQHandler                       0x080001f3   Thumb Code     0  startup_stm32f10x_md.o(.text)
    I2C2_EV_IRQHandler                       0x080001f3   Thumb Code     0  startup_stm32f10x_md.o(.text)
    PVD_IRQHandler                           0x080001f3   Thumb Code     0  startup_stm32f10x_md.o(.text)
    RCC_IRQHandler                           0x080001f3   Thumb Code     0  startup_stm32f10x_md.o(.text)
    RTCAlarm_IRQHandler                      0x080001f3   Thumb Code     0  startup_stm32f10x_md.o(.text)
    RTC_IRQHandler                           0x080001f3   Thumb Code     0  startup_stm32f10x_md.o(.text)
    SPI1_IRQHandler                          0x080001f3   Thumb Code     0  startup_stm32f10x_md.o(.text)
    SPI2_IRQHandler                          0x080001f3   Thumb Code     0  startup_stm32f10x_md.o(.text)
    TAMPER_IRQHandler                        0x080001f3   Thumb Code     0  startup_stm32f10x_md.o(.text)
    TIM1_BRK_IRQHandler                      0x080001f3   Thumb Code     0  startup_stm32f10x_md.o(.text)
    TIM1_CC_IRQHandler                       0x080001f3   Thumb Code     0  startup_stm32f10x_md.o(.text)
    TIM1_TRG_COM_IRQHandler                  0x080001f3   Thumb Code     0  startup_stm32f10x_md.o(.text)
    TIM1_UP_IRQHandler                       0x080001f3   Thumb Code     0  startup_stm32f10x_md.o(.text)
    TIM2_IRQHandler                          0x080001f3   Thumb Code     0  startup_stm32f10x_md.o(.text)
    TIM3_IRQHandler                          0x080001f3   Thumb Code     0  startup_stm32f10x_md.o(.text)
    TIM4_IRQHandler                          0x080001f3   Thumb Code     0  startup_stm32f10x_md.o(.text)
    USART2_IRQHandler                        0x080001f3   Thumb Code     0  startup_stm32f10x_md.o(.text)
    USART3_IRQHandler                        0x080001f3   Thumb Code     0  startup_stm32f10x_md.o(.text)
    USBWakeUp_IRQHandler                     0x080001f3   Thumb Code     0  startup_stm32f10x_md.o(.text)
    USB_HP_CAN1_TX_IRQHandler                0x080001f3   Thumb Code     0  startup_stm32f10x_md.o(.text)
    USB_LP_CAN1_RX0_IRQHandler               0x080001f3   Thumb Code     0  startup_stm32f10x_md.o(.text)
    WWDG_IRQHandler                          0x080001f3   Thumb Code     0  startup_stm32f10x_md.o(.text)
    __user_initial_stackheap                 0x080001f5   Thumb Code     0  startup_stm32f10x_md.o(.text)
    __use_no_semihosting                     0x08000219   Thumb Code     2  use_no_semi_2.o(.text)
    __2sprintf                               0x0800021d   Thumb Code    34  noretval__2sprintf.o(.text)
    __printf                                 0x08000245   Thumb Code   104  __printf.o(.text)
    _printf_int_dec                          0x080002ad   Thumb Code   104  _printf_dec.o(.text)
    __use_two_region_memory                  0x08000325   Thumb Code     2  heapauxi.o(.text)
    __rt_heap_escrow$2region                 0x08000327   Thumb Code     2  heapauxi.o(.text)
    __rt_heap_expand$2region                 0x08000329   Thumb Code     2  heapauxi.o(.text)
    __I$use$semihosting                      0x0800032b   Thumb Code     0  use_no_semi.o(.text)
    __use_no_semihosting_swi                 0x0800032b   Thumb Code     2  use_no_semi.o(.text)
    _printf_int_common                       0x0800032d   Thumb Code   178  _printf_intcommon.o(.text)
    _printf_char_common                      0x080003eb   Thumb Code    32  _printf_char_common.o(.text)
    _sputc                                   0x08000411   Thumb Code    10  _sputc.o(.text)
    __user_setup_stackheap                   0x0800041b   Thumb Code    74  sys_stackheap_outer.o(.text)
    exit                                     0x08000465   Thumb Code    18  exit.o(.text)
    __user_libspace                          0x08000479   Thumb Code     8  libspace.o(.text)
    __user_perproc_libspace                  0x08000479   Thumb Code     0  libspace.o(.text)
    __user_perthread_libspace                0x08000479   Thumb Code     0  libspace.o(.text)
    BusFault_Handler                         0x08000481   Thumb Code     4  stm32f10x_it.o(i.BusFault_Handler)
    ComputeCrc                               0x08000485   Thumb Code    54  crc.o(i.ComputeCrc)
    DebugMon_Handler                         0x080004bb   Thumb Code     2  stm32f10x_it.o(i.DebugMon_Handler)
    EXTI15_10_IRQHandler                     0x080004bd   Thumb Code    26  gpio.o(i.EXTI15_10_IRQHandler)
    EXTI_ClearITPendingBit                   0x080004dd   Thumb Code     6  stm32f10x_exti.o(i.EXTI_ClearITPendingBit)
    EXTI_GetITStatus                         0x080004e9   Thumb Code    34  stm32f10x_exti.o(i.EXTI_GetITStatus)
    EXTI_Init                                0x08000511   Thumb Code   142  stm32f10x_exti.o(i.EXTI_Init)
    GPIO_EXTILineConfig                      0x080005a5   Thumb Code    60  stm32f10x_gpio.o(i.GPIO_EXTILineConfig)
    GPIO_Init                                0x080005e5   Thumb Code   278  stm32f10x_gpio.o(i.GPIO_Init)
    GPIO_PinRemapConfig                      0x080006fd   Thumb Code   138  stm32f10x_gpio.o(i.GPIO_PinRemapConfig)
    GPIO_ReadInputDataBit                    0x0800078d   Thumb Code    18  stm32f10x_gpio.o(i.GPIO_ReadInputDataBit)
    GPIO_ResetBits                           0x0800079f   Thumb Code     4  stm32f10x_gpio.o(i.GPIO_ResetBits)
    GPIO_SetBits                             0x080007a3   Thumb Code     4  stm32f10x_gpio.o(i.GPIO_SetBits)
    GPIO_WriteBit                            0x080007a7   Thumb Code    10  stm32f10x_gpio.o(i.GPIO_WriteBit)
    HardFault_Handler                        0x080007b1   Thumb Code     4  stm32f10x_it.o(i.HardFault_Handler)
    LED_Init                                 0x080007b5   Thumb Code    68  led.o(i.LED_Init)
    McuInit                                  0x08000801   Thumb Code   110  main.o(i.McuInit)
    MemManage_Handler                        0x0800086f   Thumb Code     4  stm32f10x_it.o(i.MemManage_Handler)
    NMI_Handler                              0x08000873   Thumb Code     2  stm32f10x_it.o(i.NMI_Handler)
    NVIC_Init                                0x08000875   Thumb Code   100  misc.o(i.NVIC_Init)
    OLED_Clear                               0x080008e5   Thumb Code    62  oled.o(i.OLED_Clear)
    OLED_IIC_Start                           0x08000925   Thumb Code    44  oled.o(i.OLED_IIC_Start)
    OLED_IIC_Stop                            0x08000955   Thumb Code    34  oled.o(i.OLED_IIC_Stop)
    OLED_IIC_Wait_Ack                        0x0800097d   Thumb Code    24  oled.o(i.OLED_IIC_Wait_Ack)
    OLED_Init                                0x08000999   Thumb Code   282  oled.o(i.OLED_Init)
    OLED_Set_Pos                             0x08000abd   Thumb Code    40  oled.o(i.OLED_Set_Pos)
    OLED_ShowCHinese                         0x08000ae5   Thumb Code    98  oled.o(i.OLED_ShowCHinese)
    OLED_ShowChar                            0x08000b4d   Thumb Code   154  oled.o(i.OLED_ShowChar)
    OLED_ShowString                          0x08000bf1   Thumb Code    54  oled.o(i.OLED_ShowString)
    OLED_WR_Byte                             0x08000c27   Thumb Code    24  oled.o(i.OLED_WR_Byte)
    OLED_Write_IIC_Byte                      0x08000c41   Thumb Code    88  oled.o(i.OLED_Write_IIC_Byte)
    OLED_Write_IIC_Command                   0x08000c9d   Thumb Code    44  oled.o(i.OLED_Write_IIC_Command)
    OLED_Write_IIC_Data                      0x08000cc9   Thumb Code    44  oled.o(i.OLED_Write_IIC_Data)
    POWER_UP_RESET_CCxx00                    0x08000cf5   Thumb Code    82  rf_task.o(i.POWER_UP_RESET_CCxx00)
    PendSV_Handler                           0x08000d4d   Thumb Code     2  stm32f10x_it.o(i.PendSV_Handler)
    RCC_APB2PeriphClockCmd                   0x08000d51   Thumb Code    26  stm32f10x_rcc.o(i.RCC_APB2PeriphClockCmd)
    RF_INT_EXTI_Init                         0x08000d71   Thumb Code    78  gpio.o(i.RF_INT_EXTI_Init)
    RadioComputeCRC                          0x08000dbf   Thumb Code    90  crc.o(i.RadioComputeCRC)
    RadioInit                                0x08000e19   Thumb Code    14  main.o(i.RadioInit)
    Radio_Process                            0x08000e29   Thumb Code   366  main.o(i.Radio_Process)
    ReadBurstReg                             0x08000fd9   Thumb Code    74  rf_task.o(i.ReadBurstReg)
    ReadReg                                  0x08001029   Thumb Code    56  rf_task.o(i.ReadReg)
    ReadStatus                               0x08001065   Thumb Code    56  rf_task.o(i.ReadStatus)
    ReceivePacket                            0x080010a1   Thumb Code   102  rf_task.o(i.ReceivePacket)
    RfInit                                   0x0800110d   Thumb Code   122  gpio.o(i.RfInit)
    RfSetup                                  0x08001191   Thumb Code    66  rf_task.o(i.RfSetup)
    SE243L_LNA_Enable                        0x080011dd   Thumb Code    46  main.o(i.SE243L_LNA_Enable)
    SE243L_PA_Enable                         0x08001215   Thumb Code    44  main.o(i.SE243L_PA_Enable)
    SE243L_SLEEP                             0x08001249   Thumb Code    46  main.o(i.SE243L_SLEEP)
    SPI_read                                 0x08001281   Thumb Code    54  rf_task.o(i.SPI_read)
    SPI_write                                0x080012bd   Thumb Code    74  rf_task.o(i.SPI_write)
    SVC_Handler                              0x0800130d   Thumb Code     2  stm32f10x_it.o(i.SVC_Handler)
    SendPacket                               0x0800130f   Thumb Code    38  rf_task.o(i.SendPacket)
    Strobe                                   0x0800141d   Thumb Code    44  rf_task.o(i.Strobe)
    SysTick_CLKSourceConfig                  0x0800144d   Thumb Code    40  misc.o(i.SysTick_CLKSourceConfig)
    SysTick_Handler                          0x08001475   Thumb Code     2  stm32f10x_it.o(i.SysTick_Handler)
    SystemInit                               0x08001479   Thumb Code    78  system_stm32f10x.o(i.SystemInit)
    USART1_IRQHandler                        0x080014d9   Thumb Code   122  usart.o(i.USART1_IRQHandler)
    USART_GetITStatus                        0x08001561   Thumb Code    84  stm32f10x_usart.o(i.USART_GetITStatus)
    USART_ReceiveData                        0x080015b5   Thumb Code    10  stm32f10x_usart.o(i.USART_ReceiveData)
    UsageFault_Handler                       0x080015bf   Thumb Code     4  stm32f10x_it.o(i.UsageFault_Handler)
    WriteBurstReg                            0x080015c5   Thumb Code    78  rf_task.o(i.WriteBurstReg)
    WriteReg                                 0x08001619   Thumb Code    56  rf_task.o(i.WriteReg)
    _sys_exit                                0x08001655   Thumb Code     6  usart.o(i._sys_exit)
    delay_init                               0x0800165d   Thumb Code    50  delay.o(i.delay_init)
    delay_ms                                 0x080016a1   Thumb Code    72  delay.o(i.delay_ms)
    halRfWriteRfSettings                     0x080016ed   Thumb Code    34  rf_task.o(i.halRfWriteRfSettings)
    main                                     0x08001715   Thumb Code    74  main.o(i.main)
    F6x8                                     0x08001790   Data         552  oled.o(.constdata)
    F8X16                                    0x080019b8   Data        1536  oled.o(.constdata)
    Region$$Table$$Base                      0x08001fb8   Number         0  anon$$obj.o(Region$$Table)
    Region$$Table$$Limit                     0x08001fd8   Number         0  anon$$obj.o(Region$$Table)
    EnableMaster                             0x20000000   Data           1  main.o(.data)
    m4_value                                 0x20000002   Data           2  main.o(.data)
    m6_value                                 0x20000004   Data           2  main.o(.data)
    adc_value_m4                             0x20000006   Data           2  main.o(.data)
    adc_value_m6                             0x20000008   Data           2  main.o(.data)
    received_crc_value                       0x2000000a   Data           2  main.o(.data)
    RFstate                                  0x2000000c   Data           1  main.o(.data)
    m5_value                                 0x2000000e   Data           2  main.o(.data)
    flag                                     0x20000010   Data           4  main.o(.data)
    SystemCoreClock                          0x20000014   Data           4  system_stm32f10x.o(.data)
    AHBPrescTable                            0x20000018   Data          16  system_stm32f10x.o(.data)
    __stdout                                 0x2000002c   Data           4  usart.o(.data)
    USART_RX_STA                             0x20000030   Data           2  usart.o(.data)
    rfIntRequest                             0x20000032   Data           1  gpio.o(.data)
    paTable_CCxx0x                           0x20000033   Data           8  rf_task.o(.data)
    value                                    0x2000003b   Data           1  rf_task.o(.data)
    RSSI_dec                                 0x2000003c   Data           1  rf_task.o(.data)
    Hzk                                      0x2000003d   Data        2048  oled.o(.data)
    TXBuffer                                 0x20000840   Data          64  main.o(.bss)
    RXBuffer                                 0x20000880   Data          64  main.o(.bss)
    buff                                     0x200008c0   Data          30  main.o(.bss)
    USART_RX_BUF                             0x200008de   Data         200  usart.o(.bss)
    __libspace_start                         0x200009a8   Data          96  libspace.o(.bss)
    __temporary_stack_top$libspace           0x20000a08   Data           0  libspace.o(.bss)



==============================================================================

Memory Map of the image

  Image Entry point : 0x080001d9

  Load Region LR_1 (Base: 0x08000000, Size: 0x00002818, Max: 0xffffffff, ABSOLUTE, COMPRESSED[0x000022f8])

    Execution Region ER_RO (Base: 0x08000000, Size: 0x00001fd8, Max: 0xffffffff, ABSOLUTE)

    Base Addr    Size         Type   Attr      Idx    E Section Name        Object

    0x08000000   0x000000ec   Data   RO          407    RESET               startup_stm32f10x_md.o
    0x080000ec   0x00000008   Code   RO         3205  * !!!main             c_w.l(__main.o)
    0x080000f4   0x00000034   Code   RO         3402    !!!scatter          c_w.l(__scatter.o)
    0x08000128   0x00000064   Code   RO         3400    !!dclz77c           c_w.l(__dclz77c.o)
    0x0800018c   0x0000001c   Code   RO         3404    !!handler_zi        c_w.l(__scatter_zi.o)
    0x080001a8   0x00000000   Code   RO         3202    .ARM.Collect$$_printf_percent$$00000000  c_w.l(_printf_percent.o)
    0x080001a8   0x00000006   Code   RO         3201    .ARM.Collect$$_printf_percent$$00000009  c_w.l(_printf_d.o)
    0x080001ae   0x00000004   Code   RO         3240    .ARM.Collect$$_printf_percent$$00000017  c_w.l(_printf_percent_end.o)
    0x080001b2   0x00000002   Code   RO         3274    .ARM.Collect$$libinit$$00000000  c_w.l(libinit.o)
    0x080001b4   0x00000000   Code   RO         3281    .ARM.Collect$$libinit$$00000002  c_w.l(libinit2.o)
    0x080001b4   0x00000000   Code   RO         3283    .ARM.Collect$$libinit$$00000004  c_w.l(libinit2.o)
    0x080001b4   0x00000000   Code   RO         3286    .ARM.Collect$$libinit$$0000000A  c_w.l(libinit2.o)
    0x080001b4   0x00000000   Code   RO         3288    .ARM.Collect$$libinit$$0000000C  c_w.l(libinit2.o)
    0x080001b4   0x00000000   Code   RO         3290    .ARM.Collect$$libinit$$0000000E  c_w.l(libinit2.o)
    0x080001b4   0x00000000   Code   RO         3293    .ARM.Collect$$libinit$$00000011  c_w.l(libinit2.o)
    0x080001b4   0x00000000   Code   RO         3295    .ARM.Collect$$libinit$$00000013  c_w.l(libinit2.o)
    0x080001b4   0x00000000   Code   RO         3297    .ARM.Collect$$libinit$$00000015  c_w.l(libinit2.o)
    0x080001b4   0x00000000   Code   RO         3299    .ARM.Collect$$libinit$$00000017  c_w.l(libinit2.o)
    0x080001b4   0x00000000   Code   RO         3301    .ARM.Collect$$libinit$$00000019  c_w.l(libinit2.o)
    0x080001b4   0x00000000   Code   RO         3303    .ARM.Collect$$libinit$$0000001B  c_w.l(libinit2.o)
    0x080001b4   0x00000000   Code   RO         3305    .ARM.Collect$$libinit$$0000001D  c_w.l(libinit2.o)
    0x080001b4   0x00000000   Code   RO         3307    .ARM.Collect$$libinit$$0000001F  c_w.l(libinit2.o)
    0x080001b4   0x00000000   Code   RO         3309    .ARM.Collect$$libinit$$00000021  c_w.l(libinit2.o)
    0x080001b4   0x00000000   Code   RO         3311    .ARM.Collect$$libinit$$00000023  c_w.l(libinit2.o)
    0x080001b4   0x00000000   Code   RO         3313    .ARM.Collect$$libinit$$00000025  c_w.l(libinit2.o)
    0x080001b4   0x00000000   Code   RO         3317    .ARM.Collect$$libinit$$0000002C  c_w.l(libinit2.o)
    0x080001b4   0x00000000   Code   RO         3319    .ARM.Collect$$libinit$$0000002E  c_w.l(libinit2.o)
    0x080001b4   0x00000000   Code   RO         3321    .ARM.Collect$$libinit$$00000030  c_w.l(libinit2.o)
    0x080001b4   0x00000000   Code   RO         3323    .ARM.Collect$$libinit$$00000032  c_w.l(libinit2.o)
    0x080001b4   0x00000002   Code   RO         3324    .ARM.Collect$$libinit$$00000033  c_w.l(libinit2.o)
    0x080001b6   0x00000002   Code   RO         3342    .ARM.Collect$$libshutdown$$00000000  c_w.l(libshutdown.o)
    0x080001b8   0x00000000   Code   RO         3352    .ARM.Collect$$libshutdown$$00000002  c_w.l(libshutdown2.o)
    0x080001b8   0x00000000   Code   RO         3354    .ARM.Collect$$libshutdown$$00000004  c_w.l(libshutdown2.o)
    0x080001b8   0x00000000   Code   RO         3357    .ARM.Collect$$libshutdown$$00000007  c_w.l(libshutdown2.o)
    0x080001b8   0x00000000   Code   RO         3360    .ARM.Collect$$libshutdown$$0000000A  c_w.l(libshutdown2.o)
    0x080001b8   0x00000000   Code   RO         3362    .ARM.Collect$$libshutdown$$0000000C  c_w.l(libshutdown2.o)
    0x080001b8   0x00000000   Code   RO         3365    .ARM.Collect$$libshutdown$$0000000F  c_w.l(libshutdown2.o)
    0x080001b8   0x00000002   Code   RO         3366    .ARM.Collect$$libshutdown$$00000010  c_w.l(libshutdown2.o)
    0x080001ba   0x00000000   Code   RO         3233    .ARM.Collect$$rtentry$$00000000  c_w.l(__rtentry.o)
    0x080001ba   0x00000000   Code   RO         3249    .ARM.Collect$$rtentry$$00000002  c_w.l(__rtentry2.o)
    0x080001ba   0x00000006   Code   RO         3261    .ARM.Collect$$rtentry$$00000004  c_w.l(__rtentry4.o)
    0x080001c0   0x00000000   Code   RO         3251    .ARM.Collect$$rtentry$$00000009  c_w.l(__rtentry2.o)
    0x080001c0   0x00000004   Code   RO         3252    .ARM.Collect$$rtentry$$0000000A  c_w.l(__rtentry2.o)
    0x080001c4   0x00000000   Code   RO         3254    .ARM.Collect$$rtentry$$0000000C  c_w.l(__rtentry2.o)
    0x080001c4   0x00000008   Code   RO         3255    .ARM.Collect$$rtentry$$0000000D  c_w.l(__rtentry2.o)
    0x080001cc   0x00000002   Code   RO         3278    .ARM.Collect$$rtexit$$00000000  c_w.l(rtexit.o)
    0x080001ce   0x00000000   Code   RO         3326    .ARM.Collect$$rtexit$$00000002  c_w.l(rtexit2.o)
    0x080001ce   0x00000004   Code   RO         3327    .ARM.Collect$$rtexit$$00000003  c_w.l(rtexit2.o)
    0x080001d2   0x00000006   Code   RO         3328    .ARM.Collect$$rtexit$$00000004  c_w.l(rtexit2.o)
    0x080001d8   0x00000040   Code   RO          408  * .text               startup_stm32f10x_md.o
    0x08000218   0x00000002   Code   RO         3171    .text               c_w.l(use_no_semi_2.o)
    0x0800021a   0x00000002   PAD
    0x0800021c   0x00000028   Code   RO         3175    .text               c_w.l(noretval__2sprintf.o)
    0x08000244   0x00000068   Code   RO         3177    .text               c_w.l(__printf.o)
    0x080002ac   0x00000078   Code   RO         3179    .text               c_w.l(_printf_dec.o)
    0x08000324   0x00000006   Code   RO         3203    .text               c_w.l(heapauxi.o)
    0x0800032a   0x00000002   Code   RO         3231    .text               c_w.l(use_no_semi.o)
    0x0800032c   0x000000b2   Code   RO         3234    .text               c_w.l(_printf_intcommon.o)
    0x080003de   0x00000002   PAD
    0x080003e0   0x00000030   Code   RO         3236    .text               c_w.l(_printf_char_common.o)
    0x08000410   0x0000000a   Code   RO         3238    .text               c_w.l(_sputc.o)
    0x0800041a   0x0000004a   Code   RO         3265    .text               c_w.l(sys_stackheap_outer.o)
    0x08000464   0x00000012   Code   RO         3267    .text               c_w.l(exit.o)
    0x08000476   0x00000002   PAD
    0x08000478   0x00000008   Code   RO         3275    .text               c_w.l(libspace.o)
    0x08000480   0x00000004   Code   RO          176    i.BusFault_Handler  stm32f10x_it.o
    0x08000484   0x00000036   Code   RO         3151    i.ComputeCrc        crc.o
    0x080004ba   0x00000002   Code   RO          177    i.DebugMon_Handler  stm32f10x_it.o
    0x080004bc   0x00000020   Code   RO         2802    i.EXTI15_10_IRQHandler  gpio.o
    0x080004dc   0x0000000c   Code   RO          587    i.EXTI_ClearITPendingBit  stm32f10x_exti.o
    0x080004e8   0x00000028   Code   RO          591    i.EXTI_GetITStatus  stm32f10x_exti.o
    0x08000510   0x00000094   Code   RO          592    i.EXTI_Init         stm32f10x_exti.o
    0x080005a4   0x00000040   Code   RO          817    i.GPIO_EXTILineConfig  stm32f10x_gpio.o
    0x080005e4   0x00000116   Code   RO          820    i.GPIO_Init         stm32f10x_gpio.o
    0x080006fa   0x00000002   PAD
    0x080006fc   0x00000090   Code   RO          822    i.GPIO_PinRemapConfig  stm32f10x_gpio.o
    0x0800078c   0x00000012   Code   RO          824    i.GPIO_ReadInputDataBit  stm32f10x_gpio.o
    0x0800079e   0x00000004   Code   RO          827    i.GPIO_ResetBits    stm32f10x_gpio.o
    0x080007a2   0x00000004   Code   RO          828    i.GPIO_SetBits      stm32f10x_gpio.o
    0x080007a6   0x0000000a   Code   RO          831    i.GPIO_WriteBit     stm32f10x_gpio.o
    0x080007b0   0x00000004   Code   RO          178    i.HardFault_Handler  stm32f10x_it.o
    0x080007b4   0x0000004c   Code   RO         3139    i.LED_Init          led.o
    0x08000800   0x0000006e   Code   RO            1    i.McuInit           main.o
    0x0800086e   0x00000004   Code   RO          179    i.MemManage_Handler  stm32f10x_it.o
    0x08000872   0x00000002   Code   RO          180    i.NMI_Handler       stm32f10x_it.o
    0x08000874   0x00000070   Code   RO          412    i.NVIC_Init         misc.o
    0x080008e4   0x0000003e   Code   RO         2919    i.OLED_Clear        oled.o
    0x08000922   0x00000002   PAD
    0x08000924   0x00000030   Code   RO         2925    i.OLED_IIC_Start    oled.o
    0x08000954   0x00000028   Code   RO         2926    i.OLED_IIC_Stop     oled.o
    0x0800097c   0x0000001c   Code   RO         2927    i.OLED_IIC_Wait_Ack  oled.o
    0x08000998   0x00000124   Code   RO         2928    i.OLED_Init         oled.o
    0x08000abc   0x00000028   Code   RO         2935    i.OLED_Set_Pos      oled.o
    0x08000ae4   0x00000068   Code   RO         2936    i.OLED_ShowCHinese  oled.o
    0x08000b4c   0x000000a4   Code   RO         2937    i.OLED_ShowChar     oled.o
    0x08000bf0   0x00000036   Code   RO         2939    i.OLED_ShowString   oled.o
    0x08000c26   0x00000018   Code   RO         2940    i.OLED_WR_Byte      oled.o
    0x08000c3e   0x00000002   PAD
    0x08000c40   0x0000005c   Code   RO         2941    i.OLED_Write_IIC_Byte  oled.o
    0x08000c9c   0x0000002c   Code   RO         2942    i.OLED_Write_IIC_Command  oled.o
    0x08000cc8   0x0000002c   Code   RO         2943    i.OLED_Write_IIC_Data  oled.o
    0x08000cf4   0x00000058   Code   RO         2829    i.POWER_UP_RESET_CCxx00  rf_task.o
    0x08000d4c   0x00000002   Code   RO          181    i.PendSV_Handler    stm32f10x_it.o
    0x08000d4e   0x00000002   PAD
    0x08000d50   0x00000020   Code   RO         1136    i.RCC_APB2PeriphClockCmd  stm32f10x_rcc.o
    0x08000d70   0x0000004e   Code   RO         2803    i.RF_INT_EXTI_Init  gpio.o
    0x08000dbe   0x0000005a   Code   RO         3152    i.RadioComputeCRC   crc.o
    0x08000e18   0x0000000e   Code   RO            2    i.RadioInit         main.o
    0x08000e26   0x00000002   PAD
    0x08000e28   0x000001b0   Code   RO            3    i.Radio_Process     main.o
    0x08000fd8   0x00000050   Code   RO         2830    i.ReadBurstReg      rf_task.o
    0x08001028   0x0000003c   Code   RO         2831    i.ReadReg           rf_task.o
    0x08001064   0x0000003c   Code   RO         2832    i.ReadStatus        rf_task.o
    0x080010a0   0x0000006c   Code   RO         2833    i.ReceivePacket     rf_task.o
    0x0800110c   0x00000084   Code   RO         2804    i.RfInit            gpio.o
    0x08001190   0x0000004c   Code   RO         2834    i.RfSetup           rf_task.o
    0x080011dc   0x00000038   Code   RO            4    i.SE243L_LNA_Enable  main.o
    0x08001214   0x00000034   Code   RO            5    i.SE243L_PA_Enable  main.o
    0x08001248   0x00000038   Code   RO            6    i.SE243L_SLEEP      main.o
    0x08001280   0x0000003c   Code   RO         2835    i.SPI_read          rf_task.o
    0x080012bc   0x00000050   Code   RO         2836    i.SPI_write         rf_task.o
    0x0800130c   0x00000002   Code   RO          182    i.SVC_Handler       stm32f10x_it.o
    0x0800130e   0x00000026   Code   RO         2837    i.SendPacket        rf_task.o
    0x08001334   0x00000008   Code   RO          239    i.SetSysClock       system_stm32f10x.o
    0x0800133c   0x000000e0   Code   RO          240    i.SetSysClockTo72   system_stm32f10x.o
    0x0800141c   0x00000030   Code   RO         2838    i.Strobe            rf_task.o
    0x0800144c   0x00000028   Code   RO          416    i.SysTick_CLKSourceConfig  misc.o
    0x08001474   0x00000002   Code   RO          183    i.SysTick_Handler   stm32f10x_it.o
    0x08001476   0x00000002   PAD
    0x08001478   0x00000060   Code   RO          242    i.SystemInit        system_stm32f10x.o
    0x080014d8   0x00000088   Code   RO          354    i.USART1_IRQHandler  usart.o
    0x08001560   0x00000054   Code   RO         2308    i.USART_GetITStatus  stm32f10x_usart.o
    0x080015b4   0x0000000a   Code   RO         2318    i.USART_ReceiveData  stm32f10x_usart.o
    0x080015be   0x00000004   Code   RO          184    i.UsageFault_Handler  stm32f10x_it.o
    0x080015c2   0x00000002   PAD
    0x080015c4   0x00000054   Code   RO         2839    i.WriteBurstReg     rf_task.o
    0x08001618   0x0000003c   Code   RO         2840    i.WriteReg          rf_task.o
    0x08001654   0x00000006   Code   RO          355    i._sys_exit         usart.o
    0x0800165a   0x00000002   PAD
    0x0800165c   0x00000044   Code   RO          273    i.delay_init        delay.o
    0x080016a0   0x0000004c   Code   RO          274    i.delay_ms          delay.o
    0x080016ec   0x00000028   Code   RO         2841    i.halRfWriteRfSettings  rf_task.o
    0x08001714   0x00000060   Code   RO            7    i.main              main.o
    0x08001774   0x0000001c   Data   RO         2842    .constdata          rf_task.o
    0x08001790   0x00000828   Data   RO         2947    .constdata          oled.o
    0x08001fb8   0x00000020   Data   RO         3398    Region$$Table       anon$$obj.o


    Execution Region ER_RW (Base: 0x20000000, Size: 0x00000840, Max: 0xffffffff, ABSOLUTE, COMPRESSED[0x00000320])

    Base Addr    Size         Type   Attr      Idx    E Section Name        Object

    0x20000000   0x00000014   Data   RW            9    .data               main.o
    0x20000014   0x00000014   Data   RW          243    .data               system_stm32f10x.o
    0x20000028   0x00000004   Data   RW          276    .data               delay.o
    0x2000002c   0x00000006   Data   RW          359    .data               usart.o
    0x20000032   0x00000001   Data   RW         2805    .data               gpio.o
    0x20000033   0x0000000a   Data   RW         2843    .data               rf_task.o
    0x2000003d   0x00000800   Data   RW         2948    .data               oled.o


    Execution Region ER_ZI (Base: 0x20000840, Size: 0x000007c8, Max: 0xffffffff, ABSOLUTE)

    Base Addr    Size         Type   Attr      Idx    E Section Name        Object

    0x20000840   0x0000009e   Zero   RW            8    .bss                main.o
    0x200008de   0x000000c8   Zero   RW          358    .bss                usart.o
    0x200009a6   0x00000002   PAD
    0x200009a8   0x00000060   Zero   RW         3276    .bss                c_w.l(libspace.o)
    0x20000a08   0x00000200   Zero   RW          406    HEAP                startup_stm32f10x_md.o
    0x20000c08   0x00000400   Zero   RW          405    STACK               startup_stm32f10x_md.o


==============================================================================

Image component sizes


      Code (inc. data)   RO Data    RW Data    ZI Data      Debug   Object Name

       144          0          0          0          0       1679   crc.o
       144         22          0          4          0     206592   delay.o
       242         16          0          1          0       1938   gpio.o
        76          8          0          0          0        467   led.o
       816        124          0         20        158     225117   main.o
       152         12          0          0          0       1458   misc.o
      1036         44       2088       2048          0       8271   oled.o
       882         68         28         10          0       8283   rf_task.o
        64         26        236          0       1536        776   startup_stm32f10x_md.o
       200         18          0          0          0       1996   stm32f10x_exti.o
       522         10          0          0          0       5472   stm32f10x_gpio.o
        26          0          0          0          0       3450   stm32f10x_it.o
        32          6          0          0          0        541   stm32f10x_rcc.o
        94          0          0          0          0       2652   stm32f10x_usart.o
         0          0          0          0          0         32   sys.o
       328         28          0         20          0       1945   system_stm32f10x.o
       142         14          0          6        200       2816   usart.o

    ----------------------------------------------------------------------
      4916        396       2384       2112       1896     473485   Object Totals
         0          0         32          0          0          0   (incl. Generated)
        16          0          0          3          2          0   (incl. Padding)

    ----------------------------------------------------------------------

      Code (inc. data)   RO Data    RW Data    ZI Data      Debug   Library Member Name

       100          0          0          0          0          0   __dclz77c.o
         8          0          0          0          0         68   __main.o
       104          0          0          0          0         84   __printf.o
         0          0          0          0          0          0   __rtentry.o
        12          0          0          0          0          0   __rtentry2.o
         6          0          0          0          0          0   __rtentry4.o
        52          8          0          0          0          0   __scatter.o
        28          0          0          0          0          0   __scatter_zi.o
        48          6          0          0          0         96   _printf_char_common.o
         6          0          0          0          0          0   _printf_d.o
       120         16          0          0          0         92   _printf_dec.o
       178          0          0          0          0         88   _printf_intcommon.o
         0          0          0          0          0          0   _printf_percent.o
         4          0          0          0          0          0   _printf_percent_end.o
        10          0          0          0          0         68   _sputc.o
        18          0          0          0          0         80   exit.o
         6          0          0          0          0        152   heapauxi.o
         2          0          0          0          0          0   libinit.o
         2          0          0          0          0          0   libinit2.o
         2          0          0          0          0          0   libshutdown.o
         2          0          0          0          0          0   libshutdown2.o
         8          4          0          0         96         68   libspace.o
        40          6          0          0          0         84   noretval__2sprintf.o
         2          0          0          0          0          0   rtexit.o
        10          0          0          0          0          0   rtexit2.o
        74          0          0          0          0         80   sys_stackheap_outer.o
         2          0          0          0          0         68   use_no_semi.o
         2          0          0          0          0         68   use_no_semi_2.o

    ----------------------------------------------------------------------
       852         40          0          0         96       1096   Library Totals
         6          0          0          0          0          0   (incl. Padding)

    ----------------------------------------------------------------------

      Code (inc. data)   RO Data    RW Data    ZI Data      Debug   Library Name

       846         40          0          0         96       1096   c_w.l

    ----------------------------------------------------------------------
       852         40          0          0         96       1096   Library Totals

    ----------------------------------------------------------------------

==============================================================================


      Code (inc. data)   RO Data    RW Data    ZI Data      Debug   

      5768        436       2384       2112       1992     470677   Grand Totals
      5768        436       2384        800       1992     470677   ELF Image Totals (compressed)
      5768        436       2384        800          0          0   ROM Totals

==============================================================================

    Total RO  Size (Code + RO Data)                 8152 (   7.96kB)
    Total RW  Size (RW Data + ZI Data)              4104 (   4.01kB)
    Total ROM Size (Code + RO Data + RW Data)       8952 (   8.74kB)

==============================================================================

