Component: ARM Compiler 5.06 update 3 (build 300) Tool: armlink [4d35c9]

==============================================================================

Section Cross References

    main.o(i.Hardware_Init) refers to misc.o(i.NVIC_PriorityGroupConfig) for NVIC_PriorityGroupConfig
    main.o(i.Hardware_Init) refers to usart.o(i.Usart1_Init) for Usart1_Init
    main.o(i.Hardware_Init) refers to usart.o(i.Usart2_Init) for Usart2_Init
    main.o(i.Hardware_Init) refers to usart.o(i.UsartPrintf) for UsartPrintf
    main.o(i.McuInit) refers to delay.o(i.delay_init) for delay_init
    main.o(i.McuInit) refers to led.o(i.LED_Init) for LED_Init
    main.o(i.McuInit) refers to oled.o(i.OLED_Init) for OLED_Init
    main.o(i.McuInit) refers to oled.o(i.OLED_Clear) for OLED_Clear
    main.o(i.McuInit) refers to oled.o(i.OLED_ShowCHinese) for OLED_ShowCHinese
    main.o(i.OneNet_FillBufq) refers to _printf_percent.o(.ARM.Collect$$_printf_percent$$00000000) for _printf_percent
    main.o(i.OneNet_FillBufq) refers to _printf_d.o(.ARM.Collect$$_printf_percent$$00000009) for _printf_d
    main.o(i.OneNet_FillBufq) refers to _printf_dec.o(.text) for _printf_int_dec
    main.o(i.OneNet_FillBufq) refers to rt_memclr_w.o(.text) for __aeabi_memclr4
    main.o(i.OneNet_FillBufq) refers to strcpy.o(.text) for strcpy
    main.o(i.OneNet_FillBufq) refers to __2sprintf.o(.text) for __2sprintf
    main.o(i.OneNet_FillBufq) refers to strcat.o(.text) for strcat
    main.o(i.OneNet_FillBufq) refers to main.o(.data) for adc_value_m4
    main.o(i.RadioInit) refers to rf_task.o(i.RfSetup) for RfSetup
    main.o(i.RadioInit) refers to rf_task.o(i.Strobe) for Strobe
    main.o(i.Radio_Process) refers to _printf_percent.o(.ARM.Collect$$_printf_percent$$00000000) for _printf_percent
    main.o(i.Radio_Process) refers to _printf_d.o(.ARM.Collect$$_printf_percent$$00000009) for _printf_d
    main.o(i.Radio_Process) refers to _printf_dec.o(.text) for _printf_int_dec
    main.o(i.Radio_Process) refers to main.o(i.SE243L_PA_Enable) for SE243L_PA_Enable
    main.o(i.Radio_Process) refers to crc.o(i.RadioComputeCRC) for RadioComputeCRC
    main.o(i.Radio_Process) refers to rf_task.o(i.SendPacket) for SendPacket
    main.o(i.Radio_Process) refers to main.o(i.SE243L_SLEEP) for SE243L_SLEEP
    main.o(i.Radio_Process) refers to rf_task.o(i.Strobe) for Strobe
    main.o(i.Radio_Process) refers to delay.o(i.delay_ms) for delay_ms
    main.o(i.Radio_Process) refers to main.o(i.SE243L_LNA_Enable) for SE243L_LNA_Enable
    main.o(i.Radio_Process) refers to rf_task.o(i.ReceivePacket) for ReceivePacket
    main.o(i.Radio_Process) refers to oled.o(i.OLED_Clear) for OLED_Clear
    main.o(i.Radio_Process) refers to oled.o(i.OLED_ShowCHinese) for OLED_ShowCHinese
    main.o(i.Radio_Process) refers to __2sprintf.o(.text) for __2sprintf
    main.o(i.Radio_Process) refers to oled.o(i.OLED_ShowString) for OLED_ShowString
    main.o(i.Radio_Process) refers to main.o(.data) for RFstate
    main.o(i.Radio_Process) refers to gpio.o(.data) for rfIntRequest
    main.o(i.Radio_Process) refers to main.o(.bss) for TXBuffer
    main.o(i.SE243L_LNA_Enable) refers to stm32f10x_gpio.o(i.GPIO_WriteBit) for GPIO_WriteBit
    main.o(i.SE243L_PA_Enable) refers to stm32f10x_gpio.o(i.GPIO_WriteBit) for GPIO_WriteBit
    main.o(i.SE243L_SLEEP) refers to stm32f10x_gpio.o(i.GPIO_WriteBit) for GPIO_WriteBit
    main.o(i.main) refers to main.o(i.McuInit) for McuInit
    main.o(i.main) refers to gpio.o(i.RfInit) for RfInit
    main.o(i.main) refers to main.o(i.RadioInit) for RadioInit
    main.o(i.main) refers to gpio.o(i.RF_INT_EXTI_Init) for RF_INT_EXTI_Init
    main.o(i.main) refers to delay.o(i.delay_ms) for delay_ms
    main.o(i.main) refers to main.o(i.Hardware_Init) for Hardware_Init
    main.o(i.main) refers to esp8266.o(i.ESP8266_Init) for ESP8266_Init
    main.o(i.main) refers to onenet.o(i.OneNet_DevLink) for OneNet_DevLink
    main.o(i.main) refers to main.o(i.Radio_Process) for Radio_Process
    main.o(i.main) refers to onenet.o(i.OneNet_SendData) for OneNet_SendData
    main.o(i.main) refers to esp8266.o(i.ESP8266_Clear) for ESP8266_Clear
    main.o(i.main) refers to main.o(.data) for EnableMaster
    system_stm32f10x.o(i.SetSysClock) refers to system_stm32f10x.o(i.SetSysClockTo72) for SetSysClockTo72
    system_stm32f10x.o(i.SystemCoreClockUpdate) refers to system_stm32f10x.o(.data) for SystemCoreClock
    system_stm32f10x.o(i.SystemInit) refers to system_stm32f10x.o(i.SetSysClock) for SetSysClock
    delay.o(i.delay_init) refers to misc.o(i.SysTick_CLKSourceConfig) for SysTick_CLKSourceConfig
    delay.o(i.delay_init) refers to system_stm32f10x.o(.data) for SystemCoreClock
    delay.o(i.delay_init) refers to delay.o(.data) for fac_us
    delay.o(i.delay_ms) refers to delay.o(.data) for fac_ms
    delay.o(i.delay_us) refers to delay.o(.data) for fac_us
    usart.o(i.USART1_IRQHandler) refers to stm32f10x_usart.o(i.USART_GetITStatus) for USART_GetITStatus
[...]
    i.GPIO_ReadInputDataBit                  0x080022ec   Section        0  stm32f10x_gpio.o(i.GPIO_ReadInputDataBit)
    i.GPIO_ResetBits                         0x080022fe   Section        0  stm32f10x_gpio.o(i.GPIO_ResetBits)
    i.GPIO_SetBits                           0x08002302   Section        0  stm32f10x_gpio.o(i.GPIO_SetBits)
    i.GPIO_WriteBit                          0x08002306   Section        0  stm32f10x_gpio.o(i.GPIO_WriteBit)
    i.HardFault_Handler                      0x08002310   Section        0  stm32f10x_it.o(i.HardFault_Handler)
    i.Hardware_Init                          0x08002314   Section        0  main.o(i.Hardware_Init)
    i.LED_Init                               0x08002350   Section        0  led.o(i.LED_Init)
    i.MQTT_DeleteBuffer                      0x0800239c   Section        0  mqttkit.o(i.MQTT_DeleteBuffer)
    i.MQTT_DumpLength                        0x080023b8   Section        0  mqttkit.o(i.MQTT_DumpLength)
    i.MQTT_NewBuffer                         0x080023e6   Section        0  mqttkit.o(i.MQTT_NewBuffer)
    i.MQTT_PacketConnect                     0x08002440   Section        0  mqttkit.o(i.MQTT_PacketConnect)
    i.MQTT_PacketPublish                     0x080026e0   Section        0  mqttkit.o(i.MQTT_PacketPublish)
    i.MQTT_PacketSaveData                    0x08002898   Section        0  mqttkit.o(i.MQTT_PacketSaveData)
    i.MQTT_ReadLength                        0x080028f4   Section        0  mqttkit.o(i.MQTT_ReadLength)
    i.MQTT_UnPacketConnectAck                0x0800293a   Section        0  mqttkit.o(i.MQTT_UnPacketConnectAck)
    i.MQTT_UnPacketRecv                      0x08002958   Section        0  mqttkit.o(i.MQTT_UnPacketRecv)
    i.McuInit                                0x080029cc   Section        0  main.o(i.McuInit)
    i.MemManage_Handler                      0x08002a3a   Section        0  stm32f10x_it.o(i.MemManage_Handler)
    i.NMI_Handler                            0x08002a3e   Section        0  stm32f10x_it.o(i.NMI_Handler)
    i.NVIC_Init                              0x08002a40   Section        0  misc.o(i.NVIC_Init)
    i.NVIC_PriorityGroupConfig               0x08002ab0   Section        0  misc.o(i.NVIC_PriorityGroupConfig)
    i.OLED_Clear                             0x08002ac4   Section        0  oled.o(i.OLED_Clear)
    i.OLED_IIC_Start                         0x08002b04   Section        0  oled.o(i.OLED_IIC_Start)
    i.OLED_IIC_Stop                          0x08002b34   Section        0  oled.o(i.OLED_IIC_Stop)
    i.OLED_IIC_Wait_Ack                      0x08002b5c   Section        0  oled.o(i.OLED_IIC_Wait_Ack)
    i.OLED_Init                              0x08002b78   Section        0  oled.o(i.OLED_Init)
    i.OLED_Set_Pos                           0x08002c9c   Section        0  oled.o(i.OLED_Set_Pos)
    i.OLED_ShowCHinese                       0x08002cc4   Section        0  oled.o(i.OLED_ShowCHinese)
    i.OLED_ShowChar                          0x08002d2c   Section        0  oled.o(i.OLED_ShowChar)
    i.OLED_ShowString                        0x08002dd0   Section        0  oled.o(i.OLED_ShowString)
    i.OLED_WR_Byte                           0x08002e06   Section        0  oled.o(i.OLED_WR_Byte)
    i.OLED_Write_IIC_Byte                    0x08002e20   Section        0  oled.o(i.OLED_Write_IIC_Byte)
    i.OLED_Write_IIC_Command                 0x08002e7c   Section        0  oled.o(i.OLED_Write_IIC_Command)
    i.OLED_Write_IIC_Data                    0x08002ea8   Section        0  oled.o(i.OLED_Write_IIC_Data)
    i.OneNet_DevLink                         0x08002ed4   Section        0  onenet.o(i.OneNet_DevLink)
    i.OneNet_FillBuf                         0x08003130   Section        0  onenet.o(i.OneNet_FillBuf)
    i.OneNet_SendData                        0x080031a8   Section        0  onenet.o(i.OneNet_SendData)
    i.POWER_UP_RESET_CCxx00                  0x0800329c   Section        0  rf_task.o(i.POWER_UP_RESET_CCxx00)
    i.PendSV_Handler                         0x080032f4   Section        0  stm32f10x_it.o(i.PendSV_Handler)
    i.RCC_APB1PeriphClockCmd                 0x080032f8   Section        0  stm32f10x_rcc.o(i.RCC_APB1PeriphClockCmd)
    i.RCC_APB2PeriphClockCmd                 0x08003318   Section        0  stm32f10x_rcc.o(i.RCC_APB2PeriphClockCmd)
    i.RCC_GetClocksFreq                      0x08003338   Section        0  stm32f10x_rcc.o(i.RCC_GetClocksFreq)
    i.RF_INT_EXTI_Init                       0x0800340c   Section        0  gpio.o(i.RF_INT_EXTI_Init)
    i.RadioComputeCRC                        0x0800345a   Section        0  crc.o(i.RadioComputeCRC)
    i.RadioInit                              0x080034b4   Section        0  main.o(i.RadioInit)
    i.Radio_Process                          0x080034c4   Section        0  main.o(i.Radio_Process)
    i.ReadBurstReg                           0x080036f8   Section        0  rf_task.o(i.ReadBurstReg)
    i.ReadReg                                0x08003748   Section        0  rf_task.o(i.ReadReg)
    i.ReadStatus                             0x08003784   Section        0  rf_task.o(i.ReadStatus)
    i.ReceivePacket                          0x080037c0   Section        0  rf_task.o(i.ReceivePacket)
    i.RfInit                                 0x0800382c   Section        0  gpio.o(i.RfInit)
    i.RfSetup                                0x080038b0   Section        0  rf_task.o(i.RfSetup)
    i.SE243L_LNA_Enable                      0x080038fc   Section        0  main.o(i.SE243L_LNA_Enable)
    i.SE243L_PA_Enable                       0x08003934   Section        0  main.o(i.SE243L_PA_Enable)
    i.SE243L_SLEEP                           0x08003968   Section        0  main.o(i.SE243L_SLEEP)
    i.SPI_read                               0x080039a0   Section        0  rf_task.o(i.SPI_read)
    i.SPI_write                              0x080039dc   Section        0  rf_task.o(i.SPI_write)
    i.SVC_Handler                            0x08003a2c   Section        0  stm32f10x_it.o(i.SVC_Handler)
    i.SendPacket                             0x08003a2e   Section        0  rf_task.o(i.SendPacket)
    i.SetSysClock                            0x08003a54   Section        0  system_stm32f10x.o(i.SetSysClock)
    SetSysClock                              0x08003a55   Thumb Code     8  system_stm32f10x.o(i.SetSysClock)
    i.SetSysClockTo72                        0x08003a5c   Section        0  system_stm32f10x.o(i.SetSysClockTo72)
    SetSysClockTo72                          0x08003a5d   Thumb Code   214  system_stm32f10x.o(i.SetSysClockTo72)
    i.Strobe                                 0x08003b3c   Section        0  rf_task.o(i.Strobe)
    i.SysTick_CLKSourceConfig                0x08003b6c   Section        0  misc.o(i.SysTick_CLKSourceConfig)
    i.SysTick_Handler                        0x08003b94   Section        0  stm32f10x_it.o(i.SysTick_Handler)
    i.SystemInit                             0x08003b98   Section        0  system_stm32f10x.o(i.SystemInit)
    i.USART1_IRQHandler                      0x08003bf8   Section        0  usart.o(i.USART1_IRQHandler)
    i.USART2_IRQHandler                      0x08003c14   Section        0  esp8266.o(i.USART2_IRQHandler)
    i.USART_ClearFlag                        0x08003c60   Section        0  stm32f10x_usart.o(i.USART_ClearFlag)
    i.USART_Cmd                              0x08003c72   Section        0  stm32f10x_usart.o(i.USART_Cmd)
    i.USART_GetFlagStatus                    0x08003c8a   Section        0  stm32f10x_usart.o(i.USART_GetFlagStatus)
    i.USART_GetITStatus                      0x08003ca4   Section        0  stm32f10x_usart.o(i.USART_GetITStatus)
    i.USART_ITConfig                         0x08003cf8   Section        0  stm32f10x_usart.o(i.USART_ITConfig)
    i.USART_Init                             0x08003d44   Section        0  stm32f10x_usart.o(i.USART_Init)
    i.USART_SendData                         0x08003e1c   Section        0  stm32f10x_usart.o(i.USART_SendData)
    i.UsageFault_Handler                     0x08003e24   Section        0  stm32f10x_it.o(i.UsageFault_Handler)
    i.Usart1_Init                            0x08003e28   Section        0  usart.o(i.Usart1_Init)
    i.Usart2_Init                            0x08003ed8   Section        0  usart.o(i.Usart2_Init)
    i.UsartPrintf                            0x08003f84   Section        0  usart.o(i.UsartPrintf)
    i.Usart_SendString                       0x08003fcc   Section        0  usart.o(i.Usart_SendString)
    i.WriteBurstReg                          0x08004000   Section        0  rf_task.o(i.WriteBurstReg)
    i.WriteReg                               0x08004054   Section        0  rf_task.o(i.WriteReg)
    i.__ARM_fpclassify                       0x08004090   Section        0  fpclassify.o(i.__ARM_fpclassify)
    i._is_digit                              0x080040b8   Section        0  __printf_wp.o(i._is_digit)
    i.delay_init                             0x080040c8   Section        0  delay.o(i.delay_init)
    i.delay_ms                               0x0800410c   Section        0  delay.o(i.delay_ms)
    i.halRfWriteRfSettings                   0x08004158   Section        0  rf_task.o(i.halRfWriteRfSettings)
    i.main                                   0x08004180   Section        0  main.o(i.main)
    locale$$code                             0x0800421c   Section       44  lc_ctype_c.o(locale$$code)
    locale$$code                             0x08004248   Section       44  lc_numeric_c.o(locale$$code)
    x$fpl$printf1                            0x08004274   Section        4  printf1.o(x$fpl$printf1)
    .constdata                               0x08004278   Section       28  rf_task.o(.constdata)
    x$fpl$usenofp                            0x08004278   Section        0  usenofp.o(x$fpl$usenofp)
    preferredSettings                        0x08004278   Data          28  rf_task.o(.constdata)
    .constdata                               0x08004294   Section     2088  oled.o(.constdata)
    .constdata                               0x08004abc   Section       17  __printf_flags_ss_wp.o(.constdata)
    maptable                                 0x08004abc   Data          17  __printf_flags_ss_wp.o(.constdata)
    .constdata                               0x08004ad0   Section        8  _printf_wctomb.o(.constdata)
    initial_mbstate                          0x08004ad0   Data           8  _printf_wctomb.o(.constdata)
    .constdata                               0x08004ad8   Section       40  _printf_hex_int_ll_ptr.o(.constdata)
    uc_hextab                                0x08004ad8   Data          20  _printf_hex_int_ll_ptr.o(.constdata)
    lc_hextab                                0x08004aec   Data          20  _printf_hex_int_ll_ptr.o(.constdata)
    .constdata                               0x08004b00   Section      148  bigflt0.o(.constdata)
    tenpwrs_x                                0x08004b00   Data          60  bigflt0.o(.constdata)
    tenpwrs_i                                0x08004b3c   Data          64  bigflt0.o(.constdata)
    locale$$data                             0x08004bb4   Section      272  lc_ctype_c.o(locale$$data)
    __lcctype_c_name                         0x08004bb8   Data           2  lc_ctype_c.o(locale$$data)
    __lcctype_c_start                        0x08004bc0   Data           0  lc_ctype_c.o(locale$$data)
    locale$$data                             0x08004cc4   Section       28  lc_numeric_c.o(locale$$data)
    __lcctype_c_end                          0x08004cc4   Data           0  lc_ctype_c.o(locale$$data)
    __lcnum_c_name                           0x08004cc8   Data           2  lc_numeric_c.o(locale$$data)
    __lcnum_c_start                          0x08004cd0   Data           0  lc_numeric_c.o(locale$$data)
    __lcnum_c_point                          0x08004cdc   Data           0  lc_numeric_c.o(locale$$data)
    __lcnum_c_thousands                      0x08004cde   Data           0  lc_numeric_c.o(locale$$data)
    __lcnum_c_grouping                       0x08004cdf   Data           0  lc_numeric_c.o(locale$$data)
    __lcnum_c_end                            0x08004ce0   Data           0  lc_numeric_c.o(locale$$data)
    .data                                    0x20000000   Section       20  main.o(.data)
    .data                                    0x20000014   Section       20  system_stm32f10x.o(.data)
    .data                                    0x20000028   Section        4  delay.o(.data)
    fac_us                                   0x20000028   Data           1  delay.o(.data)
    fac_ms                                   0x2000002a   Data           2  delay.o(.data)
    .data                                    0x2000002c   Section       20  stm32f10x_rcc.o(.data)
    APBAHBPrescTable                         0x2000002c   Data          16  stm32f10x_rcc.o(.data)
    ADCPrescTable                            0x2000003c   Data           4  stm32f10x_rcc.o(.data)
    .data                                    0x20000040   Section        1  gpio.o(.data)
    .data                                    0x20000041   Section       10  rf_task.o(.data)
    .data                                    0x2000004b   Section     2304  oled.o(.data)
    .data                                    0x2000094c   Section        4  esp8266.o(.data)
    .data                                    0x20000950   Section       10  onenet.o(.data)
    .bss                                     0x2000095c   Section      158  main.o(.bss)
    .bss                                     0x200009fa   Section      128  esp8266.o(.bss)
    .bss                                     0x20000a7c   Section       96  libspace.o(.bss)
    HEAP                                     0x20000ae0   Section      512  startup_stm32f10x_md.o(HEAP)
    Heap_Mem                                 0x20000ae0   Data         512  startup_stm32f10x_md.o(HEAP)
    STACK                                    0x20000ce0   Section     1024  startup_stm32f10x_md.o(STACK)
    Stack_Mem                                0x20000ce0   Data        1024  startup_stm32f10x_md.o(STACK)
    __initial_sp                             0x200010e0   Data           0  startup_stm32f10x_md.o(STACK)

    Global Symbols

    Symbol Name                              Value     Ov Type        Size  Object(Section)

    BuildAttributes$$THM_ISAv4$P$D$K$B$S$PE$A:L22UL41UL21$X:L11$S22US41US21$IEEE1$IW$USESV6$~STKCKD$USESV7$~SHL$OTIME$ROPI$IEEEJ$EBA8$UX$STANDARDLIB$REQ8$PRES8$EABIv2 0x00000000   Number         0  anon$$obj.o ABSOLUTE
    __ARM_use_no_argv                        0x00000000   Number         0  main.o ABSOLUTE
    _printf_flags                            0x00000000   Number         0  printf_stubs.o ABSOLUTE
    _printf_return_value                     0x00000000   Number         0  printf_stubs.o ABSOLUTE
    _printf_sizespec                         0x00000000   Number         0  printf_stubs.o ABSOLUTE
    _printf_widthprec                        0x00000000   Number         0  printf_stubs.o ABSOLUTE
    __ARM_exceptions_init                     - Undefined Weak Reference
    __alloca_initialize                       - Undefined Weak Reference
    __arm_preinit_                            - Undefined Weak Reference
    __cpp_initialize__aeabi_                  - Undefined Weak Reference
    __cxa_finalize                            - Undefined Weak Reference
    __sigvec_lookup                           - Undefined Weak Reference
    __user_heap_extent                        - Undefined Weak Reference
    _atexit_init                              - Undefined Weak Reference
    _call_atexit_fns                          - Undefined Weak Reference
    _clock_init                               - Undefined Weak Reference
    _fp_trap_init                             - Undefined Weak Reference
    _fp_trap_shutdown                         - Undefined Weak Reference
    _get_lc_collate                           - Undefined Weak Reference
    _get_lc_monetary                          - Undefined Weak Reference
    _get_lc_time                              - Undefined Weak Reference
    _getenv_init                              - Undefined Weak Reference
    _handle_redirection                       - Undefined Weak Reference
    _initio                                   - Undefined Weak Reference
    _mutex_acquire                            - Undefined Weak Reference
    _mutex_free                               - Undefined Weak Reference
    _mutex_release                            - Undefined Weak Reference
    _printf_fp_hex                            - Undefined Weak Reference
    _printf_mbtowc                            - Undefined Weak Reference
    _printf_wc                                - Undefined Weak Reference
    _rand_init                                - Undefined Weak Reference
    _signal_finish                            - Undefined Weak Reference
    _signal_init                              - Undefined Weak Reference
    _terminateio                              - Undefined Weak Reference
    __Vectors_Size                           0x000000ec   Number         0  startup_stm32f10x_md.o ABSOLUTE
    __Vectors                                0x08000000   Data           4  startup_stm32f10x_md.o(RESET)
    __Vectors_End                            0x080000ec   Data           0  startup_stm32f10x_md.o(RESET)
    __main                                   0x080000ed   Thumb Code     8  __main.o(!!!main)
    __scatterload                            0x080000f5   Thumb Code     0  __scatter.o(!!!scatter)
    __scatterload_rt2                        0x080000f5   Thumb Code    44  __scatter.o(!!!scatter)
    __scatterload_rt2_thumb_only             0x080000f5   Thumb Code     0  __scatter.o(!!!scatter)
    __scatterload_null                       0x08000103   Thumb Code     0  __scatter.o(!!!scatter)
    __decompress                             0x08000129   Thumb Code   100  __dclz77c.o(!!dclz77c)
    __decompress2                            0x08000129   Thumb Code     0  __dclz77c.o(!!dclz77c)
    __scatterload_zeroinit                   0x0800018d   Thumb Code    28  __scatter_zi.o(!!handler_zi)
    _printf_n                                0x080001a9   Thumb Code     0  _printf_n.o(.ARM.Collect$$_printf_percent$$00000001)
    _printf_percent                          0x080001a9   Thumb Code     0  _printf_percent.o(.ARM.Collect$$_printf_percent$$00000000)
    _printf_p                                0x080001af   Thumb Code     0  _printf_p.o(.ARM.Collect$$_printf_percent$$00000002)
    _printf_f                                0x080001b5   Thumb Code     0  _printf_f.o(.ARM.Collect$$_printf_percent$$00000003)
    _printf_e                                0x080001bb   Thumb Code     0  _printf_e.o(.ARM.Collect$$_printf_percent$$00000004)
    _printf_g                                0x080001c1   Thumb Code     0  _printf_g.o(.ARM.Collect$$_printf_percent$$00000005)
    _printf_a                                0x080001c7   Thumb Code     0  _printf_a.o(.ARM.Collect$$_printf_percent$$00000006)
    _printf_ll                               0x080001cd   Thumb Code     0  _printf_ll.o(.ARM.Collect$$_printf_percent$$00000007)
    _printf_i                                0x080001d7   Thumb Code     0  _printf_i.o(.ARM.Collect$$_printf_percent$$00000008)
    _printf_d                                0x080001dd   Thumb Code     0  _printf_d.o(.ARM.Collect$$_printf_percent$$00000009)
    _printf_u                                0x080001e3   Thumb Code     0  _printf_u.o(.ARM.Collect$$_printf_percent$$0000000A)
    _printf_o                                0x080001e9   Thumb Code     0  _printf_o.o(.ARM.Collect$$_printf_percent$$0000000B)
    _printf_x                                0x080001ef   Thumb Code     0  _printf_x.o(.ARM.Collect$$_printf_percent$$0000000C)
    _printf_lli                              0x080001f5   Thumb Code     0  _printf_lli.o(.ARM.Collect$$_printf_percent$$0000000D)
    _printf_lld                              0x080001fb   Thumb Code     0  _printf_lld.o(.ARM.Collect$$_printf_percent$$0000000E)
    _printf_llu                              0x08000201   Thumb Code     0  _printf_llu.o(.ARM.Collect$$_printf_percent$$0000000F)
    _printf_llo                              0x08000207   Thumb Code     0  _printf_llo.o(.ARM.Collect$$_printf_percent$$00000010)
    _printf_llx                              0x0800020d   Thumb Code     0  _printf_llx.o(.ARM.Collect$$_printf_percent$$00000011)
    _printf_l                                0x08000213   Thumb Code     0  _printf_l.o(.ARM.Collect$$_printf_percent$$00000012)
    _printf_c                                0x0800021d   Thumb Code     0  _printf_c.o(.ARM.Collect$$_printf_percent$$00000013)
    _printf_s                                0x08000223   Thumb Code     0  _printf_s.o(.ARM.Collect$$_printf_percent$$00000014)
    _printf_lc                               0x08000229   Thumb Code     0  _printf_lc.o(.ARM.Collect$$_printf_percent$$00000015)
    _printf_ls                               0x0800022f   Thumb Code     0  _printf_ls.o(.ARM.Collect$$_printf_percent$$00000016)
    _printf_percent_end                      0x08000235   Thumb Code     0  _printf_percent_end.o(.ARM.Collect$$_printf_percent$$00000017)
    __rt_lib_init                            0x08000239   Thumb Code     0  libinit.o(.ARM.Collect$$libinit$$00000000)
    __rt_lib_init_fp_1                       0x0800023b   Thumb Code     0  libinit2.o(.ARM.Collect$$libinit$$00000002)
    __rt_lib_init_heap_2                     0x0800023b   Thumb Code     0  libinit2.o(.ARM.Collect$$libinit$$00000005)
    __rt_lib_init_preinit_1                  0x0800023b   Thumb Code     0  libinit2.o(.ARM.Collect$$libinit$$00000004)
    __rt_lib_init_heap_1                     0x08000243   Thumb Code     0  libinit2.o(.ARM.Collect$$libinit$$0000000A)
    __rt_lib_init_lc_common                  0x08000243   Thumb Code     0  libinit2.o(.ARM.Collect$$libinit$$0000000F)
    __rt_lib_init_rand_1                     0x08000243   Thumb Code     0  libinit2.o(.ARM.Collect$$libinit$$0000000E)
    __rt_lib_init_user_alloc_1               0x08000243   Thumb Code     0  libinit2.o(.ARM.Collect$$libinit$$0000000C)
    __rt_lib_init_lc_collate_1               0x08000249   Thumb Code     0  libinit2.o(.ARM.Collect$$libinit$$00000011)
    __rt_lib_init_lc_ctype_2                 0x08000249   Thumb Code     0  libinit2.o(.ARM.Collect$$libinit$$00000012)
    __rt_lib_init_lc_ctype_1                 0x08000255   Thumb Code     0  libinit2.o(.ARM.Collect$$libinit$$00000013)
    __rt_lib_init_lc_monetary_1              0x08000255   Thumb Code     0  libinit2.o(.ARM.Collect$$libinit$$00000015)
    __rt_lib_init_lc_numeric_2               0x08000255   Thumb Code     0  libinit2.o(.ARM.Collect$$libinit$$00000016)
    __rt_lib_init_alloca_1                   0x0800025f   Thumb Code     0  libinit2.o(.ARM.Collect$$libinit$$0000002E)
    __rt_lib_init_argv_1                     0x0800025f   Thumb Code     0  libinit2.o(.ARM.Collect$$libinit$$0000002C)
    __rt_lib_init_atexit_1                   0x0800025f   Thumb Code     0  libinit2.o(.ARM.Collect$$libinit$$0000001B)
    __rt_lib_init_clock_1                    0x0800025f   Thumb Code     0  libinit2.o(.ARM.Collect$$libinit$$00000021)
    __rt_lib_init_cpp_1                      0x0800025f   Thumb Code     0  libinit2.o(.ARM.Collect$$libinit$$00000032)
    __rt_lib_init_exceptions_1               0x0800025f   Thumb Code     0  libinit2.o(.ARM.Collect$$libinit$$00000030)
    __rt_lib_init_fp_trap_1                  0x0800025f   Thumb Code     0  libinit2.o(.ARM.Collect$$libinit$$0000001F)
    __rt_lib_init_getenv_1                   0x0800025f   Thumb Code     0  libinit2.o(.ARM.Collect$$libinit$$00000023)
    __rt_lib_init_lc_numeric_1               0x0800025f   Thumb Code     0  libinit2.o(.ARM.Collect$$libinit$$00000017)
    __rt_lib_init_lc_time_1                  0x0800025f   Thumb Code     0  libinit2.o(.ARM.Collect$$libinit$$00000019)
    __rt_lib_init_return                     0x0800025f   Thumb Code     0  libinit2.o(.ARM.Collect$$libinit$$00000033)
    __rt_lib_init_signal_1                   0x0800025f   Thumb Code     0  libinit2.o(.ARM.Collect$$libinit$$0000001D)
    __rt_lib_init_stdio_1                    0x0800025f   Thumb Code     0  libinit2.o(.ARM.Collect$$libinit$$00000025)
    __rt_lib_shutdown                        0x08000261   Thumb Code     0  libshutdown.o(.ARM.Collect$$libshutdown$$00000000)
    __rt_lib_shutdown_cpp_1                  0x08000263   Thumb Code     0  libshutdown2.o(.ARM.Collect$$libshutdown$$00000002)
    __rt_lib_shutdown_fp_trap_1              0x08000263   Thumb Code     0  libshutdown2.o(.ARM.Collect$$libshutdown$$00000007)
    __rt_lib_shutdown_heap_1                 0x08000263   Thumb Code     0  libshutdown2.o(.ARM.Collect$$libshutdown$$0000000F)
    __rt_lib_shutdown_return                 0x08000263   Thumb Code     0  libshutdown2.o(.ARM.Collect$$libshutdown$$00000010)
    __rt_lib_shutdown_signal_1               0x08000263   Thumb Code     0  libshutdown2.o(.ARM.Collect$$libshutdown$$0000000A)
    __rt_lib_shutdown_stdio_1                0x08000263   Thumb Code     0  libshutdown2.o(.ARM.Collect$$libshutdown$$00000004)
    __rt_lib_shutdown_user_alloc_1           0x08000263   Thumb Code     0  libshutdown2.o(.ARM.Collect$$libshutdown$$0000000C)
    __rt_entry                               0x08000265   Thumb Code     0  __rtentry.o(.ARM.Collect$$rtentry$$00000000)
    __rt_entry_presh_1                       0x08000265   Thumb Code     0  __rtentry2.o(.ARM.Collect$$rtentry$$00000002)
    __rt_entry_sh                            0x08000265   Thumb Code     0  __rtentry4.o(.ARM.Collect$$rtentry$$00000004)
    __rt_entry_li                            0x0800026b   Thumb Code     0  __rtentry2.o(.ARM.Collect$$rtentry$$0000000A)
    __rt_entry_postsh_1                      0x0800026b   Thumb Code     0  __rtentry2.o(.ARM.Collect$$rtentry$$00000009)
    __rt_entry_main                          0x0800026f   Thumb Code     0  __rtentry2.o(.ARM.Collect$$rtentry$$0000000D)
    __rt_entry_postli_1                      0x0800026f   Thumb Code     0  __rtentry2.o(.ARM.Collect$$rtentry$$0000000C)
    __rt_exit                                0x08000277   Thumb Code     0  rtexit.o(.ARM.Collect$$rtexit$$00000000)
    __rt_exit_ls                             0x08000279   Thumb Code     0  rtexit2.o(.ARM.Collect$$rtexit$$00000003)
    __rt_exit_prels_1                        0x08000279   Thumb Code     0  rtexit2.o(.ARM.Collect$$rtexit$$00000002)
    __rt_exit_exit                           0x0800027d   Thumb Code     0  rtexit2.o(.ARM.Collect$$rtexit$$00000004)
    Reset_Handler                            0x08000285   Thumb Code     8  startup_stm32f10x_md.o(.text)
    _maybe_terminate_alloc                   0x08000285   Thumb Code     0  maybetermalloc1.o(.emb_text)
    ADC1_2_IRQHandler                        0x0800029f   Thumb Code     0  startup_stm32f10x_md.o(.text)
    CAN1_RX1_IRQHandler                      0x0800029f   Thumb Code     0  startup_stm32f10x_md.o(.text)
    CAN1_SCE_IRQHandler                      0x0800029f   Thumb Code     0  startup_stm32f10x_md.o(.text)
    DMA1_Channel1_IRQHandler                 0x0800029f   Thumb Code     0  startup_stm32f10x_md.o(.text)
    DMA1_Channel2_IRQHandler                 0x0800029f   Thumb Code     0  startup_stm32f10x_md.o(.text)
    DMA1_Channel3_IRQHandler                 0x0800029f   Thumb Code     0  startup_stm32f10x_md.o(.text)
    DMA1_Channel4_IRQHandler                 0x0800029f   Thumb Code     0  startup_stm32f10x_md.o(.text)
    DMA1_Channel5_IRQHandler                 0x0800029f   Thumb Code     0  startup_stm32f10x_md.o(.text)
    DMA1_Channel6_IRQHandler                 0x0800029f   Thumb Code     0  startup_stm32f10x_md.o(.text)
    DMA1_Channel7_IRQHandler                 0x0800029f   Thumb Code     0  startup_stm32f10x_md.o(.text)
    EXTI0_IRQHandler                         0x0800029f   Thumb Code     0  startup_stm32f10x_md.o(.text)
    EXTI1_IRQHandler                         0x0800029f   Thumb Code     0  startup_stm32f10x_md.o(.text)
    EXTI2_IRQHandler                         0x0800029f   Thumb Code     0  startup_stm32f10x_md.o(.text)
    EXTI3_IRQHandler                         0x0800029f   Thumb Code     0  startup_stm32f10x_md.o(.text)
    EXTI4_IRQHandler                         0x0800029f   Thumb Code     0  startup_stm32f10x_md.o(.text)
    EXTI9_5_IRQHandler                       0x0800029f   Thumb Code     0  startup_stm32f10x_md.o(.text)
    FLASH_IRQHandler                         0x0800029f   Thumb Code     0  startup_stm32f10x_md.o(.text)
    I2C1_ER_IRQHandler                       0x0800029f   Thumb Code     0  startup_stm32f10x_md.o(.text)
    I2C1_EV_IRQHandler                       0x0800029f   Thumb Code     0  startup_stm32f10x_md.o(.text)
    I2C2_ER_IRQHandler                       0x0800029f   Thumb Code     0  startup_stm32f10x_md.o(.text)
    I2C2_EV_IRQHandler                       0x0800029f   Thumb Code     0  startup_stm32f10x_md.o(.text)
    PVD_IRQHandler                           0x0800029f   Thumb Code     0  startup_stm32f10x_md.o(.text)
    RCC_IRQHandler                           0x0800029f   Thumb Code     0  startup_stm32f10x_md.o(.text)
    RTCAlarm_IRQHandler                      0x0800029f   Thumb Code     0  startup_stm32f10x_md.o(.text)
    RTC_IRQHandler                           0x0800029f   Thumb Code     0  startup_stm32f10x_md.o(.text)
    SPI1_IRQHandler                          0x0800029f   Thumb Code     0  startup_stm32f10x_md.o(.text)
    SPI2_IRQHandler                          0x0800029f   Thumb Code     0  startup_stm32f10x_md.o(.text)
    TAMPER_IRQHandler                        0x0800029f   Thumb Code     0  startup_stm32f10x_md.o(.text)
    TIM1_BRK_IRQHandler                      0x0800029f   Thumb Code     0  startup_stm32f10x_md.o(.text)
    TIM1_CC_IRQHandler                       0x0800029f   Thumb Code     0  startup_stm32f10x_md.o(.text)
    TIM1_TRG_COM_IRQHandler                  0x0800029f   Thumb Code     0  startup_stm32f10x_md.o(.text)
    TIM1_UP_IRQHandler                       0x0800029f   Thumb Code     0  startup_stm32f10x_md.o(.text)
    TIM2_IRQHandler                          0x0800029f   Thumb Code     0  startup_stm32f10x_md.o(.text)
    TIM3_IRQHandler                          0x0800029f   Thumb Code     0  startup_stm32f10x_md.o(.text)
    TIM4_IRQHandler                          0x0800029f   Thumb Code     0  startup_stm32f10x_md.o(.text)
    USART3_IRQHandler                        0x0800029f   Thumb Code     0  startup_stm32f10x_md.o(.text)
    USBWakeUp_IRQHandler                     0x0800029f   Thumb Code     0  startup_stm32f10x_md.o(.text)
    USB_HP_CAN1_TX_IRQHandler                0x0800029f   Thumb Code     0  startup_stm32f10x_md.o(.text)
    USB_LP_CAN1_RX0_IRQHandler               0x0800029f   Thumb Code     0  startup_stm32f10x_md.o(.text)
    WWDG_IRQHandler                          0x0800029f   Thumb Code     0  startup_stm32f10x_md.o(.text)
    __user_initial_stackheap                 0x080002a1   Thumb Code     0  startup_stm32f10x_md.o(.text)
    malloc                                   0x080002c5   Thumb Code    94  h1_alloc.o(.text)
    free                                     0x08000323   Thumb Code    78  h1_free.o(.text)
    __c89vsnprintf                           0x08000371   Thumb Code    48  c89vsnprintf.o(.text)
    __2sprintf                               0x080003a5   Thumb Code    38  __2sprintf.o(.text)
    _printf_str                              0x080003d1   Thumb Code    82  _printf_str.o(.text)
    _printf_int_dec                          0x08000425   Thumb Code   104  _printf_dec.o(.text)
    __printf                                 0x0800049d   Thumb Code   388  __printf_flags_ss_wp.o(.text)
    strchr                                   0x08000625   Thumb Code    20  strchr.o(.text)
    strncat                                  0x08000639   Thumb Code    36  strncat.o(.text)
    strstr                                   0x0800065d   Thumb Code    36  strstr.o(.text)
    strcpy                                   0x08000681   Thumb Code    72  strcpy.o(.text)
    strlen                                   0x080006c9   Thumb Code    62  strlen.o(.text)
    strcat                                   0x08000707   Thumb Code    24  strcat.o(.text)
    __aeabi_memcpy                           0x0800071f   Thumb Code     0  rt_memcpy_v6.o(.text)
    __rt_memcpy                              0x0800071f   Thumb Code   138  rt_memcpy_v6.o(.text)
    _memcpy_lastbytes                        0x08000785   Thumb Code     0  rt_memcpy_v6.o(.text)
    __aeabi_memclr                           0x080007a9   Thumb Code     0  rt_memclr.o(.text)
    __rt_memclr                              0x080007a9   Thumb Code    68  rt_memclr.o(.text)
    _memset                                  0x080007ad   Thumb Code     0  rt_memclr.o(.text)
    __aeabi_memclr4                          0x080007ed   Thumb Code     0  rt_memclr_w.o(.text)
    __aeabi_memclr8                          0x080007ed   Thumb Code     0  rt_memclr_w.o(.text)
    __rt_memclr_w                            0x080007ed   Thumb Code    78  rt_memclr_w.o(.text)
    _memset_w                                0x080007f1   Thumb Code     0  rt_memclr_w.o(.text)
    __use_two_region_memory                  0x0800083b   Thumb Code     2  heapauxi.o(.text)
    __rt_heap_escrow                         0x0800083d   Thumb Code     2  heapauxi.o(.text)
    __rt_heap_expand                         0x0800083f   Thumb Code     2  heapauxi.o(.text)
    __rt_heap_descriptor                     0x08000841   Thumb Code     8  rt_heap_descriptor_intlibspace.o(.text)
    __use_no_heap                            0x08000849   Thumb Code     2  hguard.o(.text)
    __heap$guard                             0x0800084b   Thumb Code     2  hguard.o(.text)
    _terminate_user_alloc                    0x0800084d   Thumb Code     2  init_alloc.o(.text)
    _init_user_alloc                         0x0800084f   Thumb Code     2  init_alloc.o(.text)
    __Heap_Full                              0x08000851   Thumb Code    34  init_alloc.o(.text)
    __Heap_Broken                            0x08000873   Thumb Code     6  init_alloc.o(.text)
    _init_alloc                              0x08000879   Thumb Code    94  init_alloc.o(.text)
    __Heap_Initialize                        0x080008d7   Thumb Code    10  h1_init.o(.text)
    __Heap_DescSize                          0x080008e1   Thumb Code     4  h1_init.o(.text)
    _printf_pre_padding                      0x080008e5   Thumb Code    44  _printf_pad.o(.text)
    _printf_post_padding                     0x08000911   Thumb Code    34  _printf_pad.o(.text)
    _printf_truncate_signed                  0x08000933   Thumb Code    18  _printf_truncate.o(.text)
    _printf_truncate_unsigned                0x08000945   Thumb Code    18  _printf_truncate.o(.text)
    _printf_int_common                       0x08000957   Thumb Code   178  _printf_intcommon.o(.text)
    _printf_charcount                        0x08000a09   Thumb Code    40  _printf_charcount.o(.text)
    _printf_char_common                      0x08000a3b   Thumb Code    32  _printf_char_common.o(.text)
    _sputc                                   0x08000a61   Thumb Code    10  _sputc.o(.text)
    _snputc                                  0x08000a6b   Thumb Code    16  _snputc.o(.text)
    _printf_cs_common                        0x08000a7b   Thumb Code    20  _printf_char.o(.text)
    _printf_char                             0x08000a8f   Thumb Code    16  _printf_char.o(.text)
    _printf_string                           0x08000a9f   Thumb Code     8  _printf_char.o(.text)
    _printf_wctomb                           0x08000aa9   Thumb Code   182  _printf_wctomb.o(.text)
    _printf_longlong_dec                     0x08000b65   Thumb Code   108  _printf_longlong_dec.o(.text)
    _printf_longlong_oct                     0x08000be1   Thumb Code    68  _printf_oct_int_ll.o(.text)
    _printf_int_oct                          0x08000c25   Thumb Code    24  _printf_oct_int_ll.o(.text)
    _printf_ll_oct                           0x08000c3d   Thumb Code    12  _printf_oct_int_ll.o(.text)
    _printf_longlong_hex                     0x08000c51   Thumb Code    86  _printf_hex_int_ll_ptr.o(.text)
    _printf_int_hex                          0x08000ca7   Thumb Code    28  _printf_hex_int_ll_ptr.o(.text)
    _printf_ll_hex                           0x08000cc3   Thumb Code    12  _printf_hex_int_ll_ptr.o(.text)
    _printf_hex_ptr                          0x08000ccf   Thumb Code    18  _printf_hex_int_ll_ptr.o(.text)
    __aeabi_memcpy4                          0x08000ce5   Thumb Code     0  rt_memcpy_w.o(.text)
    __aeabi_memcpy8                          0x08000ce5   Thumb Code     0  rt_memcpy_w.o(.text)
    __rt_memcpy_w                            0x08000ce5   Thumb Code   100  rt_memcpy_w.o(.text)
    _memcpy_lastbytes_aligned                0x08000d2d   Thumb Code     0  rt_memcpy_w.o(.text)
    __user_libspace                          0x08000d49   Thumb Code     8  libspace.o(.text)
    __user_perproc_libspace                  0x08000d49   Thumb Code     0  libspace.o(.text)
    __user_perthread_libspace                0x08000d49   Thumb Code     0  libspace.o(.text)
    __rt_ctype_table                         0x08000d51   Thumb Code    16  rt_ctype_table.o(.text)
    __Heap_ProvideMemory                     0x08000d61   Thumb Code    52  h1_extend.o(.text)
    _ll_udiv10                               0x08000d95   Thumb Code   138  lludiv10.o(.text)
    __lib_sel_fp_printf                      0x08000e1f   Thumb Code     2  _printf_fp_dec.o(.text)
    _printf_fp_dec_real                      0x08000fcd   Thumb Code   620  _printf_fp_dec.o(.text)
    _printf_lcs_common                       0x08001239   Thumb Code    20  _printf_wchar.o(.text)
    _printf_wchar                            0x0800124d   Thumb Code    16  _printf_wchar.o(.text)
    _printf_wstring                          0x0800125d   Thumb Code     8  _printf_wchar.o(.text)
    _wcrtomb                                 0x08001265   Thumb Code    64  _wcrtomb.o(.text)
    __rt_SIGRTMEM                            0x080012a5   Thumb Code    14  defsig_rtmem_outer.o(.text)
    __I$use$semihosting                      0x080012b3   Thumb Code     0  use_no_semi.o(.text)
    __use_no_semihosting_swi                 0x080012b3   Thumb Code     2  use_no_semi.o(.text)
    __semihosting_library_function           0x080012b5   Thumb Code     0  indicate_semi.o(.text)
    __user_setup_stackheap                   0x080012b5   Thumb Code    74  sys_stackheap_outer.o(.text)
    __rt_locale                              0x08001301   Thumb Code     8  rt_locale_intlibspace.o(.text)
    _printf_fp_infnan                        0x08001309   Thumb Code   112  _printf_fp_infnan.o(.text)
    _btod_etento                             0x08001389   Thumb Code   216  bigflt0.o(.text)
    exit                                     0x08001465   Thumb Code    18  exit.o(.text)
    __sig_exit                               0x08001477   Thumb Code    10  defsig_exit.o(.text)
    __rt_SIGRTMEM_inner                      0x08001481   Thumb Code    22  defsig_rtmem_inner.o(.text)
    _sys_exit                                0x080014d1   Thumb Code     8  sys_exit.o(.text)
    __default_signal_display                 0x080014dd   Thumb Code    50  defsig_general.o(.text)
    strcmp                                   0x08001511   Thumb Code   128  strcmpv7m.o(.text)
    _ttywrch                                 0x08001591   Thumb Code    14  sys_wrch.o(.text)
    _btod_d2e                                0x0800159f   Thumb Code    62  btod.o(CL$$btod_d2e)
    _d2e_denorm_low                          0x080015dd   Thumb Code    70  btod.o(CL$$btod_d2e_denorm_low)
    _d2e_norm_op1                            0x08001623   Thumb Code    96  btod.o(CL$$btod_d2e_norm_op1)
    __btod_div_common                        0x08001683   Thumb Code   696  btod.o(CL$$btod_div_common)
    _e2e                                     0x080019bb   Thumb Code   198  btod.o(CL$$btod_e2e)
    _btod_ediv                               0x08001a81   Thumb Code    40  btod.o(CL$$btod_ediv)
    _btod_emul                               0x08001aa9   Thumb Code    40  btod.o(CL$$btod_emul)
    __btod_mult_common                       0x08001ad1   Thumb Code   580  btod.o(CL$$btod_mult_common)
    BusFault_Handler                         0x08001d15   Thumb Code     4  stm32f10x_it.o(i.BusFault_Handler)
    ComputeCrc                               0x08001d19   Thumb Code    54  crc.o(i.ComputeCrc)
    DebugMon_Handler                         0x08001d4f   Thumb Code     2  stm32f10x_it.o(i.DebugMon_Handler)
    ESP8266_Clear                            0x08001d51   Thumb Code    18  esp8266.o(i.ESP8266_Clear)
    ESP8266_GetIPD                           0x08001d6d   Thumb Code    68  esp8266.o(i.ESP8266_GetIPD)
    ESP8266_Init                             0x08001dbd   Thumb Code   166  esp8266.o(i.ESP8266_Init)
    ESP8266_SendCmd                          0x08001f4d   Thumb Code    76  esp8266.o(i.ESP8266_SendCmd)
    ESP8266_SendData                         0x08001fa1   Thumb Code    46  esp8266.o(i.ESP8266_SendData)
    ESP8266_WaitRecive                       0x08001fe9   Thumb Code    42  esp8266.o(i.ESP8266_WaitRecive)
    EXTI15_10_IRQHandler                     0x0800201d   Thumb Code    26  gpio.o(i.EXTI15_10_IRQHandler)
    EXTI_ClearITPendingBit                   0x0800203d   Thumb Code     6  stm32f10x_exti.o(i.EXTI_ClearITPendingBit)
    EXTI_GetITStatus                         0x08002049   Thumb Code    34  stm32f10x_exti.o(i.EXTI_GetITStatus)
    EXTI_Init                                0x08002071   Thumb Code   142  stm32f10x_exti.o(i.EXTI_Init)
    GPIO_EXTILineConfig                      0x08002105   Thumb Code    60  stm32f10x_gpio.o(i.GPIO_EXTILineConfig)
    GPIO_Init                                0x08002145   Thumb Code   278  stm32f10x_gpio.o(i.GPIO_Init)
    GPIO_PinRemapConfig                      0x0800225d   Thumb Code   138  stm32f10x_gpio.o(i.GPIO_PinRemapConfig)
    GPIO_ReadInputDataBit                    0x080022ed   Thumb Code    18  stm32f10x_gpio.o(i.GPIO_ReadInputDataBit)
    GPIO_ResetBits                           0x080022ff   Thumb Code     4  stm32f10x_gpio.o(i.GPIO_ResetBits)
    GPIO_SetBits                             0x08002303   Thumb Code     4  stm32f10x_gpio.o(i.GPIO_SetBits)
    GPIO_WriteBit                            0x08002307   Thumb Code    10  stm32f10x_gpio.o(i.GPIO_WriteBit)
    HardFault_Handler                        0x08002311   Thumb Code     4  stm32f10x_it.o(i.HardFault_Handler)
    Hardware_Init                            0x08002315   Thumb Code    36  main.o(i.Hardware_Init)
    LED_Init                                 0x08002351   Thumb Code    68  led.o(i.LED_Init)
    MQTT_DeleteBuffer                        0x0800239d   Thumb Code    28  mqttkit.o(i.MQTT_DeleteBuffer)
    MQTT_DumpLength                          0x080023b9   Thumb Code    46  mqttkit.o(i.MQTT_DumpLength)
    MQTT_NewBuffer                           0x080023e7   Thumb Code    88  mqttkit.o(i.MQTT_NewBuffer)
    MQTT_PacketConnect                       0x08002441   Thumb Code   666  mqttkit.o(i.MQTT_PacketConnect)
    MQTT_PacketPublish                       0x080026e1   Thumb Code   440  mqttkit.o(i.MQTT_PacketPublish)
    MQTT_PacketSaveData                      0x08002899   Thumb Code    88  mqttkit.o(i.MQTT_PacketSaveData)
    MQTT_ReadLength                          0x080028f5   Thumb Code    70  mqttkit.o(i.MQTT_ReadLength)
    MQTT_UnPacketConnectAck                  0x0800293b   Thumb Code    30  mqttkit.o(i.MQTT_UnPacketConnectAck)
    MQTT_UnPacketRecv                        0x08002959   Thumb Code   106  mqttkit.o(i.MQTT_UnPacketRecv)
    McuInit                                  0x080029cd   Thumb Code   110  main.o(i.McuInit)
    MemManage_Handler                        0x08002a3b   Thumb Code     4  stm32f10x_it.o(i.MemManage_Handler)
    NMI_Handler                              0x08002a3f   Thumb Code     2  stm32f10x_it.o(i.NMI_Handler)
    NVIC_Init                                0x08002a41   Thumb Code   100  misc.o(i.NVIC_Init)
    NVIC_PriorityGroupConfig                 0x08002ab1   Thumb Code    10  misc.o(i.NVIC_PriorityGroupConfig)
    OLED_Clear                               0x08002ac5   Thumb Code    62  oled.o(i.OLED_Clear)
    OLED_IIC_Start                           0x08002b05   Thumb Code    44  oled.o(i.OLED_IIC_Start)
    OLED_IIC_Stop                            0x08002b35   Thumb Code    34  oled.o(i.OLED_IIC_Stop)
    OLED_IIC_Wait_Ack                        0x08002b5d   Thumb Code    24  oled.o(i.OLED_IIC_Wait_Ack)
    OLED_Init                                0x08002b79   Thumb Code   282  oled.o(i.OLED_Init)
    OLED_Set_Pos                             0x08002c9d   Thumb Code    40  oled.o(i.OLED_Set_Pos)
    OLED_ShowCHinese                         0x08002cc5   Thumb Code    98  oled.o(i.OLED_ShowCHinese)
    OLED_ShowChar                            0x08002d2d   Thumb Code   154  oled.o(i.OLED_ShowChar)
    OLED_ShowString                          0x08002dd1   Thumb Code    54  oled.o(i.OLED_ShowString)
    OLED_WR_Byte                             0x08002e07   Thumb Code    24  oled.o(i.OLED_WR_Byte)
    OLED_Write_IIC_Byte                      0x08002e21   Thumb Code    88  oled.o(i.OLED_Write_IIC_Byte)
    OLED_Write_IIC_Command                   0x08002e7d   Thumb Code    44  oled.o(i.OLED_Write_IIC_Command)
    OLED_Write_IIC_Data                      0x08002ea9   Thumb Code    44  oled.o(i.OLED_Write_IIC_Data)
    OneNet_DevLink                           0x08002ed5   Thumb Code   238  onenet.o(i.OneNet_DevLink)
    OneNet_FillBuf                           0x08003131   Thumb Code    90  onenet.o(i.OneNet_FillBuf)
    OneNet_SendData                          0x080031a9   Thumb Code   140  onenet.o(i.OneNet_SendData)
    POWER_UP_RESET_CCxx00                    0x0800329d   Thumb Code    82  rf_task.o(i.POWER_UP_RESET_CCxx00)
    PendSV_Handler                           0x080032f5   Thumb Code     2  stm32f10x_it.o(i.PendSV_Handler)
    RCC_APB1PeriphClockCmd                   0x080032f9   Thumb Code    26  stm32f10x_rcc.o(i.RCC_APB1PeriphClockCmd)
    RCC_APB2PeriphClockCmd                   0x08003319   Thumb Code    26  stm32f10x_rcc.o(i.RCC_APB2PeriphClockCmd)
    RCC_GetClocksFreq                        0x08003339   Thumb Code   192  stm32f10x_rcc.o(i.RCC_GetClocksFreq)
    RF_INT_EXTI_Init                         0x0800340d   Thumb Code    78  gpio.o(i.RF_INT_EXTI_Init)
    RadioComputeCRC                          0x0800345b   Thumb Code    90  crc.o(i.RadioComputeCRC)
    RadioInit                                0x080034b5   Thumb Code    14  main.o(i.RadioInit)
    Radio_Process                            0x080034c5   Thumb Code   486  main.o(i.Radio_Process)
    ReadBurstReg                             0x080036f9   Thumb Code    74  rf_task.o(i.ReadBurstReg)
    ReadReg                                  0x08003749   Thumb Code    56  rf_task.o(i.ReadReg)
    ReadStatus                               0x08003785   Thumb Code    56  rf_task.o(i.ReadStatus)
    ReceivePacket                            0x080037c1   Thumb Code   102  rf_task.o(i.ReceivePacket)
    RfInit                                   0x0800382d   Thumb Code   122  gpio.o(i.RfInit)
    RfSetup                                  0x080038b1   Thumb Code    66  rf_task.o(i.RfSetup)
    SE243L_LNA_Enable                        0x080038fd   Thumb Code    46  main.o(i.SE243L_LNA_Enable)
    SE243L_PA_Enable                         0x08003935   Thumb Code    44  main.o(i.SE243L_PA_Enable)
    SE243L_SLEEP                             0x08003969   Thumb Code    46  main.o(i.SE243L_SLEEP)
    SPI_read                                 0x080039a1   Thumb Code    54  rf_task.o(i.SPI_read)
    SPI_write                                0x080039dd   Thumb Code    74  rf_task.o(i.SPI_write)
    SVC_Handler                              0x08003a2d   Thumb Code     2  stm32f10x_it.o(i.SVC_Handler)
    SendPacket                               0x08003a2f   Thumb Code    38  rf_task.o(i.SendPacket)
    Strobe                                   0x08003b3d   Thumb Code    44  rf_task.o(i.Strobe)
    SysTick_CLKSourceConfig                  0x08003b6d   Thumb Code    40  misc.o(i.SysTick_CLKSourceConfig)
    SysTick_Handler                          0x08003b95   Thumb Code     2  stm32f10x_it.o(i.SysTick_Handler)
    SystemInit                               0x08003b99   Thumb Code    78  system_stm32f10x.o(i.SystemInit)
    USART1_IRQHandler                        0x08003bf9   Thumb Code    24  usart.o(i.USART1_IRQHandler)
    USART2_IRQHandler                        0x08003c15   Thumb Code    62  esp8266.o(i.USART2_IRQHandler)
    USART_ClearFlag                          0x08003c61   Thumb Code    18  stm32f10x_usart.o(i.USART_ClearFlag)
    USART_Cmd                                0x08003c73   Thumb Code    24  stm32f10x_usart.o(i.USART_Cmd)
    USART_GetFlagStatus                      0x08003c8b   Thumb Code    26  stm32f10x_usart.o(i.USART_GetFlagStatus)
    USART_GetITStatus                        0x08003ca5   Thumb Code    84  stm32f10x_usart.o(i.USART_GetITStatus)
    USART_ITConfig                           0x08003cf9   Thumb Code    74  stm32f10x_usart.o(i.USART_ITConfig)
    USART_Init                               0x08003d45   Thumb Code   210  stm32f10x_usart.o(i.USART_Init)
    USART_SendData                           0x08003e1d   Thumb Code     8  stm32f10x_usart.o(i.USART_SendData)
    UsageFault_Handler                       0x08003e25   Thumb Code     4  stm32f10x_it.o(i.UsageFault_Handler)
    Usart1_Init                              0x08003e29   Thumb Code   166  usart.o(i.Usart1_Init)
    Usart2_Init                              0x08003ed9   Thumb Code   162  usart.o(i.Usart2_Init)
    UsartPrintf                              0x08003f85   Thumb Code    72  usart.o(i.UsartPrintf)
    Usart_SendString                         0x08003fcd   Thumb Code    50  usart.o(i.Usart_SendString)
    WriteBurstReg                            0x08004001   Thumb Code    78  rf_task.o(i.WriteBurstReg)
    WriteReg                                 0x08004055   Thumb Code    56  rf_task.o(i.WriteReg)
    __ARM_fpclassify                         0x08004091   Thumb Code    40  fpclassify.o(i.__ARM_fpclassify)
    _is_digit                                0x080040b9   Thumb Code    14  __printf_wp.o(i._is_digit)
    delay_init                               0x080040c9   Thumb Code    50  delay.o(i.delay_init)
    delay_ms                                 0x0800410d   Thumb Code    72  delay.o(i.delay_ms)
    halRfWriteRfSettings                     0x08004159   Thumb Code    34  rf_task.o(i.halRfWriteRfSettings)
    main                                     0x08004181   Thumb Code   130  main.o(i.main)
    _get_lc_ctype                            0x0800421d   Thumb Code    44  lc_ctype_c.o(locale$$code)
    _get_lc_numeric                          0x08004249   Thumb Code    44  lc_numeric_c.o(locale$$code)
    _printf_fp_dec                           0x08004275   Thumb Code     4  printf1.o(x$fpl$printf1)
    __I$use$fp                               0x08004278   Number         0  usenofp.o(x$fpl$usenofp)
    F6x8                                     0x08004294   Data         552  oled.o(.constdata)
    F8X16                                    0x080044bc   Data        1536  oled.o(.constdata)
    Region$$Table$$Base                      0x08004b94   Number         0  anon$$obj.o(Region$$Table)
    Region$$Table$$Limit                     0x08004bb4   Number         0  anon$$obj.o(Region$$Table)
    __ctype                                  0x08004bc1   Data           0  lc_ctype_c.o(locale$$data)
    EnableMaster                             0x20000000   Data           1  main.o(.data)
    m4_value                                 0x20000002   Data           2  main.o(.data)
    m6_value                                 0x20000004   Data           2  main.o(.data)
    adc_value_m4                             0x20000006   Data           1  main.o(.data)
    adc_value_m6                             0x20000007   Data           1  main.o(.data)
    received_crc_value                       0x20000008   Data           2  main.o(.data)
    RFstate                                  0x2000000a   Data           1  main.o(.data)
    m5_value                                 0x2000000c   Data           2  main.o(.data)
    flag                                     0x20000010   Data           4  main.o(.data)
    SystemCoreClock                          0x20000014   Data           4  system_stm32f10x.o(.data)
    AHBPrescTable                            0x20000018   Data          16  system_stm32f10x.o(.data)
    rfIntRequest                             0x20000040   Data           1  gpio.o(.data)
    paTable_CCxx0x                           0x20000041   Data           8  rf_task.o(.data)
    value                                    0x20000049   Data           1  rf_task.o(.data)
    RSSI_dec                                 0x2000004a   Data           1  rf_task.o(.data)
    Hzk                                      0x2000004b   Data        2304  oled.o(.data)
    esp8266_cnt                              0x2000094c   Data           2  esp8266.o(.data)
    esp8266_cntPre                           0x2000094e   Data           2  esp8266.o(.data)
    key1_velue                               0x20000950   Data           2  onenet.o(.data)
    key2_velue                               0x20000952   Data           2  onenet.o(.data)
    key3_velue                               0x20000954   Data           1  onenet.o(.data)
    key4_velue                               0x20000955   Data           1  onenet.o(.data)
    key5_velue                               0x20000956   Data           1  onenet.o(.data)
    key6_velue                               0x20000957   Data           1  onenet.o(.data)
    key7_velue                               0x20000958   Data           1  onenet.o(.data)
    key8_velue                               0x20000959   Data           1  onenet.o(.data)
    TXBuffer                                 0x2000095c   Data          64  main.o(.bss)
    RXBuffer                                 0x2000099c   Data          64  main.o(.bss)
    buff                                     0x200009dc   Data          30  main.o(.bss)
    esp8266_buf                              0x200009fa   Data         128  esp8266.o(.bss)
    __libspace_start                         0x20000a7c   Data          96  libspace.o(.bss)
    __temporary_stack_top$libspace           0x20000adc   Data           0  libspace.o(.bss)



==============================================================================

Memory Map of the image

  Image Entry point : 0x08000285

  Load Region LR_1 (Base: 0x08000000, Size: 0x0000563c, Max: 0xffffffff, ABSOLUTE, COMPRESSED[0x0000504c])

    Execution Region ER_RO (Base: 0x08000000, Size: 0x00004ce0, Max: 0xffffffff, ABSOLUTE)

    Base Addr    Size         Type   Attr      Idx    E Section Name        Object

    0x08000000   0x000000ec   Data   RO          439    RESET               startup_stm32f10x_md.o
    0x080000ec   0x00000008   Code   RO         3605  * !!!main             c_w.l(__main.o)
    0x080000f4   0x00000034   Code   RO         3979    !!!scatter          c_w.l(__scatter.o)
    0x08000128   0x00000064   Code   RO         3977    !!dclz77c           c_w.l(__dclz77c.o)
    0x0800018c   0x0000001c   Code   RO         3981    !!handler_zi        c_w.l(__scatter_zi.o)
    0x080001a8   0x00000000   Code   RO         3582    .ARM.Collect$$_printf_percent$$00000000  c_w.l(_printf_percent.o)
    0x080001a8   0x00000006   Code   RO         3713    .ARM.Collect$$_printf_percent$$00000001  c_w.l(_printf_n.o)
    0x080001ae   0x00000006   Code   RO         3715    .ARM.Collect$$_printf_percent$$00000002  c_w.l(_printf_p.o)
    0x080001b4   0x00000006   Code   RO         3719    .ARM.Collect$$_printf_percent$$00000003  c_w.l(_printf_f.o)
    0x080001ba   0x00000006   Code   RO         3720    .ARM.Collect$$_printf_percent$$00000004  c_w.l(_printf_e.o)
    0x080001c0   0x00000006   Code   RO         3721    .ARM.Collect$$_printf_percent$$00000005  c_w.l(_printf_g.o)
    0x080001c6   0x00000006   Code   RO         3722    .ARM.Collect$$_printf_percent$$00000006  c_w.l(_printf_a.o)
    0x080001cc   0x0000000a   Code   RO         3727    .ARM.Collect$$_printf_percent$$00000007  c_w.l(_printf_ll.o)
    0x080001d6   0x00000006   Code   RO         3717    .ARM.Collect$$_printf_percent$$00000008  c_w.l(_printf_i.o)
    0x080001dc   0x00000006   Code   RO         3581    .ARM.Collect$$_printf_percent$$00000009  c_w.l(_printf_d.o)
    0x080001e2   0x00000006   Code   RO         3718    .ARM.Collect$$_printf_percent$$0000000A  c_w.l(_printf_u.o)
    0x080001e8   0x00000006   Code   RO         3716    .ARM.Collect$$_printf_percent$$0000000B  c_w.l(_printf_o.o)
    0x080001ee   0x00000006   Code   RO         3714    .ARM.Collect$$_printf_percent$$0000000C  c_w.l(_printf_x.o)
    0x080001f4   0x00000006   Code   RO         3724    .ARM.Collect$$_printf_percent$$0000000D  c_w.l(_printf_lli.o)
    0x080001fa   0x00000006   Code   RO         3725    .ARM.Collect$$_printf_percent$$0000000E  c_w.l(_printf_lld.o)
    0x08000200   0x00000006   Code   RO         3726    .ARM.Collect$$_printf_percent$$0000000F  c_w.l(_printf_llu.o)
    0x08000206   0x00000006   Code   RO         3731    .ARM.Collect$$_printf_percent$$00000010  c_w.l(_printf_llo.o)
    0x0800020c   0x00000006   Code   RO         3732    .ARM.Collect$$_printf_percent$$00000011  c_w.l(_printf_llx.o)
    0x08000212   0x0000000a   Code   RO         3728    .ARM.Collect$$_printf_percent$$00000012  c_w.l(_printf_l.o)
    0x0800021c   0x00000006   Code   RO         3712    .ARM.Collect$$_printf_percent$$00000013  c_w.l(_printf_c.o)
    0x08000222   0x00000006   Code   RO         3580    .ARM.Collect$$_printf_percent$$00000014  c_w.l(_printf_s.o)
    0x08000228   0x00000006   Code   RO         3729    .ARM.Collect$$_printf_percent$$00000015  c_w.l(_printf_lc.o)
    0x0800022e   0x00000006   Code   RO         3730    .ARM.Collect$$_printf_percent$$00000016  c_w.l(_printf_ls.o)
    0x08000234   0x00000004   Code   RO         3723    .ARM.Collect$$_printf_percent$$00000017  c_w.l(_printf_percent_end.o)
    0x08000238   0x00000002   Code   RO         3910    .ARM.Collect$$libinit$$00000000  c_w.l(libinit.o)
    0x0800023a   0x00000000   Code   RO         3740    .ARM.Collect$$libinit$$00000002  c_w.l(libinit2.o)
    0x0800023a   0x00000000   Code   RO         3742    .ARM.Collect$$libinit$$00000004  c_w.l(libinit2.o)
    0x0800023a   0x00000008   Code   RO         3743    .ARM.Collect$$libinit$$00000005  c_w.l(libinit2.o)
    0x08000242   0x00000000   Code   RO         3745    .ARM.Collect$$libinit$$0000000A  c_w.l(libinit2.o)
    0x08000242   0x00000000   Code   RO         3747    .ARM.Collect$$libinit$$0000000C  c_w.l(libinit2.o)
    0x08000242   0x00000000   Code   RO         3749    .ARM.Collect$$libinit$$0000000E  c_w.l(libinit2.o)
    0x08000242   0x00000006   Code   RO         3750    .ARM.Collect$$libinit$$0000000F  c_w.l(libinit2.o)
    0x08000248   0x00000000   Code   RO         3752    .ARM.Collect$$libinit$$00000011  c_w.l(libinit2.o)
    0x08000248   0x0000000c   Code   RO         3753    .ARM.Collect$$libinit$$00000012  c_w.l(libinit2.o)
    0x08000254   0x00000000   Code   RO         3754    .ARM.Collect$$libinit$$00000013  c_w.l(libinit2.o)
    0x08000254   0x00000000   Code   RO         3756    .ARM.Collect$$libinit$$00000015  c_w.l(libinit2.o)
    0x08000254   0x0000000a   Code   RO         3757    .ARM.Collect$$libinit$$00000016  c_w.l(libinit2.o)
    0x0800025e   0x00000000   Code   RO         3758    .ARM.Collect$$libinit$$00000017  c_w.l(libinit2.o)
    0x0800025e   0x00000000   Code   RO         3760    .ARM.Collect$$libinit$$00000019  c_w.l(libinit2.o)
    0x0800025e   0x00000000   Code   RO         3762    .ARM.Collect$$libinit$$0000001B  c_w.l(libinit2.o)
    0x0800025e   0x00000000   Code   RO         3764    .ARM.Collect$$libinit$$0000001D  c_w.l(libinit2.o)
    0x0800025e   0x00000000   Code   RO         3766    .ARM.Collect$$libinit$$0000001F  c_w.l(libinit2.o)
    0x0800025e   0x00000000   Code   RO         3768    .ARM.Collect$$libinit$$00000021  c_w.l(libinit2.o)
    0x0800025e   0x00000000   Code   RO         3770    .ARM.Collect$$libinit$$00000023  c_w.l(libinit2.o)
    0x0800025e   0x00000000   Code   RO         3772    .ARM.Collect$$libinit$$00000025  c_w.l(libinit2.o)
    0x0800025e   0x00000000   Code   RO         3776    .ARM.Collect$$libinit$$0000002C  c_w.l(libinit2.o)
    0x0800025e   0x00000000   Code   RO         3778    .ARM.Collect$$libinit$$0000002E  c_w.l(libinit2.o)
    0x0800025e   0x00000000   Code   RO         3780    .ARM.Collect$$libinit$$00000030  c_w.l(libinit2.o)
    0x0800025e   0x00000000   Code   RO         3782    .ARM.Collect$$libinit$$00000032  c_w.l(libinit2.o)
    0x0800025e   0x00000002   Code   RO         3783    .ARM.Collect$$libinit$$00000033  c_w.l(libinit2.o)
    0x08000260   0x00000002   Code   RO         3974    .ARM.Collect$$libshutdown$$00000000  c_w.l(libshutdown.o)
    0x08000262   0x00000000   Code   RO         3930    .ARM.Collect$$libshutdown$$00000002  c_w.l(libshutdown2.o)
    0x08000262   0x00000000   Code   RO         3932    .ARM.Collect$$libshutdown$$00000004  c_w.l(libshutdown2.o)
    0x08000262   0x00000000   Code   RO         3935    .ARM.Collect$$libshutdown$$00000007  c_w.l(libshutdown2.o)
    0x08000262   0x00000000   Code   RO         3938    .ARM.Collect$$libshutdown$$0000000A  c_w.l(libshutdown2.o)
    0x08000262   0x00000000   Code   RO         3940    .ARM.Collect$$libshutdown$$0000000C  c_w.l(libshutdown2.o)
    0x08000262   0x00000000   Code   RO         3943    .ARM.Collect$$libshutdown$$0000000F  c_w.l(libshutdown2.o)
    0x08000262   0x00000002   Code   RO         3944    .ARM.Collect$$libshutdown$$00000010  c_w.l(libshutdown2.o)
    0x08000264   0x00000000   Code   RO         3633    .ARM.Collect$$rtentry$$00000000  c_w.l(__rtentry.o)
    0x08000264   0x00000000   Code   RO         3799    .ARM.Collect$$rtentry$$00000002  c_w.l(__rtentry2.o)
    0x08000264   0x00000006   Code   RO         3811    .ARM.Collect$$rtentry$$00000004  c_w.l(__rtentry4.o)
    0x0800026a   0x00000000   Code   RO         3801    .ARM.Collect$$rtentry$$00000009  c_w.l(__rtentry2.o)
    0x0800026a   0x00000004   Code   RO         3802    .ARM.Collect$$rtentry$$0000000A  c_w.l(__rtentry2.o)
    0x0800026e   0x00000000   Code   RO         3804    .ARM.Collect$$rtentry$$0000000C  c_w.l(__rtentry2.o)
    0x0800026e   0x00000008   Code   RO         3805    .ARM.Collect$$rtentry$$0000000D  c_w.l(__rtentry2.o)
    0x08000276   0x00000002   Code   RO         3917    .ARM.Collect$$rtexit$$00000000  c_w.l(rtexit.o)
    0x08000278   0x00000000   Code   RO         3948    .ARM.Collect$$rtexit$$00000002  c_w.l(rtexit2.o)
    0x08000278   0x00000004   Code   RO         3949    .ARM.Collect$$rtexit$$00000003  c_w.l(rtexit2.o)
    0x0800027c   0x00000006   Code   RO         3950    .ARM.Collect$$rtexit$$00000004  c_w.l(rtexit2.o)
    0x08000282   0x00000002   PAD
    0x08000284   0x00000000   Code   RO         3817    .emb_text           c_w.l(maybetermalloc1.o)
    0x08000284   0x00000040   Code   RO          440  * .text               startup_stm32f10x_md.o
    0x080002c4   0x0000005e   Code   RO         3490    .text               c_w.l(h1_alloc.o)
    0x08000322   0x0000004e   Code   RO         3492    .text               c_w.l(h1_free.o)
    0x08000370   0x00000034   Code   RO         3548    .text               c_w.l(c89vsnprintf.o)
    0x080003a4   0x0000002c   Code   RO         3550    .text               c_w.l(__2sprintf.o)
    0x080003d0   0x00000052   Code   RO         3556    .text               c_w.l(_printf_str.o)
    0x08000422   0x00000002   PAD
    0x08000424   0x00000078   Code   RO         3558    .text               c_w.l(_printf_dec.o)
    0x0800049c   0x00000188   Code   RO         3577    .text               c_w.l(__printf_flags_ss_wp.o)
    0x08000624   0x00000014   Code   RO         3585    .text               c_w.l(strchr.o)
    0x08000638   0x00000024   Code   RO         3587    .text               c_w.l(strncat.o)
    0x0800065c   0x00000024   Code   RO         3589    .text               c_w.l(strstr.o)
    0x08000680   0x00000048   Code   RO         3591    .text               c_w.l(strcpy.o)
    0x080006c8   0x0000003e   Code   RO         3593    .text               c_w.l(strlen.o)
    0x08000706   0x00000018   Code   RO         3595    .text               c_w.l(strcat.o)
    0x0800071e   0x0000008a   Code   RO         3597    .text               c_w.l(rt_memcpy_v6.o)
    0x080007a8   0x00000044   Code   RO         3599    .text               c_w.l(rt_memclr.o)
    0x080007ec   0x0000004e   Code   RO         3601    .text               c_w.l(rt_memclr_w.o)
    0x0800083a   0x00000006   Code   RO         3603    .text               c_w.l(heapauxi.o)
    0x08000840   0x00000008   Code   RO         3637    .text               c_w.l(rt_heap_descriptor_intlibspace.o)
    0x08000848   0x00000004   Code   RO         3644    .text               c_w.l(hguard.o)
    0x0800084c   0x0000008a   Code   RO         3646    .text               c_w.l(init_alloc.o)
    0x080008d6   0x0000000e   Code   RO         3650    .text               c_w.l(h1_init.o)
    0x080008e4   0x0000004e   Code   RO         3664    .text               c_w.l(_printf_pad.o)
    0x08000932   0x00000024   Code   RO         3666    .text               c_w.l(_printf_truncate.o)
    0x08000956   0x000000b2   Code   RO         3668    .text               c_w.l(_printf_intcommon.o)
    0x08000a08   0x00000028   Code   RO         3670    .text               c_w.l(_printf_charcount.o)
    0x08000a30   0x00000030   Code   RO         3672    .text               c_w.l(_printf_char_common.o)
    0x08000a60   0x0000000a   Code   RO         3674    .text               c_w.l(_sputc.o)
    0x08000a6a   0x00000010   Code   RO         3676    .text               c_w.l(_snputc.o)
    0x08000a7a   0x0000002c   Code   RO         3678    .text               c_w.l(_printf_char.o)
    0x08000aa6   0x00000002   PAD
    0x08000aa8   0x000000bc   Code   RO         3680    .text               c_w.l(_printf_wctomb.o)
    0x08000b64   0x0000007c   Code   RO         3683    .text               c_w.l(_printf_longlong_dec.o)
    0x08000be0   0x00000070   Code   RO         3689    .text               c_w.l(_printf_oct_int_ll.o)
    0x08000c50   0x00000094   Code   RO         3709    .text               c_w.l(_printf_hex_int_ll_ptr.o)
    0x08000ce4   0x00000064   Code   RO         3735    .text               c_w.l(rt_memcpy_w.o)
    0x08000d48   0x00000008   Code   RO         3795    .text               c_w.l(libspace.o)
    0x08000d50   0x00000010   Code   RO         3813    .text               c_w.l(rt_ctype_table.o)
    0x08000d60   0x00000034   Code   RO         3819    .text               c_w.l(h1_extend.o)
    0x08000d94   0x0000008a   Code   RO         3823    .text               c_w.l(lludiv10.o)
    0x08000e1e   0x0000041a   Code   RO         3825    .text               c_w.l(_printf_fp_dec.o)
    0x08001238   0x0000002c   Code   RO         3829    .text               c_w.l(_printf_wchar.o)
    0x08001264   0x00000040   Code   RO         3833    .text               c_w.l(_wcrtomb.o)
    0x080012a4   0x0000000e   Code   RO         3835    .text               c_w.l(defsig_rtmem_outer.o)
    0x080012b2   0x00000002   Code   RO         3846    .text               c_w.l(use_no_semi.o)
    0x080012b4   0x00000000   Code   RO         3848    .text               c_w.l(indicate_semi.o)
    0x080012b4   0x0000004a   Code   RO         3849    .text               c_w.l(sys_stackheap_outer.o)
    0x080012fe   0x00000002   PAD
    0x08001300   0x00000008   Code   RO         3856    .text               c_w.l(rt_locale_intlibspace.o)
    0x08001308   0x00000080   Code   RO         3860    .text               c_w.l(_printf_fp_infnan.o)
    0x08001388   0x000000dc   Code   RO         3864    .text               c_w.l(bigflt0.o)
    0x08001464   0x00000012   Code   RO         3895    .text               c_w.l(exit.o)
    0x08001476   0x0000000a   Code   RO         3897    .text               c_w.l(defsig_exit.o)
    0x08001480   0x00000050   Code   RO         3899    .text               c_w.l(defsig_rtmem_inner.o)
    0x080014d0   0x0000000c   Code   RO         3915    .text               c_w.l(sys_exit.o)
    0x080014dc   0x00000032   Code   RO         3925    .text               c_w.l(defsig_general.o)
    0x0800150e   0x00000002   PAD
    0x08001510   0x00000080   Code   RO         3927    .text               c_w.l(strcmpv7m.o)
    0x08001590   0x0000000e   Code   RO         3945    .text               c_w.l(sys_wrch.o)
    0x0800159e   0x0000003e   Code   RO         3867    CL$$btod_d2e        c_w.l(btod.o)
    0x080015dc   0x00000046   Code   RO         3869    CL$$btod_d2e_denorm_low  c_w.l(btod.o)
    0x08001622   0x00000060   Code   RO         3868    CL$$btod_d2e_norm_op1  c_w.l(btod.o)
    0x08001682   0x00000338   Code   RO         3877    CL$$btod_div_common  c_w.l(btod.o)
    0x080019ba   0x000000c6   Code   RO         3874    CL$$btod_e2e        c_w.l(btod.o)
    0x08001a80   0x00000028   Code   RO         3871    CL$$btod_ediv       c_w.l(btod.o)
    0x08001aa8   0x00000028   Code   RO         3870    CL$$btod_emul       c_w.l(btod.o)
    0x08001ad0   0x00000244   Code   RO         3876    CL$$btod_mult_common  c_w.l(btod.o)
    0x08001d14   0x00000004   Code   RO          203    i.BusFault_Handler  stm32f10x_it.o
    0x08001d18   0x00000036   Code   RO         3183    i.ComputeCrc        crc.o
    0x08001d4e   0x00000002   Code   RO          204    i.DebugMon_Handler  stm32f10x_it.o
    0x08001d50   0x0000001c   Code   RO         3385    i.ESP8266_Clear     esp8266.o
    0x08001d6c   0x00000050   Code   RO         3386    i.ESP8266_GetIPD    esp8266.o
    0x08001dbc   0x00000190   Code   RO         3387    i.ESP8266_Init      esp8266.o
    0x08001f4c   0x00000054   Code   RO         3388    i.ESP8266_SendCmd   esp8266.o
    0x08001fa0   0x00000048   Code   RO         3389    i.ESP8266_SendData  esp8266.o
    0x08001fe8   0x00000034   Code   RO         3390    i.ESP8266_WaitRecive  esp8266.o
    0x0800201c   0x00000020   Code   RO         2834    i.EXTI15_10_IRQHandler  gpio.o
    0x0800203c   0x0000000c   Code   RO          619    i.EXTI_ClearITPendingBit  stm32f10x_exti.o
    0x08002048   0x00000028   Code   RO          623    i.EXTI_GetITStatus  stm32f10x_exti.o
    0x08002070   0x00000094   Code   RO          624    i.EXTI_Init         stm32f10x_exti.o
    0x08002104   0x00000040   Code   RO          849    i.GPIO_EXTILineConfig  stm32f10x_gpio.o
    0x08002144   0x00000116   Code   RO          852    i.GPIO_Init         stm32f10x_gpio.o
    0x0800225a   0x00000002   PAD
    0x0800225c   0x00000090   Code   RO          854    i.GPIO_PinRemapConfig  stm32f10x_gpio.o
    0x080022ec   0x00000012   Code   RO          856    i.GPIO_ReadInputDataBit  stm32f10x_gpio.o
    0x080022fe   0x00000004   Code   RO          859    i.GPIO_ResetBits    stm32f10x_gpio.o
    0x08002302   0x00000004   Code   RO          860    i.GPIO_SetBits      stm32f10x_gpio.o
    0x08002306   0x0000000a   Code   RO          863    i.GPIO_WriteBit     stm32f10x_gpio.o
    0x08002310   0x00000004   Code   RO          205    i.HardFault_Handler  stm32f10x_it.o
    0x08002314   0x0000003c   Code   RO            1    i.Hardware_Init     main.o
    0x08002350   0x0000004c   Code   RO         3171    i.LED_Init          led.o
    0x0800239c   0x0000001c   Code   RO         3201    i.MQTT_DeleteBuffer  mqttkit.o
    0x080023b8   0x0000002e   Code   RO         3202    i.MQTT_DumpLength   mqttkit.o
    0x080023e6   0x00000058   Code   RO         3203    i.MQTT_NewBuffer    mqttkit.o
    0x0800243e   0x00000002   PAD
    0x08002440   0x000002a0   Code   RO         3205    i.MQTT_PacketConnect  mqttkit.o
    0x080026e0   0x000001b8   Code   RO         3208    i.MQTT_PacketPublish  mqttkit.o
    0x08002898   0x0000005c   Code   RO         3214    i.MQTT_PacketSaveData  mqttkit.o
    0x080028f4   0x00000046   Code   RO         3217    i.MQTT_ReadLength   mqttkit.o
    0x0800293a   0x0000001e   Code   RO         3219    i.MQTT_UnPacketConnectAck  mqttkit.o
    0x08002958   0x00000074   Code   RO         3225    i.MQTT_UnPacketRecv  mqttkit.o
    0x080029cc   0x0000006e   Code   RO            2    i.McuInit           main.o
    0x08002a3a   0x00000004   Code   RO          206    i.MemManage_Handler  stm32f10x_it.o
    0x08002a3e   0x00000002   Code   RO          207    i.NMI_Handler       stm32f10x_it.o
    0x08002a40   0x00000070   Code   RO          444    i.NVIC_Init         misc.o
    0x08002ab0   0x00000014   Code   RO          445    i.NVIC_PriorityGroupConfig  misc.o
    0x08002ac4   0x0000003e   Code   RO         2951    i.OLED_Clear        oled.o
    0x08002b02   0x00000002   PAD
    0x08002b04   0x00000030   Code   RO         2957    i.OLED_IIC_Start    oled.o
    0x08002b34   0x00000028   Code   RO         2958    i.OLED_IIC_Stop     oled.o
    0x08002b5c   0x0000001c   Code   RO         2959    i.OLED_IIC_Wait_Ack  oled.o
    0x08002b78   0x00000124   Code   RO         2960    i.OLED_Init         oled.o
    0x08002c9c   0x00000028   Code   RO         2967    i.OLED_Set_Pos      oled.o
    0x08002cc4   0x00000068   Code   RO         2968    i.OLED_ShowCHinese  oled.o
    0x08002d2c   0x000000a4   Code   RO         2969    i.OLED_ShowChar     oled.o
    0x08002dd0   0x00000036   Code   RO         2971    i.OLED_ShowString   oled.o
    0x08002e06   0x00000018   Code   RO         2972    i.OLED_WR_Byte      oled.o
    0x08002e1e   0x00000002   PAD
    0x08002e20   0x0000005c   Code   RO         2973    i.OLED_Write_IIC_Byte  oled.o
    0x08002e7c   0x0000002c   Code   RO         2974    i.OLED_Write_IIC_Command  oled.o
    0x08002ea8   0x0000002c   Code   RO         2975    i.OLED_Write_IIC_Data  oled.o
    0x08002ed4   0x0000025c   Code   RO         3444    i.OneNet_DevLink    onenet.o
    0x08003130   0x00000078   Code   RO         3445    i.OneNet_FillBuf    onenet.o
    0x080031a8   0x000000f4   Code   RO         3447    i.OneNet_SendData   onenet.o
    0x0800329c   0x00000058   Code   RO         2861    i.POWER_UP_RESET_CCxx00  rf_task.o
    0x080032f4   0x00000002   Code   RO          208    i.PendSV_Handler    stm32f10x_it.o
    0x080032f6   0x00000002   PAD
    0x080032f8   0x00000020   Code   RO         1166    i.RCC_APB1PeriphClockCmd  stm32f10x_rcc.o
    0x08003318   0x00000020   Code   RO         1168    i.RCC_APB2PeriphClockCmd  stm32f10x_rcc.o
    0x08003338   0x000000d4   Code   RO         1176    i.RCC_GetClocksFreq  stm32f10x_rcc.o
    0x0800340c   0x0000004e   Code   RO         2835    i.RF_INT_EXTI_Init  gpio.o
    0x0800345a   0x0000005a   Code   RO         3184    i.RadioComputeCRC   crc.o
    0x080034b4   0x0000000e   Code   RO            4    i.RadioInit         main.o
    0x080034c2   0x00000002   PAD
    0x080034c4   0x00000234   Code   RO            5    i.Radio_Process     main.o
    0x080036f8   0x00000050   Code   RO         2862    i.ReadBurstReg      rf_task.o
    0x08003748   0x0000003c   Code   RO         2863    i.ReadReg           rf_task.o
    0x08003784   0x0000003c   Code   RO         2864    i.ReadStatus        rf_task.o
    0x080037c0   0x0000006c   Code   RO         2865    i.ReceivePacket     rf_task.o
    0x0800382c   0x00000084   Code   RO         2836    i.RfInit            gpio.o
    0x080038b0   0x0000004c   Code   RO         2866    i.RfSetup           rf_task.o
    0x080038fc   0x00000038   Code   RO            6    i.SE243L_LNA_Enable  main.o
    0x08003934   0x00000034   Code   RO            7    i.SE243L_PA_Enable  main.o
    0x08003968   0x00000038   Code   RO            8    i.SE243L_SLEEP      main.o
    0x080039a0   0x0000003c   Code   RO         2867    i.SPI_read          rf_task.o
    0x080039dc   0x00000050   Code   RO         2868    i.SPI_write         rf_task.o
    0x08003a2c   0x00000002   Code   RO          209    i.SVC_Handler       stm32f10x_it.o
    0x08003a2e   0x00000026   Code   RO         2869    i.SendPacket        rf_task.o
    0x08003a54   0x00000008   Code   RO          266    i.SetSysClock       system_stm32f10x.o
    0x08003a5c   0x000000e0   Code   RO          267    i.SetSysClockTo72   system_stm32f10x.o
    0x08003b3c   0x00000030   Code   RO         2870    i.Strobe            rf_task.o
    0x08003b6c   0x00000028   Code   RO          448    i.SysTick_CLKSourceConfig  misc.o
    0x08003b94   0x00000002   Code   RO          210    i.SysTick_Handler   stm32f10x_it.o
    0x08003b96   0x00000002   PAD
    0x08003b98   0x00000060   Code   RO          269    i.SystemInit        system_stm32f10x.o
    0x08003bf8   0x0000001c   Code   RO          381    i.USART1_IRQHandler  usart.o
    0x08003c14   0x0000004c   Code   RO         3391    i.USART2_IRQHandler  esp8266.o
    0x08003c60   0x00000012   Code   RO         2332    i.USART_ClearFlag   stm32f10x_usart.o
    0x08003c72   0x00000018   Code   RO         2336    i.USART_Cmd         stm32f10x_usart.o
    0x08003c8a   0x0000001a   Code   RO         2339    i.USART_GetFlagStatus  stm32f10x_usart.o
    0x08003ca4   0x00000054   Code   RO         2340    i.USART_GetITStatus  stm32f10x_usart.o
    0x08003cf8   0x0000004a   Code   RO         2342    i.USART_ITConfig    stm32f10x_usart.o
    0x08003d42   0x00000002   PAD
    0x08003d44   0x000000d8   Code   RO         2343    i.USART_Init        stm32f10x_usart.o
    0x08003e1c   0x00000008   Code   RO         2353    i.USART_SendData    stm32f10x_usart.o
    0x08003e24   0x00000004   Code   RO          211    i.UsageFault_Handler  stm32f10x_it.o
    0x08003e28   0x000000b0   Code   RO          382    i.Usart1_Init       usart.o
    0x08003ed8   0x000000ac   Code   RO          383    i.Usart2_Init       usart.o
    0x08003f84   0x00000048   Code   RO          384    i.UsartPrintf       usart.o
    0x08003fcc   0x00000032   Code   RO          385    i.Usart_SendString  usart.o
    0x08003ffe   0x00000002   PAD
    0x08004000   0x00000054   Code   RO         2871    i.WriteBurstReg     rf_task.o
    0x08004054   0x0000003c   Code   RO         2872    i.WriteReg          rf_task.o
    0x08004090   0x00000028   Code   RO         3913    i.__ARM_fpclassify  m_ws.l(fpclassify.o)
    0x080040b8   0x0000000e   Code   RO         3570    i._is_digit         c_w.l(__printf_wp.o)
    0x080040c6   0x00000002   PAD
    0x080040c8   0x00000044   Code   RO          300    i.delay_init        delay.o
    0x0800410c   0x0000004c   Code   RO          301    i.delay_ms          delay.o
    0x08004158   0x00000028   Code   RO         2873    i.halRfWriteRfSettings  rf_task.o
    0x08004180   0x0000009c   Code   RO            9    i.main              main.o
    0x0800421c   0x0000002c   Code   RO         3890    locale$$code        c_w.l(lc_ctype_c.o)
    0x08004248   0x0000002c   Code   RO         3893    locale$$code        c_w.l(lc_numeric_c.o)
    0x08004274   0x00000004   Code   RO         3790    x$fpl$printf1       fz_ws.l(printf1.o)
    0x08004278   0x00000000   Code   RO         3792    x$fpl$usenofp       fz_ws.l(usenofp.o)
    0x08004278   0x0000001c   Data   RO         2874    .constdata          rf_task.o
    0x08004294   0x00000828   Data   RO         2979    .constdata          oled.o
    0x08004abc   0x00000011   Data   RO         3578    .constdata          c_w.l(__printf_flags_ss_wp.o)
    0x08004acd   0x00000003   PAD
    0x08004ad0   0x00000008   Data   RO         3681    .constdata          c_w.l(_printf_wctomb.o)
    0x08004ad8   0x00000028   Data   RO         3710    .constdata          c_w.l(_printf_hex_int_ll_ptr.o)
    0x08004b00   0x00000094   Data   RO         3865    .constdata          c_w.l(bigflt0.o)
    0x08004b94   0x00000020   Data   RO         3975    Region$$Table       anon$$obj.o
    0x08004bb4   0x00000110   Data   RO         3889    locale$$data        c_w.l(lc_ctype_c.o)
    0x08004cc4   0x0000001c   Data   RO         3892    locale$$data        c_w.l(lc_numeric_c.o)


    Execution Region ER_RW (Base: 0x20000000, Size: 0x0000095c, Max: 0xffffffff, ABSOLUTE, COMPRESSED[0x0000036c])

    Base Addr    Size         Type   Attr      Idx    E Section Name        Object

    0x20000000   0x00000014   Data   RW           11    .data               main.o
    0x20000014   0x00000014   Data   RW          270    .data               system_stm32f10x.o
    0x20000028   0x00000004   Data   RW          303    .data               delay.o
    0x2000002c   0x00000014   Data   RW         1196    .data               stm32f10x_rcc.o
    0x20000040   0x00000001   Data   RW         2837    .data               gpio.o
    0x20000041   0x0000000a   Data   RW         2875    .data               rf_task.o
    0x2000004b   0x00000900   Data   RW         2980    .data               oled.o
    0x2000094b   0x00000001   PAD
    0x2000094c   0x00000004   Data   RW         3393    .data               esp8266.o
    0x20000950   0x0000000a   Data   RW         3448    .data               onenet.o


    Execution Region ER_ZI (Base: 0x2000095c, Size: 0x00000784, Max: 0xffffffff, ABSOLUTE)

    Base Addr    Size         Type   Attr      Idx    E Section Name        Object

    0x2000095c   0x0000009e   Zero   RW           10    .bss                main.o
    0x200009fa   0x00000080   Zero   RW         3392    .bss                esp8266.o
    0x20000a7a   0x00000002   PAD
    0x20000a7c   0x00000060   Zero   RW         3796    .bss                c_w.l(libspace.o)
    0x20000adc   0x00000004   PAD
    0x20000ae0   0x00000200   Zero   RW          438    HEAP                startup_stm32f10x_md.o
    0x20000ce0   0x00000400   Zero   RW          437    STACK               startup_stm32f10x_md.o


==============================================================================

Image component sizes


      Code (inc. data)   RO Data    RW Data    ZI Data      Debug   Object Name

       144          0          0          0          0       1679   crc.o
       144         22          0          4          0     206592   delay.o
       792        314          0          4        128       4967   esp8266.o
       242         16          0          1          0       1938   gpio.o
        76          8          0          0          0        467   led.o
      1068        164          0         20        158     234525   main.o
       172         22          0          0          0       1945   misc.o
      1582         20          0          0          0      10079   mqttkit.o
      1036         44       2088       2304          0       8271   oled.o
       968        506          0         10          0       3918   onenet.o
       882         68         28         10          0       8283   rf_task.o
        64         26        236          0       1536        776   startup_stm32f10x_md.o
       200         18          0          0          0       1996   stm32f10x_exti.o
       522         10          0          0          0       5472   stm32f10x_gpio.o
        26          0          0          0          0       3450   stm32f10x_it.o
       276         32          0         20          0       4290   stm32f10x_rcc.o
       450          6          0          0          0       5955   stm32f10x_usart.o
         0          0          0          0          0         32   sys.o
       328         28          0         20          0       1945   system_stm32f10x.o
       498         24          0          0          0       4153   usart.o

    ----------------------------------------------------------------------
      9488       1328       2384       2396       1824     510733   Object Totals
         0          0         32          0          0          0   (incl. Generated)
        18          0          0          3          2          0   (incl. Padding)

    ----------------------------------------------------------------------

      Code (inc. data)   RO Data    RW Data    ZI Data      Debug   Library Member Name

        44          6          0          0          0         84   __2sprintf.o
       100          0          0          0          0          0   __dclz77c.o
         8          0          0          0          0         68   __main.o
       392          4         17          0          0         92   __printf_flags_ss_wp.o
        14          0          0          0          0         68   __printf_wp.o
         0          0          0          0          0          0   __rtentry.o
        12          0          0          0          0          0   __rtentry2.o
         6          0          0          0          0          0   __rtentry4.o
        52          8          0          0          0          0   __scatter.o
        28          0          0          0          0          0   __scatter_zi.o
         6          0          0          0          0          0   _printf_a.o
         6          0          0          0          0          0   _printf_c.o
        44          0          0          0          0        108   _printf_char.o
        48          6          0          0          0         96   _printf_char_common.o
        40          0          0          0          0         68   _printf_charcount.o
         6          0          0          0          0          0   _printf_d.o
       120         16          0          0          0         92   _printf_dec.o
         6          0          0          0          0          0   _printf_e.o
         6          0          0          0          0          0   _printf_f.o
      1050          0          0          0          0        216   _printf_fp_dec.o
       128         16          0          0          0         84   _printf_fp_infnan.o
         6          0          0          0          0          0   _printf_g.o
       148          4         40          0          0        160   _printf_hex_int_ll_ptr.o
         6          0          0          0          0          0   _printf_i.o
       178          0          0          0          0         88   _printf_intcommon.o
        10          0          0          0          0          0   _printf_l.o
         6          0          0          0          0          0   _printf_lc.o
        10          0          0          0          0          0   _printf_ll.o
         6          0          0          0          0          0   _printf_lld.o
         6          0          0          0          0          0   _printf_lli.o
         6          0          0          0          0          0   _printf_llo.o
         6          0          0          0          0          0   _printf_llu.o
         6          0          0          0          0          0   _printf_llx.o
       124         16          0          0          0         92   _printf_longlong_dec.o
         6          0          0          0          0          0   _printf_ls.o
         6          0          0          0          0          0   _printf_n.o
         6          0          0          0          0          0   _printf_o.o
       112          8          0          0          0        124   _printf_oct_int_ll.o
         6          0          0          0          0          0   _printf_p.o
        78          0          0          0          0        108   _printf_pad.o
         0          0          0          0          0          0   _printf_percent.o
         4          0          0          0          0          0   _printf_percent_end.o
         6          0          0          0          0          0   _printf_s.o
        82          0          0          0          0         80   _printf_str.o
        36          0          0          0          0         84   _printf_truncate.o
         6          0          0          0          0          0   _printf_u.o
        44          0          0          0          0        108   _printf_wchar.o
       188          6          8          0          0         92   _printf_wctomb.o
         6          0          0          0          0          0   _printf_x.o
        16          0          0          0          0         68   _snputc.o
        10          0          0          0          0         68   _sputc.o
        64          0          0          0          0         92   _wcrtomb.o
       220          4        148          0          0         96   bigflt0.o
      1910        128          0          0          0        672   btod.o
        52          4          0          0          0         80   c89vsnprintf.o
        10          0          0          0          0         68   defsig_exit.o
        50          0          0          0          0         88   defsig_general.o
        80         58          0          0          0         76   defsig_rtmem_inner.o
        14          0          0          0          0         80   defsig_rtmem_outer.o
        18          0          0          0          0         80   exit.o
        94          0          0          0          0         80   h1_alloc.o
        52          0          0          0          0         68   h1_extend.o
        78          0          0          0          0         80   h1_free.o
        14          0          0          0          0         84   h1_init.o
         6          0          0          0          0        152   heapauxi.o
         4          0          0          0          0        136   hguard.o
         0          0          0          0          0          0   indicate_semi.o
       138          0          0          0          0        168   init_alloc.o
        44         10        272          0          0         76   lc_ctype_c.o
        44         10         28          0          0         76   lc_numeric_c.o
         2          0          0          0          0          0   libinit.o
        38          0          0          0          0          0   libinit2.o
         2          0          0          0          0          0   libshutdown.o
         2          0          0          0          0          0   libshutdown2.o
         8          4          0          0         96         68   libspace.o
       138          0          0          0          0         80   lludiv10.o
         0          0          0          0          0          0   maybetermalloc1.o
        16          4          0          0          0         76   rt_ctype_table.o
         8          4          0          0          0         68   rt_heap_descriptor_intlibspace.o
         8          4          0          0          0         68   rt_locale_intlibspace.o
        68          0          0          0          0         68   rt_memclr.o
        78          0          0          0          0         80   rt_memclr_w.o
       138          0          0          0          0         68   rt_memcpy_v6.o
       100          0          0          0          0         80   rt_memcpy_w.o
         2          0          0          0          0          0   rtexit.o
        10          0          0          0          0          0   rtexit2.o
        24          0          0          0          0         68   strcat.o
        20          0          0          0          0         68   strchr.o
       128          0          0          0          0         68   strcmpv7m.o
        72          0          0          0          0         80   strcpy.o
        62          0          0          0          0         76   strlen.o
        36          0          0          0          0         76   strncat.o
        36          0          0          0          0         80   strstr.o
        12          4          0          0          0         68   sys_exit.o
        74          0          0          0          0         80   sys_stackheap_outer.o
        14          0          0          0          0         76   sys_wrch.o
         2          0          0          0          0         68   use_no_semi.o
         4          0          0          0          0         68   printf1.o
         0          0          0          0          0          0   usenofp.o
        40          0          0          0          0         68   fpclassify.o

    ----------------------------------------------------------------------
      7292        324        516          0        100       5900   Library Totals
        12          0          3          0          4          0   (incl. Padding)

    ----------------------------------------------------------------------

      Code (inc. data)   RO Data    RW Data    ZI Data      Debug   Library Name

      7236        324        513          0         96       5764   c_w.l
         4          0          0          0          0         68   fz_ws.l
        40          0          0          0          0         68   m_ws.l

    ----------------------------------------------------------------------
      7292        324        516          0        100       5900   Library Totals

    ----------------------------------------------------------------------

==============================================================================


      Code (inc. data)   RO Data    RW Data    ZI Data      Debug   

     16780       1652       2900       2396       1924     508153   Grand Totals
     16780       1652       2900        876       1924     508153   ELF Image Totals (compressed)
     16780       1652       2900        876          0          0   ROM Totals

==============================================================================

    Total RO  Size (Code + RO Data)                19680 (  19.22kB)
    Total RW  Size (RW Data + ZI Data)              4320 (   4.22kB)
    Total ROM Size (Code + RO Data + RW Data)      20556 (  20.07kB)

==============================================================================

